[Licensing::Module] Trying to connect to existing licensing client channel...
Built from '6000.4/staging' branch; Version is '6000.4.0f1 (8cf496087c8f) revision 9237654'; Using compiler version '194234433'; Build Type 'Release'
[Licensing::IpcConnector] Successfully connected to: "LicenseClient-pedro" at "2026-09-09T19:41:03.4029051Z"
OS: 'Windows 11  (10.0.26200) CoreSingleLanguage' Language: 'pt' Physical Memory: 32460 MB
BatchMode: 1, IsHumanControllingUs: 0, StartBugReporterOnCrash: 0, Is64bit: 1
System  architecture: x64
Process architecture: x64
Date: 2026-09-09T19:41:03Z

COMMAND LINE ARGUMENTS:
C:\Program Files\Unity\Hub\Editor\6000.4.0f1\Editor\Unity.exe
-batchmode
-nographics
-projectPath
C:\Projetos\Github\rustline
-runTests
-testPlatform
PlayMode
-testFilter
Rustline.Tests.LedgeClimbPlayModeTests
-testResults
C:\Projetos\Github\rustline\TestResults-ledge-play.xml
-logFile
C:\Projetos\Github\rustline\ledge-play.log
Successfully changed project path to: C:\Projetos\Github\rustline
C:/Projetos/Github/rustline
[UnityMemory] Configuration Parameters - Can be set up in boot.config
    "memorysetup-temp-allocator-size-gi-baking-worker=262144"
    "memorysetup-temp-allocator-size-gi-baking-worker=262144"
    "memorysetup-temp-allocator-size-gi-baking-worker=262144"
    "memorysetup-temp-allocator-size-gi-baking-worker=262144"
    "memorysetup-temp-allocator-size-gi-baking-worker=262144"
    "memorysetup-temp-allocator-size-nav-mesh-worker=65536"
    "memorysetup-temp-allocator-size-audio-worker=65536"
    "memorysetup-temp-allocator-size-cloud-worker=32768"
    "memorysetup-temp-allocator-size-gfx=262144"
    "memorysetup-temp-allocator-size-preload-manager=33554432"
    "memorysetup-temp-allocator-size-job-worker=262144"
    "memorysetup-temp-allocator-size-background-worker=32768"
    "memorysetup-allocator-temp-initial-block-size-main=262144"
    "memorysetup-allocator-temp-initial-block-size-worker=262144"
    "memorysetup-bucket-allocator-granularity=16"
    "memorysetup-bucket-allocator-bucket-count=8"
    "memorysetup-bucket-allocator-block-size=33554432"
    "memorysetup-bucket-allocator-block-count=8"
    "memorysetup-main-allocator-block-size=16777216"
    "memorysetup-thread-allocator-block-size=16777216"
    "memorysetup-gfx-main-allocator-block-size=16777216"
    "memorysetup-gfx-thread-allocator-block-size=16777216"
    "memorysetup-cache-allocator-block-size=4194304"
    "memorysetup-typetree-allocator-block-size=2097152"
    "memorysetup-profiler-bucket-allocator-granularity=16"
    "memorysetup-profiler-bucket-allocator-bucket-count=8"
    "memorysetup-profiler-bucket-allocator-block-size=33554432"
    "memorysetup-profiler-bucket-allocator-block-count=8"
    "memorysetup-profiler-allocator-block-size=16777216"
    "memorysetup-profiler-editor-allocator-block-size=1048576"
    "memorysetup-temp-allocator-size-main=16777216"
    "memorysetup-job-temp-allocator-block-size=2097152"
    "memorysetup-job-temp-allocator-block-size-background=1048576"
    "memorysetup-job-temp-allocator-reduction-small-platforms=262144"
Player connection [27976]  Target information:

Player connection [27976]  * "[IP] 192.168.56.1 [Port] 55504 [Flags] 2 [Guid] 3274363461 [EditorId] 3274363461 [Version] 1048832 [Id] WindowsEditor(7,HAL) [Debug] 1 [PackageName] WindowsEditor [ProjectName] Editor" 

Player connection [27976]  * "[IP] 172.18.64.1 [Port] 55504 [Flags] 2 [Guid] 3274363461 [EditorId] 3274363461 [Version] 1048832 [Id] WindowsEditor(7,HAL) [Debug] 1 [PackageName] WindowsEditor [ProjectName] Editor" 

Player connection [27976]  * "[IP] 192.168.2.7 [Port] 55504 [Flags] 2 [Guid] 3274363461 [EditorId] 3274363461 [Version] 1048832 [Id] WindowsEditor(7,HAL) [Debug] 1 [PackageName] WindowsEditor [ProjectName] Editor" 

Unable to join player connection multicast group (err: 10013).
Player connection [27976] Host joined alternative multi-casting on [225.0.0.222:34997]...
Input System module state changed to: Initialized.
[Physics::Module] Initialized fallback backend.
[Physics::Module] Id: 0xdecafbad
[Package Manager] Connected to IPC stream "Upm-44304" after 0.5 seconds.
[Licensing::Module] Licensing is not yet initialized.
[Licensing::Client] Error: HandshakeResponse reported an error:
	ResponseCode: 505
	ResponseStatus: Unsupported protocol version '1.18.1'.
[Licensing::Module] Error: Failed to handshake to channel: "LicenseClient-pedro"
[Licensing::IpcConnector] LicenseClient-pedro channel disconnected successfully.
[Licensing::IpcConnector] Channel LicenseClient-pedro-6000.4.0 doesn't exist
[Licensing::Module] Successfully launched the LicensingClient (PId: 51540)
[Licensing::IpcConnector] Successfully connected to: "LicenseClient-pedro-6000.4.0" at "2026-09-09T19:41:05.365634Z"
[Licensing::Client] Handshaking with LicensingClient:
  Version:                 1.18.1+9fbee8e
  Session Id:              5692abfb689641e09e2b04f4c229dc9f
  Correlation Id:          01bd89d7dd502d8b99d0ac39c9294577
  External correlation Id: 3129551088606043824
  Machine Id:              bVarEh7pdWlrHNQkjgbo2ZGeDds=
[Licensing::Module] Successfully connected to LicensingClient on channel: "LicenseClient-pedro-6000.4.0" (connect: 0.37s, validation: 0.09s, handshake: 1.36s)
[Licensing::IpcConnector] Successfully connected to: "LicenseClient-pedro-6000.4.0-notifications" at "2026-09-09T19:41:06.8188534Z"
[Licensing::Module] Connected to LicensingClient (PId: 51540, launch time: 0.01, total connection time: 1.83s)
[Licensing::Module] Error: Access token is unavailable; failed to update
[Licensing::Client] Successfully resolved entitlement details
[Licensing::Module] License group:
  Id: 4674099990778-UnityPersXXXX
  Product: Unity Personal
  Type: Assigned
  Expiration: Unlimited
[Licensing::Client] Successfully updated license, isAsync: True, time: 0.01
[Licensing::Module] Licensing Background thread has ended after 3.47s
[Licensing::Module] Licensing is initialized (took 2.21s).
[Licensing::Client] Successfully resolved entitlement details
Library Redirect Path: Library/
[Physics::Module] Selected backend.
[Physics::Module] Name: PhysX
[Physics::Module] Id: 0xf2b8ea05
[Physics::Module] SDK Version: 4.1.2
[Physics::Module] Integration Version: 1.0.0
[Physics::Module] Threading Mode: Multi-Threaded
Active build profile path: `Assets/Settings/Build Profiles/Windows.asset`
Got setting from build profile YAML, name `m_BuildTarget`, value `19`
Got setting from build profile YAML, name `m_Subtarget`, value `2`
Initialize engine version: 6000.4.0f1 (8cf496087c8f)
[Subsystems] Discovering subsystems at path C:/Program Files/Unity/Hub/Editor/6000.4.0f1/Editor/Data/Resources/UnitySubsystems
[Subsystems] Discovering subsystems at path C:/Projetos/Github/rustline/Assets
Forcing GfxDevice: Null
GfxDevice: creating device client; kGfxThreadingModeNonThreaded
NullGfxDevice:
    Version:  NULL 1.0 [1.0]
    Renderer: Null Device
    Vendor:   Unity Technologies
Shader Hidden/ChartRasterizerHardware is not supported: GPU does not support conservative rasterization
Initialize mono
Mono path[0] = 'C:/Program Files/Unity/Hub/Editor/6000.4.0f1/Editor/Data/Managed'
Mono path[1] = 'C:/Program Files/Unity/Hub/Editor/6000.4.0f1/Editor/Data/MonoBleedingEdge/lib/mono/unityjit-win32'
Mono config path = 'C:/Program Files/Unity/Hub/Editor/6000.4.0f1/Editor/Data/MonoBleedingEdge/etc'
Using monoOptions --debugger-agent=transport=dt_socket,embedding=1,server=y,suspend=n,address=127.0.0.1:56304
CodeReloadManager initialized
Using cacheserver namespaces - metadata:defaultmetadata, artifacts:defaultartifacts
Using cacheserver namespaces - metadata:defaultmetadata, artifacts:defaultartifacts
ImportWorker Server TCP listen port: 0
AcceleratorClientConnectionCallback - disconnected - :0
Begin MonoManager ReloadAssembly
Registering precompiled unity dll's ...
Register platform support module: C:/Program Files/Unity/Hub/Editor/6000.4.0f1/Editor/Data/PlaybackEngines/WebGLSupport/UnityEditor.WebGL.Extensions.dll
[Licensing::Client] Successfully resolved entitlement details
Register platform support module: C:/Program Files/Unity/Hub/Editor/6000.4.0f1/Editor/Data/PlaybackEngines/VisionOSPlayer/UnityEditor.VisionOS.Extensions.dll
Register platform support module: C:/Program Files/Unity/Hub/Editor/6000.4.0f1/Editor/Data/PlaybackEngines/WindowsStandaloneSupport/UnityEditor.WindowsStandalone.Extensions.dll
[Licensing::Client] Successfully resolved entitlement details
Register platform support module: C:/Program Files/Unity/Hub/Editor/6000.4.0f1/Editor/Data/PlaybackEngines/AndroidPlayer/UnityEditor.Android.Extensions.dll
Register platform support module: C:/Program Files/Unity/Hub/Editor/6000.4.0f1/Editor/Data/PlaybackEngines/iOSSupport/UnityEditor.iOS.Extensions.dll
Register platform support module: C:/Program Files/Unity/Hub/Editor/6000.4.0f1/Editor/Data/PlaybackEngines/AppleTVSupport/UnityEditor.AppleTV.Extensions.dll
Register platform support module: C:/Program Files/Unity/Hub/Editor/6000.4.0f1/Editor/Data/PlaybackEngines/LinuxStandaloneSupport/UnityEditor.LinuxStandalone.Extensions.dll
Registered in 0.021567 seconds.
Native extension for LinuxStandalone target not found
Native extension for AppleTV target not found
Native extension for iOS target not found
Native extension for Android target not found
Android Extension - Scanning For ADB Devices 2338 ms
Native extension for WindowsStandalone target not found
Failed to load: C:/Program Files/Unity/Hub/Editor/6000.4.0f1/Editor/Data/PlaybackEngines/VisionOSPlayer\x64\UnityEditor.VisionOS.Native.dll
Native extension for VisionOS target not found
Native extension for WebGL target not found
Package Manager log level set to [2]
[Licensing::Client] Successfully resolved entitlement details
ScheduleIndexationOnStartup MainProcess:False IndexOnStartup:True
Mono: successfully reloaded assembly
- Finished resetting the current domain, in  6.096 seconds
Domain Reload Profiling: 6604ms
	BeginReloadAssembly (138ms)
		CreateAndSetChildDomain (13ms)
	RebuildCommonClasses (42ms)
	RebuildNativeTypeToScriptingClass (12ms)
	initialDomainReloadingComplete (93ms)
	LoadAllAssembliesAndSetupDomain (223ms)
		LoadAssemblies (124ms)
		AnalyzeDomain (209ms)
			TypeCache.Refresh (206ms)
				TypeCache.ScanAssembly (192ms)
	FinalizeReload (6096ms)
		SetupLoadedEditorAssemblies (0ms)
			InitializePlatformSupportModulesInManaged (2441ms)
			BeforeProcessingInitializeOnLoad (91ms)
			ProcessInitializeOnLoadAttributes (109ms)
			ProcessInitializeOnLoadMethodAttributes (3385ms)
[Licensing::Client] Successfully resolved entitlement details
Application.AssetDatabase Initial Refresh Start
[Package Manager] Restoring resolved packages state from cache
[Licensing::Client] Successfully resolved entitlement details
[Package Manager] Registered 64 packages:
  Packages from [https://packages.unity.com]:
    com.unity.2d.animation@14.0.3 (location: C:\Projetos\Github\rustline\Library\PackageCache\com.unity.2d.animation@a6f2f1d22eb5)
    com.unity.2d.aseprite@4.0.1 (location: C:\Projetos\Github\rustline\Library\PackageCache\com.unity.2d.aseprite@151b68d46c40)
    com.unity.2d.psdimporter@13.0.2 (location: C:\Projetos\Github\rustline\Library\PackageCache\com.unity.2d.psdimporter@11a0e04e0561)
    com.unity.2d.spriteshape@14.0.1 (location: C:\Projetos\Github\rustline\Library\PackageCache\com.unity.2d.spriteshape@da3647ffbbd7)
    com.unity.2d.tilemap.extras@7.0.1 (location: C:\Projetos\Github\rustline\Library\PackageCache\com.unity.2d.tilemap.extras@66df903b3633)
    com.unity.2d.tooling@2.0.1 (location: C:\Projetos\Github\rustline\Library\PackageCache\com.unity.2d.tooling@baa4133dcff2)
    com.unity.collab-proxy@2.11.4 (location: C:\Projetos\Github\rustline\Library\PackageCache\com.unity.collab-proxy@a5329f833fa8)
    com.unity.ide.rider@3.0.39 (location: C:\Projetos\Github\rustline\Library\PackageCache\com.unity.ide.rider@4504839d03f7)
    com.unity.ide.visualstudio@2.0.27 (location: C:\Projetos\Github\rustline\Library\PackageCache\com.unity.ide.visualstudio@dc1ddd4f09b6)
    com.unity.inputsystem@1.19.0 (location: C:\Projetos\Github\rustline\Library\PackageCache\com.unity.inputsystem@21a28c3a6c83)
    com.unity.timeline@1.8.11 (location: C:\Projetos\Github\rustline\Library\PackageCache\com.unity.timeline@bfd27f8016ff)
    com.unity.visualscripting@1.9.10 (location: C:\Projetos\Github\rustline\Library\PackageCache\com.unity.visualscripting@eb6004dcc707)
    com.unity.2d.common@13.0.1 (location: C:\Projetos\Github\rustline\Library\PackageCache\com.unity.2d.common@49d8bea2bff3)
    com.unity.mathematics@1.3.3 (location: C:\Projetos\Github\rustline\Library\PackageCache\com.unity.mathematics@19a9377c4ffa)
    com.unity.searcher@4.9.4 (location: C:\Projetos\Github\rustline\Library\PackageCache\com.unity.searcher@d45a78918735)
    com.unity.burst@1.8.28 (location: C:\Projetos\Github\rustline\Library\PackageCache\com.unity.burst@07790c2d06d9)
    com.unity.nuget.mono-cecil@1.11.6 (location: C:\Projetos\Github\rustline\Library\PackageCache\com.unity.nuget.mono-cecil@ecb9724e46ff)
    com.unity.test-framework.performance@3.2.0 (location: C:\Projetos\Github\rustline\Library\PackageCache\com.unity.test-framework.performance@0840f58e4562)
  Built-in packages:
    com.unity.2d.sprite@1.0.0 (location: C:\Projetos\Github\rustline\Library\PackageCache\com.unity.2d.sprite@929df5adbb1f)
    com.unity.2d.tilemap@1.0.0 (location: C:\Projetos\Github\rustline\Library\PackageCache\com.unity.2d.tilemap@533f309b6f37)
    com.unity.render-pipelines.universal@17.4.0 (location: C:\Projetos\Github\rustline\Library\PackageCache\com.unity.render-pipelines.universal@0c5162adfb45)
    com.unity.test-framework@1.6.0 (location: C:\Projetos\Github\rustline\Library\PackageCache\com.unity.test-framework@629486125cfc)
    com.unity.ugui@2.0.0 (location: C:\Projetos\Github\rustline\Library\PackageCache\com.unity.ugui@3dd2fbd8c1f1)
    com.unity.modules.accessibility@1.0.0 (location: C:\Projetos\Github\rustline\Library\PackageCache\com.unity.modules.accessibility)
    com.unity.modules.adaptiveperformance@1.0.0 (location: C:\Projetos\Github\rustline\Library\PackageCache\com.unity.modules.adaptiveperformance)
    com.unity.modules.ai@1.0.0 (location: C:\Projetos\Github\rustline\Library\PackageCache\com.unity.modules.ai)
    com.unity.modules.androidjni@1.0.0 (location: C:\Projetos\Github\rustline\Library\PackageCache\com.unity.modules.androidjni)
    com.unity.modules.animation@1.0.0 (location: C:\Projetos\Github\rustline\Library\PackageCache\com.unity.modules.animation)
    com.unity.modules.assetbundle@1.0.0 (location: C:\Projetos\Github\rustline\Library\PackageCache\com.unity.modules.assetbundle)
    com.unity.modules.audio@1.0.0 (location: C:\Projetos\Github\rustline\Library\PackageCache\com.unity.modules.audio)
    com.unity.modules.cloth@1.0.0 (location: C:\Projetos\Github\rustline\Library\PackageCache\com.unity.modules.cloth)
    com.unity.modules.director@1.0.0 (location: C:\Projetos\Github\rustline\Library\PackageCache\com.unity.modules.director)
    com.unity.modules.imageconversion@1.0.0 (location: C:\Projetos\Github\rustline\Library\PackageCache\com.unity.modules.imageconversion)
    com.unity.modules.imgui@1.0.0 (location: C:\Projetos\Github\rustline\Library\PackageCache\com.unity.modules.imgui)
    com.unity.modules.jsonserialize@1.0.0 (location: C:\Projetos\Github\rustline\Library\PackageCache\com.unity.modules.jsonserialize)
    com.unity.modules.particlesystem@1.0.0 (location: C:\Projetos\Github\rustline\Library\PackageCache\com.unity.modules.particlesystem)
    com.unity.modules.physics@1.0.0 (location: C:\Projetos\Github\rustline\Library\PackageCache\com.unity.modules.physics)
    com.unity.modules.physics2d@1.0.0 (location: C:\Projetos\Github\rustline\Library\PackageCache\com.unity.modules.physics2d)
    com.unity.modules.screencapture@1.0.0 (location: C:\Projetos\Github\rustline\Library\PackageCache\com.unity.modules.screencapture)
    com.unity.modules.terrain@1.0.0 (location: C:\Projetos\Github\rustline\Library\PackageCache\com.unity.modules.terrain)
    com.unity.modules.terrainphysics@1.0.0 (location: C:\Projetos\Github\rustline\Library\PackageCache\com.unity.modules.terrainphysics)
    com.unity.modules.tilemap@1.0.0 (location: C:\Projetos\Github\rustline\Library\PackageCache\com.unity.modules.tilemap)
    com.unity.modules.ui@1.0.0 (location: C:\Projetos\Github\rustline\Library\PackageCache\com.unity.modules.ui)
    com.unity.modules.uielements@1.0.0 (location: C:\Projetos\Github\rustline\Library\PackageCache\com.unity.modules.uielements)
    com.unity.modules.umbra@1.0.0 (location: C:\Projetos\Github\rustline\Library\PackageCache\com.unity.modules.umbra)
    com.unity.modules.unityanalytics@1.0.0 (location: C:\Projetos\Github\rustline\Library\PackageCache\com.unity.modules.unityanalytics)
    com.unity.modules.unitywebrequest@1.0.0 (location: C:\Projetos\Github\rustline\Library\PackageCache\com.unity.modules.unitywebrequest)
    com.unity.modules.unitywebrequestassetbundle@1.0.0 (location: C:\Projetos\Github\rustline\Library\PackageCache\com.unity.modules.unitywebrequestassetbundle)
    com.unity.modules.unitywebrequestaudio@1.0.0 (location: C:\Projetos\Github\rustline\Library\PackageCache\com.unity.modules.unitywebrequestaudio)
    com.unity.modules.unitywebrequesttexture@1.0.0 (location: C:\Projetos\Github\rustline\Library\PackageCache\com.unity.modules.unitywebrequesttexture)
    com.unity.modules.unitywebrequestwww@1.0.0 (location: C:\Projetos\Github\rustline\Library\PackageCache\com.unity.modules.unitywebrequestwww)
    com.unity.modules.vectorgraphics@1.0.0 (location: C:\Projetos\Github\rustline\Library\PackageCache\com.unity.modules.vectorgraphics)
    com.unity.modules.vehicles@1.0.0 (location: C:\Projetos\Github\rustline\Library\PackageCache\com.unity.modules.vehicles)
    com.unity.modules.video@1.0.0 (location: C:\Projetos\Github\rustline\Library\PackageCache\com.unity.modules.video)
    com.unity.modules.vr@1.0.0 (location: C:\Projetos\Github\rustline\Library\PackageCache\com.unity.modules.vr)
    com.unity.modules.wind@1.0.0 (location: C:\Projetos\Github\rustline\Library\PackageCache\com.unity.modules.wind)
    com.unity.modules.xr@1.0.0 (location: C:\Projetos\Github\rustline\Library\PackageCache\com.unity.modules.xr)
    com.unity.modules.subsystems@1.0.0 (location: C:\Projetos\Github\rustline\Library\PackageCache\com.unity.modules.subsystems)
    com.unity.modules.hierarchycore@1.0.0 (location: C:\Projetos\Github\rustline\Library\PackageCache\com.unity.modules.hierarchycore)
    com.unity.ext.nunit@2.0.5 (location: C:\Projetos\Github\rustline\Library\PackageCache\com.unity.ext.nunit@d8c07649098d)
    com.unity.render-pipelines.core@17.4.0 (location: C:\Projetos\Github\rustline\Library\PackageCache\com.unity.render-pipelines.core@6a60abc179f8)
    com.unity.shadergraph@17.4.0 (location: C:\Projetos\Github\rustline\Library\PackageCache\com.unity.shadergraph@c6e5f4d3afa5)
    com.unity.render-pipelines.universal-config@17.4.0 (location: C:\Projetos\Github\rustline\Library\PackageCache\com.unity.render-pipelines.universal-config@0db4263b9e6b)
    com.unity.collections@6.4.0 (location: C:\Projetos\Github\rustline\Library\PackageCache\com.unity.collections@538ace9075bc)
[Subsystems] No new subsystems found in resolved package list.
[Package Manager] Done registering packages in 0.07 seconds
Starting: C:\Program Files\Unity\Hub\Editor\6000.4.0f1\Editor\Data\Tools\BuildPipeline\bee_backend.exe --ipc --defer-dag-verification --dagfile="Library/Bee/1900b0aEDbg.dag" --continue-on-failure --profile="Library/Bee/backend1.traceevents" ScriptAssemblies
WorkingDir: C:/Projetos/Github/rustline
DisplayProgressbar: Compiling Scripts
ExitCode: 0 Duration: 0s734ms
[ 875/1125  0s] ILPP-Configuration Library/ilpp-configuration.nevergeneratedoutput
*** Tundra build success (0.66 seconds), 1 items updated, 1125 evaluated
AssetDatabase: script compilation time: 1.382478s
Begin MonoManager ReloadAssembly
Assembly Assembly-CSharp-Editor-firstpass.dll at Library/ScriptAssemblies/Assembly-CSharp-Editor-firstpass.dll not valid. Loading of assembly skipped.
Assembly Assembly-CSharp-firstpass.dll at Library/ScriptAssemblies/Assembly-CSharp-firstpass.dll not valid. Loading of assembly skipped.
Assembly Assembly-CSharp.dll at Library/ScriptAssemblies/Assembly-CSharp.dll not valid. Loading of assembly skipped.
Assembly DocCodeExamples.dll at Library/ScriptAssemblies/DocCodeExamples.dll not valid. Loading of assembly skipped.
Assembly TestNewCustomAssembly.dll at Library/ScriptAssemblies/TestNewCustomAssembly.dll not valid. Loading of assembly skipped.
Assembly Unity.2D.Animation.EditorTests.dll at Library/ScriptAssemblies/Unity.2D.Animation.EditorTests.dll not valid. Loading of assembly skipped.
Assembly Unity.2D.Aseprite.EditorTests.dll at Library/ScriptAssemblies/Unity.2D.Aseprite.EditorTests.dll not valid. Loading of assembly skipped.
Assembly Unity.2D.Common.EditorTests.dll at Library/ScriptAssemblies/Unity.2D.Common.EditorTests.dll not valid. Loading of assembly skipped.
Assembly Unity.2D.Psdimporter.EditorTests.dll at Library/ScriptAssemblies/Unity.2D.Psdimporter.EditorTests.dll not valid. Loading of assembly skipped.
Assembly Unity.2D.Sprite.Package.EditorTests.dll at Library/ScriptAssemblies/Unity.2D.Sprite.Package.EditorTests.dll not valid. Loading of assembly skipped.
Assembly Unity.2D.SpriteShape.EditorTests.dll at Library/ScriptAssemblies/Unity.2D.SpriteShape.EditorTests.dll not valid. Loading of assembly skipped.
Assembly Unity.2D.Tilemap.Package.EditorTests.dll at Library/ScriptAssemblies/Unity.2D.Tilemap.Package.EditorTests.dll not valid. Loading of assembly skipped.
Assembly Unity.Collections.BurstCompatibilityGen.dll at Library/ScriptAssemblies/Unity.Collections.BurstCompatibilityGen.dll not valid. Loading of assembly skipped.
Assembly Unity.Collections.DocCodeSamples.dll at Library/ScriptAssemblies/Unity.Collections.DocCodeSamples.dll not valid. Loading of assembly skipped.
Assembly Unity.Collections.PerformanceTests.dll at Library/ScriptAssemblies/Unity.Collections.PerformanceTests.dll not valid. Loading of assembly skipped.
Assembly Unity.Collections.Tests.dll at Library/ScriptAssemblies/Unity.Collections.Tests.dll not valid. Loading of assembly skipped.
Assembly Unity.Collections.Tests.Playmode.dll at Library/ScriptAssemblies/Unity.Collections.Tests.Playmode.dll not valid. Loading of assembly skipped.
Assembly Unity.InputSystem.IntegrationTests.dll at Library/ScriptAssemblies/Unity.InputSystem.IntegrationTests.dll not valid. Loading of assembly skipped.
Assembly Unity.Mathematics.Tests.dll at Library/ScriptAssemblies/Unity.Mathematics.Tests.dll not valid. Loading of assembly skipped.
Assembly Unity.Nuget.Mono-Cecil.dll at Library/ScriptAssemblies/Unity.Nuget.Mono-Cecil.dll not valid. Loading of assembly skipped.
Assembly Unity.PathTracing.Editor.Tests.dll at Library/ScriptAssemblies/Unity.PathTracing.Editor.Tests.dll not valid. Loading of assembly skipped.
Assembly Unity.PathTracing.Runtime.Tests.dll at Library/ScriptAssemblies/Unity.PathTracing.Runtime.Tests.dll not valid. Loading of assembly skipped.
Assembly Unity.RenderPipelines.Core.Editor.Tests.dll at Library/ScriptAssemblies/Unity.RenderPipelines.Core.Editor.Tests.dll not valid. Loading of assembly skipped.
Assembly Unity.RenderPipelines.Core.Runtime.Tests.dll at Library/ScriptAssemblies/Unity.RenderPipelines.Core.Runtime.Tests.dll not valid. Loading of assembly skipped.
Assembly Unity.RenderPipelines.Universal.Config.Editor.Tests.dll at Library/ScriptAssemblies/Unity.RenderPipelines.Universal.Config.Editor.Tests.dll not valid. Loading of assembly skipped.
Assembly Unity.RenderPipelines.Universal.Editor.Tests.dll at Library/ScriptAssemblies/Unity.RenderPipelines.Universal.Editor.Tests.dll not valid. Loading of assembly skipped.
Assembly Unity.RenderPipelines.Universal.Runtime.Tests.dll at Library/ScriptAssemblies/Unity.RenderPipelines.Universal.Runtime.Tests.dll not valid. Loading of assembly skipped.
Assembly Unity.Searcher.EditorTests.dll at Library/ScriptAssemblies/Unity.Searcher.EditorTests.dll not valid. Loading of assembly skipped.
Assembly Unity.ShaderGraph.Editor.Tests.dll at Library/ScriptAssemblies/Unity.ShaderGraph.Editor.Tests.dll not valid. Loading of assembly skipped.
Assembly Unity.TextMeshPro.Editor.Tests.dll at Library/ScriptAssemblies/Unity.TextMeshPro.Editor.Tests.dll not valid. Loading of assembly skipped.
Assembly Unity.TextMeshPro.Tests.dll at Library/ScriptAssemblies/Unity.TextMeshPro.Tests.dll not valid. Loading of assembly skipped.
Assembly Unity.UnifiedRayTracing.Editor.Tests.dll at Library/ScriptAssemblies/Unity.UnifiedRayTracing.Editor.Tests.dll not valid. Loading of assembly skipped.
Assembly UnityEditor.UI.Common.Tests.dll at Library/ScriptAssemblies/UnityEditor.UI.Common.Tests.dll not valid. Loading of assembly skipped.
Assembly UnityEditor.UI.EditorTests.dll at Library/ScriptAssemblies/UnityEditor.UI.EditorTests.dll not valid. Loading of assembly skipped.
Assembly UnityEngine.UI.Tests.dll at Library/ScriptAssemblies/UnityEngine.UI.Tests.dll not valid. Loading of assembly skipped.
Refreshing native plugins compatible for Editor in 2.57 ms, found 4 plugins.
Native extension for LinuxStandalone target not found
Native extension for AppleTV target not found
Native extension for iOS target not found
Native extension for Android target not found
Native extension for WindowsStandalone target not found
Failed to load: C:/Program Files/Unity/Hub/Editor/6000.4.0f1/Editor/Data/PlaybackEngines/VisionOSPlayer\x64\UnityEditor.VisionOS.Native.dll
Native extension for VisionOS target not found
Native extension for WebGL target not found
ScheduleIndexationOnStartup MainProcess:True IndexOnStartup:True
Mono: successfully reloaded assembly
- Finished resetting the current domain, in  5.301 seconds
Domain Reload Profiling: 6677ms
	BeginReloadAssembly (381ms)
		DisableScriptedObjects (54ms)
		CreateAndSetChildDomain (164ms)
	RebuildCommonClasses (49ms)
	RebuildNativeTypeToScriptingClass (21ms)
	initialDomainReloadingComplete (64ms)
	LoadAllAssembliesAndSetupDomain (861ms)
		LoadAssemblies (637ms)
		AnalyzeDomain (319ms)
			TypeCache.Refresh (234ms)
				TypeCache.ScanAssembly (212ms)
			BuildScriptInfoCaches (70ms)
			ResolveRequiredComponents (13ms)
	FinalizeReload (5301ms)
		SetupLoadedEditorAssemblies (0ms)
			InitializePlatformSupportModulesInManaged (50ms)
			BeforeProcessingInitializeOnLoad (314ms)
			ProcessInitializeOnLoadAttributes (4435ms)
			ProcessInitializeOnLoadMethodAttributes (171ms)
			AfterProcessingInitializeOnLoad (6ms)
		AwakeInstancesAfterBackupRestoration (27ms)
(Values over 0.050ms)
Asset Pipeline Refresh (id=01882efb7bfaa104c8bdb3ead477a6e8): Total: 9.015 seconds - Initiated by InitialRefreshV2(ForceSynchronousImport)
	Summary:
		Imports: total=0 (actual=0, local cache=0, cache server=0)
		Asset DB Process Time: managed=0 ms, native=6011 ms
		Asset DB Callback time: managed=43 ms, native=76 ms
		Scripting: domain reloads=1, domain reload time=1381 ms, compile time=1384 ms, other=117 ms
		Project Asset Count: scripts=1531, non-scripts=3261
		Asset File Changes: new=0, changed=0, moved=0, deleted=0
		Scan Filter Count: 0
	InvokePackagesCallback: 79.135ms
	ApplyChangesToAssetFolders: 1.539ms
	Scan: 229.931ms
	CategorizeScriptCompilationAssets: 50.702ms
	ProcessAssetsWithTransientArtifactChanges: 82.995ms
	CategorizeAssets: 72.230ms
	CompileScripts: 1384.033ms
	ImportOutOfDateAssets: 5319.889ms (5314.403ms without children)
		UnloadImportedAssets: 2.311ms
		EnsureUptoDateAssetsAreRegisteredWithGuidPM: 1.433ms
		OnDemandSchedulerStart: 1.701ms
	PostProcessAllAssets: 43.140ms
		MonoPostProcessAllAssets: 43.067ms
			UniversalRenderPipelineGlobalSettingsPostprocessor.OnPostprocessAllAssets 13.751ms
			SyncVS.PostprocessSyncProject 5.123ms
			WindowAssetPostprocessingWatcher.OnPostprocessAllAssets 2.758ms
			SpeedTree9Postprocessor.OnPostprocessAllAssets 2.537ms
			RenderPipelineGlobalSettingsPostprocessor.OnPostprocessAllAssets 0.724ms
			InputActionAssetPostprocessor.OnPostprocessAllAssets 0.340ms
			TerrainToolbarOverlayPostProcessor.OnPostprocessAllAssets 0.330ms
			ProjectSettingsPostprocessor.OnPostprocessAllAssets 0.278ms
			ReferencedClipsPostProcessor.OnPostprocessAllAssets 0.271ms
			AssetDatabaseCallbacks.OnPostprocessAllAssets 0.226ms
	UnloadStreamsBegin: 2.609ms
	PersistCurrentRevisions: 0.139ms
	GenerateScriptTypeHashes: 4.088ms
	GenerateScriptTypeSerializationHashes: 6.624ms
	Untracked: 1739.705ms

Application.AssetDatabase Initial Refresh End
Shader Hidden/ChartRasterizerHardware is not supported: GPU does not support conservative rasterization
Scanning for USB devices : 4.747ms
Initializing Unity extensions:
[MODES] ModeService[none].Initialize
[MODES] ModeService[none].LoadModes
[MODES] Loading mode Default (0) for mode-current-id-rustline
Unloading 27 Unused Serialized files (Serialized files now loaded: 0)
Unloading 7041 unused Assets / (1.5 MB). Loaded Objects now: 7920.
Memory consumption went from 214.8 MB to 213.3 MB.
Total: 11.774100 ms (FindLiveObjects: 1.514900 ms CreateObjectMapping: 1.498300 ms MarkObjects: 7.194600 ms  DeleteObjects: 1.556800 ms)

Microsoft Media Foundation video decoding to texture disabled: graphics device is Null, only Direct3D 11 and Direct3D 12 (only on desktop) are supported for hardware-accelerated video decoding.
[Project] Loading completed in 23.853 seconds
	Project init time: 				21.208 seconds
		Template init time: 		0.000 seconds
		Package Manager init time: 		2.690 seconds
		Asset Database init time: 		1.797 seconds
		Global illumination init time: 	0.002 seconds
		Assemblies load time: 			6.646 seconds
		Unity extensions init time: 	0.031 seconds
		Asset Database refresh time: 	9.015 seconds
	Scene opening time: 			1.880 seconds
##utp:{"type":"ProjectInfo","version":2,"phase":"Immediate","time":1788982887242,"processId":44304,"projectLoad":23.8527589,"projectInit":21.2076982,"templateInit":0.0,"packageManagerInit":2.6895798,"assetDatabaseInit":1.7974053,"globalIlluminationInit":0.0023006,"assembliesLoad":6.6462203,"unityExtensionsInit":0.0311274,"assetDatabaseRefresh":9.0153345,"sceneOpening":1.8797662}
##utp:{"type":"EditorInfo","version":2,"phase":"Immediate","time":1788982887242,"processId":44304,"editorVersion":"6000.4.0f1 (8cf496087c8f)","branch":"6000.4/staging","buildType":"Release","platform":"Windows"}
Asset Pipeline Refresh (id=22517083aa6d32c41941c6ddfd71af87): Total: 0.078 seconds - Initiated by RefreshV2(ForceSynchronousImport)
[Licensing::Client] Successfully resolved entitlement details
[Licensing::Client] Successfully resolved entitlement details
Running tests for ExecutionSettings with details:
targetPlatform = 
playerHeartbeatTimeout = 600
filters[0] = 
   Filter with settings:
   testMode = PlayMode
   targetPlatform = 
   testNames = null
   groupNames = Rustline.Tests.LedgeClimbPlayModeTests
   categoryNames = null
   assemblyNames = null
ignoreTests = {}
featureFlags = null

UnityEngine.Debug:ExtractStackTraceNoAlloc (byte*,int,string)
UnityEngine.StackTraceUtility:ExtractStackTrace ()
UnityEngine.DebugLogHandler:Internal_Log (UnityEngine.LogType,UnityEngine.LogOption,string,UnityEngine.Object)
UnityEngine.DebugLogHandler:LogFormat (UnityEngine.LogType,UnityEngine.Object,string,object[])
UnityEngine.Logger:Log (UnityEngine.LogType,object)
UnityEngine.Debug:Log (object)
UnityEditor.TestTools.TestRunner.CommandLineTest.Executer:InitializeAndExecuteRun (string[]) (at ./Library/PackageCache/com.unity.test-framework@629486125cfc/UnityEditor.TestRunner/CommandLineTest/Executer.cs:53)
UnityEditor.TestTools.TestRunner.CommandLineTest.TestStarter:InitializeAndExecuteRun () (at ./Library/PackageCache/com.unity.test-framework@629486125cfc/UnityEditor.TestRunner/CommandLineTest/TestStarter.cs:64)
UnityEditor.EditorApplication:Internal_CallUpdateFunctions ()

(Filename: ./Library/PackageCache/com.unity.test-framework@629486125cfc/UnityEditor.TestRunner/CommandLineTest/Executer.cs Line: 53)

Start Indexing on Editor startup
[Indexing] Starting Initial Indexing for Assets
[UnityConnectServicesConfig] config is NOT valid, switching to default
Created GICache directory at C:/Users/pedro/AppData/LocalLow/Unity/Caches/GiCache. Took: 0.092s, timestamps: [23.857 - 23.949]
Unloading 1 Unused Serialized files (Serialized files now loaded: 0)
Unloading 1 unused Assets / (55.6 KB). Loaded Objects now: 7942.
Memory consumption went from 192.5 MB to 192.5 MB.
Total: 7.643300 ms (FindLiveObjects: 0.272500 ms CreateObjectMapping: 0.125000 ms MarkObjects: 7.206400 ms  DeleteObjects: 0.038200 ms)

Start importing Assets/InitTestScene43f1a044-bfe2-44ab-83a8-a23625b1ce74.unity using Guid(ed4339472dd22234e83f4873c2cca6e8) (DefaultImporter) -> (Import Result ID: '2fbc9db4c3913edd2ab016ce579af8f7') in 0.0239791 seconds [static dependencies only]. Details - ImportResultOutputID=cdfb582e9f9b7b20e1ce3e7d3eee5a8d DependenciesID=ef59766b4d498c658746e96681222958 StaticDependenciesID=8e639916c606edcf64042beccc83ae2f 
Refreshing native plugins compatible for Editor in 6.86 ms, found 4 plugins.
(Values over 0.050ms)
Asset Pipeline Refresh (id=fdd33b2c8b43d564a897f3ea193ad316): Total: 0.385 seconds - Initiated by StopAssetImportingV2(NoUpdateAssetOptions)
	Summary:
		Imports: total=1 (actual=1, local cache=0, cache server=0)
		Asset DB Process Time: managed=10 ms, native=89 ms
		Asset DB Callback time: managed=272 ms, native=12 ms
		Scripting: domain reloads=0, domain reload time=0 ms, compile time=0 ms, other=0 ms
		Project Asset Count: scripts=1531, non-scripts=3262
		Asset File Changes: new=1, changed=1, moved=0, deleted=0
		Scan Filter Count: 2
	ApplyChangesToAssetFolders: 0.331ms
	Scan: 32.321ms
	OnSourceAssetsModified: 2.194ms
	ProcessAssetsWithTransientArtifactChanges: 0.157ms
	CategorizeAssets: 25.990ms
	ImportOutOfDateAssets: 33.975ms (1.811ms without children)
		ImportManagerImport: 30.281ms (5.950ms without children)
		UnloadImportedAssets: 0.281ms
		EnsureUptoDateAssetsAreRegisteredWithGuidPM: 1.009ms
		OnDemandSchedulerStart: 0.535ms
	PostProcessAllAssets: 272.506ms
		XRBuildSystem.XRAssetImported 4.250ms
		MonoPostProcessAllAssets: 267.657ms
			AssetPostprocessor.OnPostprocessAllAssets 145.775ms
			StyleCatalogPostProcessor.OnPostprocessAllAssets 72.532ms
			BuilderAssetPostprocessor.OnPostprocessAllAssets 9.416ms
			ShaderGraphAssetPostProcessor.OnPostprocessAllAssets 5.782ms
			SyncVS.PostprocessSyncProject 2.725ms
			RetainedModeAssetPostprocessor.OnPostprocessAllAssets 2.540ms
			SpriteEditorTexturePostprocessor.OnPostprocessAllAssets 2.513ms
			MaterialPostprocessor.OnPostprocessAllAssets 2.093ms
			TextAssetPostProcessor.OnPostprocessAllAssets 2.081ms
			AssetProcessor.OnPostprocessAllAssets 2.005ms
			AssetChangedListener.OnPostprocessAllAssets 1.615ms
			PostProcessor.OnPostprocessAllAssets 1.102ms
			ConfigAssetsTracker.OnPostprocessAllAssets 1.051ms
			AssetEvents.OnPostprocessAllAssets 1.038ms
			SpriteLibraryAssetPostprocessor.OnPostprocessAllAssets 1.038ms
			SpriteShapeAssetPostProcessor.OnPostprocessAllAssets 0.983ms
			ArtifactBrowserPostProcessor.OnPostprocessAllAssets 0.822ms
			InputActionJsonNameModifierAssetProcessor.OnPostprocessAllAssets 0.798ms
			SamplePostprocessor.OnPostprocessAllAssets 0.794ms
			TMPro_TexturePostProcessor.OnPostprocessAllAssets 0.762ms
			SpeedTreePostProcessor.OnPostprocessAllAssets 0.735ms
			UVCSAssetPostprocessor.OnPostprocessAllAssets 0.694ms
			InputActionAssetPostprocessor.OnPostprocessAllAssets 0.620ms
			PSDImportPostProcessor.OnPostprocessAllAssets 0.516ms
			PSDImporterAssetPostProcessor.OnPostprocessAllAssets 0.411ms
			AudioMixerPostprocessor.OnPostprocessAllAssets 0.283ms
			TerrainToolbarOverlayPostProcessor.OnPostprocessAllAssets 0.252ms
			RenderPipelineGlobalSettingsPostprocessor.OnPostprocessAllAssets 0.165ms
			ScenarioDriftAssetsTracker.OnPostprocessAllAssets 0.153ms
			AudioContainerPostProcessor.OnPostprocessAllAssets 0.075ms
			SpeedTree9Postprocessor.OnPostprocessAllAssets 0.068ms
	PostAssetChangesProfiler: 10.295ms
	GatherAllCurrentPrimaryImportResultRevisions: 0.540ms
	PersistCurrentRevisions: 0.757ms
	UnloadStreamsEnd: 0.119ms
	Untracked: 6.037ms

Executing IPrebuildSetup for: Unity.PerformanceTesting.Editor.TestRunBuilder.
UnityEngine.Debug:ExtractStackTraceNoAlloc (byte*,int,string)
UnityEngine.StackTraceUtility:ExtractStackTrace ()
UnityEngine.DebugLogHandler:Internal_Log (UnityEngine.LogType,UnityEngine.LogOption,string,UnityEngine.Object)
UnityEngine.DebugLogHandler:LogFormat (UnityEngine.LogType,UnityEngine.Object,string,object[])
UnityEngine.Logger:Log (UnityEngine.LogType,object)
UnityEngine.Debug:Log (object)
UnityEditor.TestTools.TestRunner.TestRun.Tasks.BuildActionTaskBase`1/<ExecuteMethods>d__8<UnityEngine.TestTools.IPrebuildSetup>:MoveNext () (at ./Library/PackageCache/com.unity.test-framework@629486125cfc/UnityEditor.TestRunner/TestRun/Tasks/BuildActionTaskBase.cs:48)
UnityEditor.TestTools.TestRunner.TestRun.Tasks.BuildActionTaskBase`1/<Execute>d__7<UnityEngine.TestTools.IPrebuildSetup>:MoveNext () (at ./Library/PackageCache/com.unity.test-framework@629486125cfc/UnityEditor.TestRunner/TestRun/Tasks/BuildActionTaskBase.cs:34)
UnityEditor.TestTools.TestRunner.TestRun.TestJobRunner:ExecuteStep () (at ./Library/PackageCache/com.unity.test-framework@629486125cfc/UnityEditor.TestRunner/TestRun/TestJobRunner.cs:173)
UnityEditor.TestTools.TestRunner.TestRun.TestJobRunner:ExecuteCallback () (at ./Library/PackageCache/com.unity.test-framework@629486125cfc/UnityEditor.TestRunner/TestRun/TestJobRunner.cs:108)
UnityEditor.EditorApplication:Internal_CallUpdateFunctions ()

(Filename: ./Library/PackageCache/com.unity.test-framework@629486125cfc/UnityEditor.TestRunner/TestRun/Tasks/BuildActionTaskBase.cs Line: 48)

SpriteAtlasPacking completed in 0.010135 sec
Reloading assemblies for play mode.
Reloading assemblies after forced synchronous recompile.
Assembly Assembly-CSharp-Editor-firstpass.dll at Library/ScriptAssemblies/Assembly-CSharp-Editor-firstpass.dll not valid. Loading of assembly skipped.
Assembly Assembly-CSharp-firstpass.dll at Library/ScriptAssemblies/Assembly-CSharp-firstpass.dll not valid. Loading of assembly skipped.
Assembly Assembly-CSharp.dll at Library/ScriptAssemblies/Assembly-CSharp.dll not valid. Loading of assembly skipped.
Assembly DocCodeExamples.dll at Library/ScriptAssemblies/DocCodeExamples.dll not valid. Loading of assembly skipped.
Assembly TestNewCustomAssembly.dll at Library/ScriptAssemblies/TestNewCustomAssembly.dll not valid. Loading of assembly skipped.
Assembly Unity.2D.Animation.EditorTests.dll at Library/ScriptAssemblies/Unity.2D.Animation.EditorTests.dll not valid. Loading of assembly skipped.
Assembly Unity.2D.Aseprite.EditorTests.dll at Library/ScriptAssemblies/Unity.2D.Aseprite.EditorTests.dll not valid. Loading of assembly skipped.
Assembly Unity.2D.Common.EditorTests.dll at Library/ScriptAssemblies/Unity.2D.Common.EditorTests.dll not valid. Loading of assembly skipped.
Assembly Unity.2D.Psdimporter.EditorTests.dll at Library/ScriptAssemblies/Unity.2D.Psdimporter.EditorTests.dll not valid. Loading of assembly skipped.
Assembly Unity.2D.Sprite.Package.EditorTests.dll at Library/ScriptAssemblies/Unity.2D.Sprite.Package.EditorTests.dll not valid. Loading of assembly skipped.
Assembly Unity.2D.SpriteShape.EditorTests.dll at Library/ScriptAssemblies/Unity.2D.SpriteShape.EditorTests.dll not valid. Loading of assembly skipped.
Assembly Unity.2D.Tilemap.Package.EditorTests.dll at Library/ScriptAssemblies/Unity.2D.Tilemap.Package.EditorTests.dll not valid. Loading of assembly skipped.
Assembly Unity.Collections.BurstCompatibilityGen.dll at Library/ScriptAssemblies/Unity.Collections.BurstCompatibilityGen.dll not valid. Loading of assembly skipped.
Assembly Unity.Collections.DocCodeSamples.dll at Library/ScriptAssemblies/Unity.Collections.DocCodeSamples.dll not valid. Loading of assembly skipped.
Assembly Unity.Collections.PerformanceTests.dll at Library/ScriptAssemblies/Unity.Collections.PerformanceTests.dll not valid. Loading of assembly skipped.
Assembly Unity.Collections.Tests.dll at Library/ScriptAssemblies/Unity.Collections.Tests.dll not valid. Loading of assembly skipped.
Assembly Unity.Collections.Tests.Playmode.dll at Library/ScriptAssemblies/Unity.Collections.Tests.Playmode.dll not valid. Loading of assembly skipped.
Assembly Unity.InputSystem.IntegrationTests.dll at Library/ScriptAssemblies/Unity.InputSystem.IntegrationTests.dll not valid. Loading of assembly skipped.
Assembly Unity.Mathematics.Tests.dll at Library/ScriptAssemblies/Unity.Mathematics.Tests.dll not valid. Loading of assembly skipped.
Assembly Unity.Nuget.Mono-Cecil.dll at Library/ScriptAssemblies/Unity.Nuget.Mono-Cecil.dll not valid. Loading of assembly skipped.
Assembly Unity.PathTracing.Editor.Tests.dll at Library/ScriptAssemblies/Unity.PathTracing.Editor.Tests.dll not valid. Loading of assembly skipped.
Assembly Unity.PathTracing.Runtime.Tests.dll at Library/ScriptAssemblies/Unity.PathTracing.Runtime.Tests.dll not valid. Loading of assembly skipped.
Assembly Unity.RenderPipelines.Core.Editor.Tests.dll at Library/ScriptAssemblies/Unity.RenderPipelines.Core.Editor.Tests.dll not valid. Loading of assembly skipped.
Assembly Unity.RenderPipelines.Core.Runtime.Tests.dll at Library/ScriptAssemblies/Unity.RenderPipelines.Core.Runtime.Tests.dll not valid. Loading of assembly skipped.
Assembly Unity.RenderPipelines.Universal.Config.Editor.Tests.dll at Library/ScriptAssemblies/Unity.RenderPipelines.Universal.Config.Editor.Tests.dll not valid. Loading of assembly skipped.
Assembly Unity.RenderPipelines.Universal.Editor.Tests.dll at Library/ScriptAssemblies/Unity.RenderPipelines.Universal.Editor.Tests.dll not valid. Loading of assembly skipped.
Assembly Unity.RenderPipelines.Universal.Runtime.Tests.dll at Library/ScriptAssemblies/Unity.RenderPipelines.Universal.Runtime.Tests.dll not valid. Loading of assembly skipped.
Assembly Unity.Searcher.EditorTests.dll at Library/ScriptAssemblies/Unity.Searcher.EditorTests.dll not valid. Loading of assembly skipped.
Assembly Unity.ShaderGraph.Editor.Tests.dll at Library/ScriptAssemblies/Unity.ShaderGraph.Editor.Tests.dll not valid. Loading of assembly skipped.
Assembly Unity.TextMeshPro.Editor.Tests.dll at Library/ScriptAssemblies/Unity.TextMeshPro.Editor.Tests.dll not valid. Loading of assembly skipped.
Assembly Unity.TextMeshPro.Tests.dll at Library/ScriptAssemblies/Unity.TextMeshPro.Tests.dll not valid. Loading of assembly skipped.
Assembly Unity.UnifiedRayTracing.Editor.Tests.dll at Library/ScriptAssemblies/Unity.UnifiedRayTracing.Editor.Tests.dll not valid. Loading of assembly skipped.
Assembly UnityEditor.UI.Common.Tests.dll at Library/ScriptAssemblies/UnityEditor.UI.Common.Tests.dll not valid. Loading of assembly skipped.
Assembly UnityEditor.UI.EditorTests.dll at Library/ScriptAssemblies/UnityEditor.UI.EditorTests.dll not valid. Loading of assembly skipped.
Assembly UnityEngine.UI.Tests.dll at Library/ScriptAssemblies/UnityEngine.UI.Tests.dll not valid. Loading of assembly skipped.
Begin MonoManager ReloadAssembly
Assembly Assembly-CSharp-Editor-firstpass.dll at Library/ScriptAssemblies/Assembly-CSharp-Editor-firstpass.dll not valid. Loading of assembly skipped.
Assembly Assembly-CSharp-firstpass.dll at Library/ScriptAssemblies/Assembly-CSharp-firstpass.dll not valid. Loading of assembly skipped.
Assembly Assembly-CSharp.dll at Library/ScriptAssemblies/Assembly-CSharp.dll not valid. Loading of assembly skipped.
Assembly DocCodeExamples.dll at Library/ScriptAssemblies/DocCodeExamples.dll not valid. Loading of assembly skipped.
Assembly TestNewCustomAssembly.dll at Library/ScriptAssemblies/TestNewCustomAssembly.dll not valid. Loading of assembly skipped.
Assembly Unity.2D.Animation.EditorTests.dll at Library/ScriptAssemblies/Unity.2D.Animation.EditorTests.dll not valid. Loading of assembly skipped.
Assembly Unity.2D.Aseprite.EditorTests.dll at Library/ScriptAssemblies/Unity.2D.Aseprite.EditorTests.dll not valid. Loading of assembly skipped.
Assembly Unity.2D.Common.EditorTests.dll at Library/ScriptAssemblies/Unity.2D.Common.EditorTests.dll not valid. Loading of assembly skipped.
Assembly Unity.2D.Psdimporter.EditorTests.dll at Library/ScriptAssemblies/Unity.2D.Psdimporter.EditorTests.dll not valid. Loading of assembly skipped.
Assembly Unity.2D.Sprite.Package.EditorTests.dll at Library/ScriptAssemblies/Unity.2D.Sprite.Package.EditorTests.dll not valid. Loading of assembly skipped.
Assembly Unity.2D.SpriteShape.EditorTests.dll at Library/ScriptAssemblies/Unity.2D.SpriteShape.EditorTests.dll not valid. Loading of assembly skipped.
Assembly Unity.2D.Tilemap.Package.EditorTests.dll at Library/ScriptAssemblies/Unity.2D.Tilemap.Package.EditorTests.dll not valid. Loading of assembly skipped.
Assembly Unity.Collections.BurstCompatibilityGen.dll at Library/ScriptAssemblies/Unity.Collections.BurstCompatibilityGen.dll not valid. Loading of assembly skipped.
Assembly Unity.Collections.DocCodeSamples.dll at Library/ScriptAssemblies/Unity.Collections.DocCodeSamples.dll not valid. Loading of assembly skipped.
Assembly Unity.Collections.PerformanceTests.dll at Library/ScriptAssemblies/Unity.Collections.PerformanceTests.dll not valid. Loading of assembly skipped.
Assembly Unity.Collections.Tests.dll at Library/ScriptAssemblies/Unity.Collections.Tests.dll not valid. Loading of assembly skipped.
Assembly Unity.Collections.Tests.Playmode.dll at Library/ScriptAssemblies/Unity.Collections.Tests.Playmode.dll not valid. Loading of assembly skipped.
Assembly Unity.InputSystem.IntegrationTests.dll at Library/ScriptAssemblies/Unity.InputSystem.IntegrationTests.dll not valid. Loading of assembly skipped.
Assembly Unity.Mathematics.Tests.dll at Library/ScriptAssemblies/Unity.Mathematics.Tests.dll not valid. Loading of assembly skipped.
Assembly Unity.Nuget.Mono-Cecil.dll at Library/ScriptAssemblies/Unity.Nuget.Mono-Cecil.dll not valid. Loading of assembly skipped.
Assembly Unity.PathTracing.Editor.Tests.dll at Library/ScriptAssemblies/Unity.PathTracing.Editor.Tests.dll not valid. Loading of assembly skipped.
Assembly Unity.PathTracing.Runtime.Tests.dll at Library/ScriptAssemblies/Unity.PathTracing.Runtime.Tests.dll not valid. Loading of assembly skipped.
Assembly Unity.RenderPipelines.Core.Editor.Tests.dll at Library/ScriptAssemblies/Unity.RenderPipelines.Core.Editor.Tests.dll not valid. Loading of assembly skipped.
Assembly Unity.RenderPipelines.Core.Runtime.Tests.dll at Library/ScriptAssemblies/Unity.RenderPipelines.Core.Runtime.Tests.dll not valid. Loading of assembly skipped.
Assembly Unity.RenderPipelines.Universal.Config.Editor.Tests.dll at Library/ScriptAssemblies/Unity.RenderPipelines.Universal.Config.Editor.Tests.dll not valid. Loading of assembly skipped.
Assembly Unity.RenderPipelines.Universal.Editor.Tests.dll at Library/ScriptAssemblies/Unity.RenderPipelines.Universal.Editor.Tests.dll not valid. Loading of assembly skipped.
Assembly Unity.RenderPipelines.Universal.Runtime.Tests.dll at Library/ScriptAssemblies/Unity.RenderPipelines.Universal.Runtime.Tests.dll not valid. Loading of assembly skipped.
Assembly Unity.Searcher.EditorTests.dll at Library/ScriptAssemblies/Unity.Searcher.EditorTests.dll not valid. Loading of assembly skipped.
Assembly Unity.ShaderGraph.Editor.Tests.dll at Library/ScriptAssemblies/Unity.ShaderGraph.Editor.Tests.dll not valid. Loading of assembly skipped.
Assembly Unity.TextMeshPro.Editor.Tests.dll at Library/ScriptAssemblies/Unity.TextMeshPro.Editor.Tests.dll not valid. Loading of assembly skipped.
Assembly Unity.TextMeshPro.Tests.dll at Library/ScriptAssemblies/Unity.TextMeshPro.Tests.dll not valid. Loading of assembly skipped.
Assembly Unity.UnifiedRayTracing.Editor.Tests.dll at Library/ScriptAssemblies/Unity.UnifiedRayTracing.Editor.Tests.dll not valid. Loading of assembly skipped.
Assembly UnityEditor.UI.Common.Tests.dll at Library/ScriptAssemblies/UnityEditor.UI.Common.Tests.dll not valid. Loading of assembly skipped.
Assembly UnityEditor.UI.EditorTests.dll at Library/ScriptAssemblies/UnityEditor.UI.EditorTests.dll not valid. Loading of assembly skipped.
Assembly UnityEngine.UI.Tests.dll at Library/ScriptAssemblies/UnityEngine.UI.Tests.dll not valid. Loading of assembly skipped.
Refreshing native plugins compatible for Editor in 2.08 ms, found 4 plugins.
Native extension for LinuxStandalone target not found
Native extension for AppleTV target not found
Native extension for iOS target not found
Native extension for Android target not found
Native extension for WindowsStandalone target not found
Failed to load: C:/Program Files/Unity/Hub/Editor/6000.4.0f1/Editor/Data/PlaybackEngines/VisionOSPlayer\x64\UnityEditor.VisionOS.Native.dll
Native extension for VisionOS target not found
Native extension for WebGL target not found
ScheduleIndexationOnStartup MainProcess:True IndexOnStartup:True
Mono: successfully reloaded assembly
- Finished resetting the current domain, in  2.189 seconds
Domain Reload Profiling: 3448ms
	BeginReloadAssembly (698ms)
		DisableScriptedObjects (80ms)
		CreateAndSetChildDomain (434ms)
	RebuildCommonClasses (39ms)
	RebuildNativeTypeToScriptingClass (16ms)
	initialDomainReloadingComplete (87ms)
	LoadAllAssembliesAndSetupDomain (419ms)
		LoadAssemblies (187ms)
		AnalyzeDomain (337ms)
			TypeCache.Refresh (9ms)
			BuildScriptInfoCaches (283ms)
			ResolveRequiredComponents (43ms)
	FinalizeReload (2189ms)
		SetupLoadedEditorAssemblies (0ms)
			InitializePlatformSupportModulesInManaged (65ms)
			BeforeProcessingInitializeOnLoad (467ms)
			ProcessInitializeOnLoadAttributes (623ms)
			ProcessInitializeOnLoadMethodAttributes (408ms)
			AfterProcessingInitializeOnLoad (8ms)
		AwakeInstancesAfterBackupRestoration (83ms)
(Values over 0.050ms)
Asset Pipeline Refresh (id=9371a85f0ceee034c912b6912b07a723): Total: 3.775 seconds - Initiated by StopAssetImportingV2(ForceSynchronousImport | ForceDomainReload)
	Summary:
		Imports: total=0 (actual=0, local cache=0, cache server=0)
		Asset DB Process Time: managed=0 ms, native=2381 ms
		Asset DB Callback time: managed=46 ms, native=0 ms
		Scripting: domain reloads=1, domain reload time=1343 ms, compile time=4 ms, other=0 ms
		Project Asset Count: scripts=1531, non-scripts=3262
		Asset File Changes: new=0, changed=0, moved=0, deleted=0
		Scan Filter Count: 0
	InvokePackagesCallback: 3.220ms
	ApplyChangesToAssetFolders: 0.453ms
	ProcessAssetsWithTransientArtifactChanges: 6.126ms
	CategorizeAssets: 122.286ms
	CompileScripts: 3.502ms
	ImportOutOfDateAssets: 2204.517ms (2200.960ms without children)
		CollectScriptTypesHashes: 1.481ms
		ReloadNativeAssets: 1.379ms
		UnloadImportedAssets: 0.160ms
		EnsureUptoDateAssetsAreRegisteredWithGuidPM: 1.064ms
		OnDemandSchedulerStart: 0.857ms
	PostProcessAllAssets: 46.209ms
		MonoPostProcessAllAssets: 46.200ms
			AssetPostprocessor.OnPostprocessAllAssets 145.775ms
			StyleCatalogPostProcessor.OnPostprocessAllAssets 72.532ms
			UniversalRenderPipelineGlobalSettingsPostprocessor.OnPostprocessAllAssets 21.913ms
			BuilderAssetPostprocessor.OnPostprocessAllAssets 9.416ms
			ShaderGraphAssetPostProcessor.OnPostprocessAllAssets 5.782ms
			SyncVS.PostprocessSyncProject 4.046ms
			WindowAssetPostprocessingWatcher.OnPostprocessAllAssets 2.657ms
			SpeedTree9Postprocessor.OnPostprocessAllAssets 2.637ms
			RetainedModeAssetPostprocessor.OnPostprocessAllAssets 2.540ms
			SpriteEditorTexturePostprocessor.OnPostprocessAllAssets 2.513ms
			MaterialPostprocessor.OnPostprocessAllAssets 2.093ms
			TextAssetPostProcessor.OnPostprocessAllAssets 2.081ms
			AssetProcessor.OnPostprocessAllAssets 2.005ms
			AssetChangedListener.OnPostprocessAllAssets 1.615ms
			PostProcessor.OnPostprocessAllAssets 1.102ms
			ConfigAssetsTracker.OnPostprocessAllAssets 1.051ms
			AssetEvents.OnPostprocessAllAssets 1.038ms
			SpriteLibraryAssetPostprocessor.OnPostprocessAllAssets 1.038ms
			SpriteShapeAssetPostProcessor.OnPostprocessAllAssets 0.983ms
			ArtifactBrowserPostProcessor.OnPostprocessAllAssets 0.822ms
			InputActionJsonNameModifierAssetProcessor.OnPostprocessAllAssets 0.798ms
			SamplePostprocessor.OnPostprocessAllAssets 0.794ms
			TMPro_TexturePostProcessor.OnPostprocessAllAssets 0.762ms
			SpeedTreePostProcessor.OnPostprocessAllAssets 0.735ms
			RenderPipelineGlobalSettingsPostprocessor.OnPostprocessAllAssets 0.722ms
			UVCSAssetPostprocessor.OnPostprocessAllAssets 0.694ms
			PSDImportPostProcessor.OnPostprocessAllAssets 0.516ms
			PSDImporterAssetPostProcessor.OnPostprocessAllAssets 0.411ms
			InputActionAssetPostprocessor.OnPostprocessAllAssets 0.338ms
			AssetDatabaseCallbacks.OnPostprocessAllAssets 0.297ms
			ReferencedClipsPostProcessor.OnPostprocessAllAssets 0.296ms
			AudioMixerPostprocessor.OnPostprocessAllAssets 0.283ms
			TerrainToolbarOverlayPostProcessor.OnPostprocessAllAssets 0.280ms
			ProjectSettingsPostprocessor.OnPostprocessAllAssets 0.255ms
			ScenarioDriftAssetsTracker.OnPostprocessAllAssets 0.153ms
			AudioContainerPostProcessor.OnPostprocessAllAssets 0.075ms
	GatherAllCurrentPrimaryImportResultRevisions: 0.198ms
	UnloadStreamsBegin: 0.158ms
	PersistCurrentRevisions: 0.131ms
	GenerateScriptTypeHashes: 13.913ms
	GenerateScriptTypeSerializationHashes: 23.931ms
	Untracked: 1379.852ms

Loaded scene 'Temp/__Backupscenes/0.backup'
	Deserialize:            0.773 ms
	Integration:            325.244 ms
	Integration of assets:  0.003 ms
	Thread Wait Time:       0.046 ms
	Total Operation Time:   326.066 ms
[MODES] ModeService[none].Initialize
[MODES] ModeService[none].LoadModes
[Licensing::Client] Successfully resolved entitlement details
[Licensing::Client] Successfully resolved entitlement details
Unloading 137 Unused Serialized files (Serialized files now loaded: 0)
UnloadTime: 0.270600 ms
Loaded scene 'Assets/Scenes/MovementLab.unity'
	Deserialize:            76.763 ms
	Integration:            468.193 ms
	Integration of assets:  20.797 ms
	Thread Wait Time:       -0.044 ms
	Total Operation Time:   565.708 ms
Unloading 210 unused Assets / (3.8 MB). Loaded Objects now: 8752.
Memory consumption went from 229.8 MB to 226.0 MB.
Total: 14.114400 ms (FindLiveObjects: 0.630500 ms CreateObjectMapping: 0.353000 ms MarkObjects: 11.561800 ms  DeleteObjects: 1.567300 ms)

RenderTexture.Create failed
UnityEngine.Debug:ExtractStackTraceNoAlloc (byte*,int,string)
UnityEngine.StackTraceUtility:ExtractStackTrace ()
UnityEngine.RenderTexture:Create ()
UnityEngine.Rendering.RTHandleSystem:CreateRenderTexture (int,int,UnityEngine.Experimental.Rendering.GraphicsFormat,int,UnityEngine.FilterMode,UnityEngine.TextureWrapMode,UnityEngine.TextureWrapMode,UnityEngine.TextureWrapMode,UnityEngine.Rendering.TextureDimension,bool,bool,bool,bool,int,single,UnityEngine.Rendering.MSAASamples,bool,bool,bool,UnityEngine.RenderTextureMemoryless,UnityEngine.VRTextureUsage,bool,string) (at ./Library/PackageCache/com.unity.render-pipelines.core@6a60abc179f8/Runtime/Textures/RTHandleSystem.cs:909)
UnityEngine.Rendering.RTHandleSystem:Alloc (int,int,UnityEngine.Experimental.Rendering.GraphicsFormat,UnityEngine.TextureWrapMode,UnityEngine.TextureWrapMode,UnityEngine.TextureWrapMode,int,UnityEngine.FilterMode,UnityEngine.Rendering.TextureDimension,bool,bool,bool,bool,int,single,UnityEngine.Rendering.MSAASamples,bool,bool,bool,UnityEngine.RenderTextureMemoryless,UnityEngine.VRTextureUsage,string) (at ./Library/PackageCache/com.unity.render-pipelines.core@6a60abc179f8/Runtime/Textures/RTHandleSystem.cs:774)
UnityEngine.Rendering.RTHandleSystem:Alloc (int,int,UnityEngine.Experimental.Rendering.GraphicsFormat,int,UnityEngine.FilterMode,UnityEngine.TextureWrapMode,UnityEngine.Rendering.TextureDimension,bool,bool,bool,bool,int,single,UnityEngine.Rendering.MSAASamples,bool,bool,bool,UnityEngine.RenderTextureMemoryless,UnityEngine.VRTextureUsage,string) (at ./Library/PackageCache/com.unity.render-pipelines.core@6a60abc179f8/Runtime/Textures/RTHandleSystem.cs:638)
UnityEngine.Rendering.RTHandles:Alloc (int,int,UnityEngine.Experimental.Rendering.GraphicsFormat,int,UnityEngine.FilterMode,UnityEngine.TextureWrapMode,UnityEngine.Rendering.TextureDimension,bool,bool,bool,bool,int,single,UnityEngine.Rendering.MSAASamples,bool,bool,bool,UnityEngine.RenderTextureMemoryless,UnityEngine.VRTextureUsage,string) (at ./Library/PackageCache/com.unity.render-pipelines.core@6a60abc179f8/Runtime/Textures/RTHandles.cs:169)
UnityEngine.Rendering.RenderGraphModule.RenderGraphDefaultResources:InitDefaultResourcesIfNeeded () (at ./Library/PackageCache/com.unity.render-pipelines.core@6a60abc179f8/Runtime/RenderGraph/RenderGraphDefaultResources.cs:52)
UnityEngine.Rendering.RenderGraphModule.RenderGraphDefaultResources:.ctor () (at ./Library/PackageCache/com.unity.render-pipelines.core@6a60abc179f8/Runtime/RenderGraph/RenderGraphDefaultResources.cs:39)
UnityEngine.Rendering.RenderGraphModule.RenderGraph:.ctor (string) (at ./Library/PackageCache/com.unity.render-pipelines.core@6a60abc179f8/Runtime/RenderGraph/RenderGraph.cs:514)
UnityEngine.Rendering.Universal.UniversalRenderPipeline:.ctor (UnityEngine.Rendering.Universal.UniversalRenderPipelineAsset) (at ./Library/PackageCache/com.unity.render-pipelines.universal@0c5162adfb45/Runtime/UniversalRenderPipeline.cs:275)
UnityEngine.Rendering.Universal.UniversalRenderPipelineAsset:CreatePipeline () (at ./Library/PackageCache/com.unity.render-pipelines.universal@0c5162adfb45/Runtime/Data/UniversalRenderPipelineAsset.cs:809)
UnityEngine.Rendering.RenderPipelineAsset:InternalCreatePipeline ()
UnityEngine.Rendering.RenderPipelineManager:TryPrepareRenderPipeline (UnityEngine.Rendering.RenderPipelineAsset)
UnityEngine.Rendering.RenderPipelineManager:DoRenderLoop_Internal (UnityEngine.Rendering.RenderPipelineAsset,intptr,object,Unity.Collections.LowLevel.Unsafe.AtomicSafetyHandle)

[./Library/PackageCache/com.unity.render-pipelines.core@6a60abc179f8/Runtime/Textures/RTHandleSystem.cs line 909]

RenderTexture.Create failed
UnityEngine.Debug:ExtractStackTraceNoAlloc (byte*,int,string)
UnityEngine.StackTraceUtility:ExtractStackTrace ()
UnityEngine.Graphics:ExecuteCommandBuffer (UnityEngine.Rendering.CommandBuffer)
UnityEngine.Rendering.RenderGraphModule.RenderGraphDefaultResources:InitDefaultResourcesIfNeeded () (at ./Library/PackageCache/com.unity.render-pipelines.core@6a60abc179f8/Runtime/RenderGraph/RenderGraphDefaultResources.cs:58)
UnityEngine.Rendering.RenderGraphModule.RenderGraphDefaultResources:.ctor () (at ./Library/PackageCache/com.unity.render-pipelines.core@6a60abc179f8/Runtime/RenderGraph/RenderGraphDefaultResources.cs:39)
UnityEngine.Rendering.RenderGraphModule.RenderGraph:.ctor (string) (at ./Library/PackageCache/com.unity.render-pipelines.core@6a60abc179f8/Runtime/RenderGraph/RenderGraph.cs:514)
UnityEngine.Rendering.Universal.UniversalRenderPipeline:.ctor (UnityEngine.Rendering.Universal.UniversalRenderPipelineAsset) (at ./Library/PackageCache/com.unity.render-pipelines.universal@0c5162adfb45/Runtime/UniversalRenderPipeline.cs:275)
UnityEngine.Rendering.Universal.UniversalRenderPipelineAsset:CreatePipeline () (at ./Library/PackageCache/com.unity.render-pipelines.universal@0c5162adfb45/Runtime/Data/UniversalRenderPipelineAsset.cs:809)
UnityEngine.Rendering.RenderPipelineAsset:InternalCreatePipeline ()
UnityEngine.Rendering.RenderPipelineManager:TryPrepareRenderPipeline (UnityEngine.Rendering.RenderPipelineAsset)
UnityEngine.Rendering.RenderPipelineManager:DoRenderLoop_Internal (UnityEngine.Rendering.RenderPipelineAsset,intptr,object,Unity.Collections.LowLevel.Unsafe.AtomicSafetyHandle)

[./Library/PackageCache/com.unity.render-pipelines.core@6a60abc179f8/Runtime/RenderGraph/RenderGraphDefaultResources.cs line 58]

Failed to set the active render target, ensure that it is a valid render target.
UnityEngine.Debug:ExtractStackTraceNoAlloc (byte*,int,string)
UnityEngine.StackTraceUtility:ExtractStackTrace ()
UnityEngine.Graphics:ExecuteCommandBuffer (UnityEngine.Rendering.CommandBuffer)
UnityEngine.Rendering.RenderGraphModule.RenderGraphDefaultResources:InitDefaultResourcesIfNeeded () (at ./Library/PackageCache/com.unity.render-pipelines.core@6a60abc179f8/Runtime/RenderGraph/RenderGraphDefaultResources.cs:58)
UnityEngine.Rendering.RenderGraphModule.RenderGraphDefaultResources:.ctor () (at ./Library/PackageCache/com.unity.render-pipelines.core@6a60abc179f8/Runtime/RenderGraph/RenderGraphDefaultResources.cs:39)
UnityEngine.Rendering.RenderGraphModule.RenderGraph:.ctor (string) (at ./Library/PackageCache/com.unity.render-pipelines.core@6a60abc179f8/Runtime/RenderGraph/RenderGraph.cs:514)
UnityEngine.Rendering.Universal.UniversalRenderPipeline:.ctor (UnityEngine.Rendering.Universal.UniversalRenderPipelineAsset) (at ./Library/PackageCache/com.unity.render-pipelines.universal@0c5162adfb45/Runtime/UniversalRenderPipeline.cs:275)
UnityEngine.Rendering.Universal.UniversalRenderPipelineAsset:CreatePipeline () (at ./Library/PackageCache/com.unity.render-pipelines.universal@0c5162adfb45/Runtime/Data/UniversalRenderPipelineAsset.cs:809)
UnityEngine.Rendering.RenderPipelineAsset:InternalCreatePipeline ()
UnityEngine.Rendering.RenderPipelineManager:TryPrepareRenderPipeline (UnityEngine.Rendering.RenderPipelineAsset)
UnityEngine.Rendering.RenderPipelineManager:DoRenderLoop_Internal (UnityEngine.Rendering.RenderPipelineAsset,intptr,object,Unity.Collections.LowLevel.Unsafe.AtomicSafetyHandle)

[./Library/PackageCache/com.unity.render-pipelines.core@6a60abc179f8/Runtime/RenderGraph/RenderGraphDefaultResources.cs line 58]

Launched and connected shader compiler UnityShaderCompiler.exe after 0.02 seconds
Crash!!!
SymInit: Symbol-SearchPath: 'C:/Program Files/Unity/Hub/Editor/6000.4.0f1/Editor/Data/Mono;.;C:\Projetos\Github\rustline;C:\Projetos\Github\rustline\Library\BurstCache\JIT;C:\Program Files\Unity\Hub\Editor\6000.4.0f1\Editor;C:\WINDOWS;C:\WINDOWS\system32;', symOptions: 534, UserName: 'pedro'
OS-Version: 10.0.0
C:\Program Files\Unity\Hub\Editor\6000.4.0f1\Editor\Unity.exe:Unity.exe (00007FF6D79C0000), size: 290816 (result: 0), SymType: '-deferred-', PDB: '', fileVersion: 6000.4.0.62614
C:\WINDOWS\SYSTEM32\ntdll.dll:ntdll.dll (00007FFE89F00000), size: 2514944 (result: 0), SymType: '-deferred-', PDB: '', fileVersion: 10.0.26100.8972
C:\WINDOWS\System32\KERNEL32.DLL:KERNEL32.DLL (00007FFE88310000), size: 823296 (result: 0), SymType: '-deferred-', PDB: '', fileVersion: 10.0.26100.9168
C:\WINDOWS\System32\KERNELBASE.dll:KERNELBASE.dll (00007FFE874B0000), size: 4190208 (result: 0), SymType: '-deferred-', PDB: '', fileVersion: 10.0.26100.9168
C:\WINDOWS\System32\USER32.dll:USER32.dll (00007FFE89CF0000), size: 1859584 (result: 0), SymType: '-deferred-', PDB: '', fileVersion: 10.0.26100.8972
C:\WINDOWS\System32\win32u.dll:win32u.dll (00007FFE878C0000), size: 159744 (result: 0), SymType: '-deferred-', PDB: '', fileVersion: 10.0.26100.9168
C:\WINDOWS\System32\GDI32.dll:GDI32.dll (00007FFE881E0000), size: 176128 (result: 0), SymType: '-deferred-', PDB: '', fileVersion: 10.0.26100.8328
C:\WINDOWS\System32\gdi32full.dll:gdi32full.dll (00007FFE87B00000), size: 1216512 (result: 0), SymType: '-deferred-', PDB: '', fileVersion: 10.0.26100.9168
C:\WINDOWS\System32\msvcp_win.dll:msvcp_win.dll (00007FFE872A0000), size: 667648 (result: 0), SymType: '-deferred-', PDB: '', fileVersion: 10.0.26100.8875
C:\WINDOWS\System32\ucrtbase.dll:ucrtbase.dll (00007FFE87350000), size: 1359872 (result: 0), SymType: '-deferred-', PDB: '', fileVersion: 10.0.26100.8875
C:\WINDOWS\System32\IMM32.DLL:IMM32.DLL (00007FFE89560000), size: 204800 (result: 0), SymType: '-deferred-', PDB: '', fileVersion: 10.0.26100.8521
C:\Program Files\Unity\Hub\Editor\6000.4.0f1\Editor\Unity.dll:Unity.dll (00007FFD87D60000), size: 93548544 (result: 0), SymType: '-deferred-', PDB: '', fileVersion: 6000.4.0.62614
C:\WINDOWS\System32\ADVAPI32.dll:ADVAPI32.dll (00007FFE883E0000), size: 770048 (result: 0), SymType: '-deferred-', PDB: '', fileVersion: 10.0.26100.9168
C:\Program Files\Unity\Hub\Editor\6000.4.0f1\Editor\OpenRL.dll:OpenRL.dll (0000000180000000), size: 12779520 (result: 0), SymType: '-deferred-', PDB: '', fileVersion: 1.5.0.2907
C:\WINDOWS\System32\msvcrt.dll:msvcrt.dll (00007FFE88210000), size: 692224 (result: 0), SymType: '-deferred-', PDB: '', fileVersion: 7.0.26100.8875
C:\WINDOWS\System32\sechost.dll:sechost.dll (00007FFE87C30000), size: 696320 (result: 0), SymType: '-deferred-', PDB: '', fileVersion: 10.0.26100.9168
C:\WINDOWS\System32\RPCRT4.dll:RPCRT4.dll (00007FFE89BD0000), size: 1146880 (result: 0), SymType: '-deferred-', PDB: '', fileVersion: 10.0.26100.9168
C:\Program Files\Unity\Hub\Editor\6000.4.0f1\Editor\SketchUpAPI.dll:SketchUpAPI.dll (00007FFDDD250000), size: 8990720 (result: 0), SymType: '-deferred-', PDB: '', fileVersion: 23.0.0.0
C:\WINDOWS\System32\ole32.dll:ole32.dll (00007FFE895B0000), size: 1675264 (result: 0), SymType: '-deferred-', PDB: '', fileVersion: 10.0.26100.8972
C:\Program Files\Unity\Hub\Editor\6000.4.0f1\Editor\libfbxsdk.dll:libfbxsdk.dll (00007FFDDF090000), size: 8019968 (result: 0), SymType: '-deferred-', PDB: '', fileVersion: 2020.3.7.0
C:\WINDOWS\System32\SETUPAPI.dll:SETUPAPI.dll (00007FFE884B0000), size: 4747264 (result: 0), SymType: '-deferred-', PDB: '', fileVersion: 10.0.26100.8972
C:\WINDOWS\System32\combase.dll:combase.dll (00007FFE87CE0000), size: 3690496 (result: 0), SymType: '-deferred-', PDB: '', fileVersion: 10.0.26100.9168
C:\WINDOWS\System32\SHELL32.dll:SHELL32.dll (00007FFE88D50000), size: 7897088 (result: 0), SymType: '-deferred-', PDB: '', fileVersion: 10.0.26100.9168
C:\Program Files\Unity\Hub\Editor\6000.4.0f1\Editor\s3tcompress.dll:s3tcompress.dll (00007FFE56D30000), size: 180224 (result: 0), SymType: '-deferred-', PDB: ''
C:\Program Files\Unity\Hub\Editor\6000.4.0f1\Editor\etccompress.dll:etccompress.dll (00007FFDDCD70000), size: 5070848 (result: 0), SymType: '-deferred-', PDB: ''
C:\WINDOWS\System32\shcore.dll:shcore.dll (00007FFE89930000), size: 1019904 (result: 0), SymType: '-deferred-', PDB: '', fileVersion: 10.0.26100.9168
C:\WINDOWS\System32\WS2_32.dll:WS2_32.dll (00007FFE88BC0000), size: 532480 (result: 0), SymType: '-deferred-', PDB: '', fileVersion: 10.0.26100.8972
C:\Program Files\Unity\Hub\Editor\6000.4.0f1\Editor\ispc_texcomp.dll:ispc_texcomp.dll (00007FFDE1210000), size: 1826816 (result: 0), SymType: '-deferred-', PDB: ''
C:\WINDOWS\System32\SHLWAPI.dll:SHLWAPI.dll (00007FFE88B20000), size: 417792 (result: 0), SymType: '-deferred-', PDB: '', fileVersion: 10.0.26100.8972
C:\Program Files\Unity\Hub\Editor\6000.4.0f1\Editor\compress_bc7e.dll:compress_bc7e.dll (00007FFDF6070000), size: 1433600 (result: 0), SymType: '-deferred-', PDB: ''
C:\WINDOWS\System32\CRYPT32.dll:CRYPT32.dll (00007FFE87110000), size: 1564672 (result: 0), SymType: '-deferred-', PDB: '', fileVersion: 10.0.26100.8972
C:\WINDOWS\System32\WINTRUST.dll:WINTRUST.dll (00007FFE878F0000), size: 536576 (result: 0), SymType: '-deferred-', PDB: '', fileVersion: 10.0.26100.8972
C:\Program Files\Unity\Hub\Editor\6000.4.0f1\Editor\umbraoptimizer64.dll:umbraoptimizer64.dll (00007FFDF46C0000), size: 1187840 (result: 0), SymType: '-deferred-', PDB: ''
C:\Program Files\Unity\Hub\Editor\6000.4.0f1\Editor\WinPixEventRuntime.dll:WinPixEventRuntime.dll (00007FFE66940000), size: 57344 (result: 0), SymType: '-deferred-', PDB: '', fileVersion: 1.0.2403.8001
C:\WINDOWS\System32\OLEAUT32.dll:OLEAUT32.dll (00007FFE88C70000), size: 888832 (result: 0), SymType: '-deferred-', PDB: '', fileVersion: 10.0.26100.8972
C:\WINDOWS\SYSTEM32\bcrypt.dll:bcrypt.dll (00007FFE87000000), size: 172032 (result: 0), SymType: '-deferred-', PDB: '', fileVersion: 10.0.26100.9168
C:\WINDOWS\WinSxS\amd64_microsoft.windows.common-controls_6595b64144ccf1df_6.0.26100.8972_none_3e0da176e32f9d4b\COMCTL32.dll:COMCTL32.dll (00007FFE66AF0000), size: 2691072 (result: 0), SymType: '-deferred-', PDB: '', fileVersion: 6.10.26100.8972
C:\WINDOWS\SYSTEM32\d3d11.dll:d3d11.dll (00007FFE7FDB0000), size: 2490368 (result: 0), SymType: '-deferred-', PDB: '', fileVersion: 10.0.26100.8972
C:\WINDOWS\SYSTEM32\d3d12.dll:d3d12.dll (00007FFDC2560000), size: 143360 (result: 0), SymType: '-deferred-', PDB: '', fileVersion: 10.0.26100.8972
C:\WINDOWS\SYSTEM32\dwmapi.dll:dwmapi.dll (00007FFE818A0000), size: 192512 (result: 0), SymType: '-deferred-', PDB: '', fileVersion: 10.0.26100.8972
C:\WINDOWS\SYSTEM32\HID.DLL:HID.DLL (00007FFE85420000), size: 61440 (result: 0), SymType: '-deferred-', PDB: '', fileVersion: 10.0.26100.1150
C:\WINDOWS\SYSTEM32\dxgi.dll:dxgi.dll (00007FFE81720000), size: 1286144 (result: 0), SymType: '-deferred-', PDB: '', fileVersion: 10.0.26100.9168
C:\WINDOWS\SYSTEM32\IPHLPAPI.DLL:IPHLPAPI.DLL (00007FFE857C0000), size: 208896 (result: 0), SymType: '-deferred-', PDB: '', fileVersion: 10.0.26100.8972
C:\WINDOWS\SYSTEM32\MSVCP140.dll:MSVCP140.dll (00007FFE64DD0000), size: 643072 (result: 0), SymType: '-deferred-', PDB: '', fileVersion: 14.51.36247.0
C:\WINDOWS\SYSTEM32\VERSION.dll:VERSION.dll (00007FFE744C0000), size: 45056 (result: 0), SymType: '-deferred-', PDB: '', fileVersion: 10.0.26100.1150
C:\WINDOWS\SYSTEM32\VCRUNTIME140.dll:VCRUNTIME140.dll (00007FFE64DA0000), size: 180224 (result: 0), SymType: '-deferred-', PDB: '', fileVersion: 14.51.36247.0
C:\WINDOWS\SYSTEM32\VCRUNTIME140_1.dll:VCRUNTIME140_1.dll (00007FFE64D90000), size: 49152 (result: 0), SymType: '-deferred-', PDB: '', fileVersion: 14.51.36247.0
C:\WINDOWS\SYSTEM32\MSVCP100.dll:MSVCP100.dll (0000000069C50000), size: 622592 (result: 0), SymType: '-deferred-', PDB: '', fileVersion: 10.0.40219.325
C:\WINDOWS\SYSTEM32\MSVCR100.dll:MSVCR100.dll (0000000069B70000), size: 860160 (result: 0), SymType: '-deferred-', PDB: '', fileVersion: 10.0.40219.325
C:\WINDOWS\SYSTEM32\OPENGL32.dll:OPENGL32.dll (00007FFDD72F0000), size: 1097728 (result: 0), SymType: '-deferred-', PDB: '', fileVersion: 10.0.26100.8972
C:\Program Files\Unity\Hub\Editor\6000.4.0f1\Editor\embree.dll:embree.dll (00007FFDD27B0000), size: 16711680 (result: 0), SymType: '-deferred-', PDB: '', fileVersion: 2.14.0.0
C:\Program Files\Unity\Hub\Editor\6000.4.0f1\Editor\SketchUpCommonPreferences.dll:SketchUpCommonPreferences.dll (00007FFE42C30000), size: 499712 (result: 0), SymType: '-deferred-', PDB: '', fileVersion: 23.0.0.0
C:\WINDOWS\SYSTEM32\WINHTTP.dll:WINHTTP.dll (00007FFE7D9D0000), size: 1212416 (result: 0), SymType: '-deferred-', PDB: '', fileVersion: 10.0.26100.9168
C:\WINDOWS\SYSTEM32\Secur32.dll:Secur32.dll (00007FFE81240000), size: 53248 (result: 0), SymType: '-deferred-', PDB: '', fileVersion: 10.0.26100.7705
C:\WINDOWS\SYSTEM32\WINMM.dll:WINMM.dll (00007FFE7ADD0000), size: 221184 (result: 0), SymType: '-deferred-', PDB: '', fileVersion: 10.0.26100.8972
C:\WINDOWS\SYSTEM32\WSOCK32.dll:WSOCK32.dll (00007FFE71340000), size: 40960 (result: 0), SymType: '-deferred-', PDB: '', fileVersion: 10.0.26100.1
C:\WINDOWS\SYSTEM32\GLU32.dll:GLU32.dll (00007FFE3FA30000), size: 184320 (result: 0), SymType: '-deferred-', PDB: '', fileVersion: 10.0.26100.1150
C:\Program Files\Unity\Hub\Editor\6000.4.0f1\Editor\NativeProxyHelper.dll:NativeProxyHelper.dll (00007FFDE1050000), size: 1789952 (result: 0), SymType: '-deferred-', PDB: ''
C:\WINDOWS\SYSTEM32\powrprof.dll:powrprof.dll (00007FFE86F70000), size: 385024 (result: 0), SymType: '-deferred-', PDB: '', fileVersion: 10.0.26100.3912
C:\Program Files\Unity\Hub\Editor\6000.4.0f1\Editor\tbb.dll:tbb.dll (00007FFE3FA70000), size: 303104 (result: 0), SymType: '-deferred-', PDB: '', fileVersion: 2020.3.2022.1111
C:\WINDOWS\SYSTEM32\dxcore.dll:dxcore.dll (00007FFE816D0000), size: 282624 (result: 0), SymType: '-deferred-', PDB: '', fileVersion: 10.0.26100.8972
C:\WINDOWS\SYSTEM32\SSPICLI.DLL:SSPICLI.DLL (00007FFE86090000), size: 299008 (result: 0), SymType: '-deferred-', PDB: '', fileVersion: 10.0.26100.8972
C:\Program Files\Unity\Hub\Editor\6000.4.0f1\Editor\FreeImage.dll:FreeImage.dll (000001A786A20000), size: 5332992 (result: 0), SymType: '-deferred-', PDB: '', fileVersion: 3.18.0.0
C:\Program Files\Unity\Hub\Editor\6000.4.0f1\Editor\OpenRL_pthread.dll:OpenRL_pthread.dll (000001A785090000), size: 61440 (result: 0), SymType: '-deferred-', PDB: '', fileVersion: 2.9.0.0
C:\WINDOWS\SYSTEM32\cfgmgr32.DLL:cfgmgr32.DLL (00007FFE86C30000), size: 335872 (result: 0), SymType: '-deferred-', PDB: '', fileVersion: 10.0.26100.8972
C:\WINDOWS\SYSTEM32\MSWSOCK.DLL:MSWSOCK.DLL (00007FFE863B0000), size: 442368 (result: 0), SymType: '-deferred-', PDB: '', fileVersion: 10.0.26100.9168
C:\WINDOWS\SYSTEM32\UMPDC.dll:UMPDC.dll (00007FFE86F50000), size: 86016 (result: 0), SymType: '-deferred-', PDB: '', fileVersion: 10.0.26100.8972
C:\WINDOWS\SYSTEM32\MSASN1.dll:MSASN1.dll (00007FFE867F0000), size: 77824 (result: 0), SymType: '-deferred-', PDB: '', fileVersion: 10.0.26100.8875
C:\WINDOWS\System32\bcryptprimitives.dll:bcryptprimitives.dll (00007FFE87A40000), size: 704512 (result: 0), SymType: '-deferred-', PDB: '', fileVersion: 10.0.26100.9168
C:\WINDOWS\SYSTEM32\kernel.appcore.dll:kernel.appcore.dll (00007FFE85DE0000), size: 110592 (result: 0), SymType: '-deferred-', PDB: '', fileVersion: 10.0.26100.8737
C:\WINDOWS\system32\uxtheme.dll:uxtheme.dll (00007FFE815C0000), size: 688128 (result: 0), SymType: '-deferred-', PDB: '', fileVersion: 10.0.26100.8972
C:\WINDOWS\SYSTEM32\windows.storage.dll:windows.storage.dll (00007FFE84B80000), size: 9023488 (result: 0), SymType: '-deferred-', PDB: '', fileVersion: 10.0.26100.9168
C:\WINDOWS\SYSTEM32\profapi.dll:profapi.dll (00007FFE87030000), size: 167936 (result: 0), SymType: '-deferred-', PDB: '', fileVersion: 10.0.26100.9168
C:\WINDOWS\System32\clbcatq.dll:clbcatq.dll (00007FFE88940000), size: 712704 (result: 0), SymType: '-deferred-', PDB: '', fileVersion: 2001.12.10941.16384
C:\WINDOWS\SYSTEM32\CRYPTSP.dll:CRYPTSP.dll (00007FFE866C0000), size: 110592 (result: 0), SymType: '-deferred-', PDB: '', fileVersion: 10.0.26100.8875
C:\WINDOWS\system32\rsaenh.dll:rsaenh.dll (00007FFE85D30000), size: 233472 (result: 0), SymType: '-deferred-', PDB: '', fileVersion: 10.0.26100.7705
C:\WINDOWS\SYSTEM32\CRYPTBASE.dll:CRYPTBASE.dll (00007FFE866A0000), size: 49152 (result: 0), SymType: '-deferred-', PDB: '', fileVersion: 10.0.26100.8875
C:\WINDOWS\system32\IconCodecService.dll:IconCodecService.dll (00007FFE6F590000), size: 45056 (result: 0), SymType: '-deferred-', PDB: '', fileVersion: 10.0.26100.1
C:\WINDOWS\SYSTEM32\WindowsCodecs.dll:WindowsCodecs.dll (00007FFE7F780000), size: 2281472 (result: 0), SymType: '-deferred-', PDB: '', fileVersion: 10.0.26100.9168
C:\WINDOWS\system32\wbem\wbemprox.dll:wbemprox.dll (00007FFE5D0B0000), size: 73728 (result: 0), SymType: '-deferred-', PDB: '', fileVersion: 10.0.26100.8972
C:\WINDOWS\SYSTEM32\wbemcomn.dll:wbemcomn.dll (00007FFE5D370000), size: 499712 (result: 0), SymType: '-deferred-', PDB: '', fileVersion: 10.0.26100.7920
C:\WINDOWS\System32\imagehlp.dll:imagehlp.dll (00007FFE88B90000), size: 131072 (result: 0), SymType: '-deferred-', PDB: '', fileVersion: 10.0.26100.4202
C:\WINDOWS\System32\netprofm.dll:netprofm.dll (00007FFE7DBC0000), size: 446464 (result: 0), SymType: '-deferred-', PDB: '', fileVersion: 10.0.26100.8972
C:\WINDOWS\system32\wbem\wbemsvc.dll:wbemsvc.dll (00007FFE59F40000), size: 86016 (result: 0), SymType: '-deferred-', PDB: '', fileVersion: 10.0.26100.8972
C:\WINDOWS\System32\npmproxy.dll:npmproxy.dll (00007FFE74470000), size: 102400 (result: 0), SymType: '-deferred-', PDB: '', fileVersion: 10.0.26100.8328
C:\WINDOWS\system32\wbem\fastprox.dll:fastprox.dll (00007FFE59FF0000), size: 999424 (result: 0), SymType: '-deferred-', PDB: '', fileVersion: 10.0.26100.8972
C:\WINDOWS\SYSTEM32\amsi.dll:amsi.dll (00007FFE59830000), size: 118784 (result: 0), SymType: '-deferred-', PDB: '', fileVersion: 10.0.26100.7309
C:\WINDOWS\SYSTEM32\USERENV.dll:USERENV.dll (00007FFE86460000), size: 204800 (result: 0), SymType: '-deferred-', PDB: '', fileVersion: 10.0.26100.9168
C:\ProgramData\Microsoft\Windows Defender\Platform\4.18.26080.3-0\MpOav.dll:MpOav.dll (00007FFE4AF60000), size: 671744 (result: 0), SymType: '-deferred-', PDB: '', fileVersion: 4.18.26080.3
C:\WINDOWS\SYSTEM32\gpapi.dll:gpapi.dll (00007FFE86430000), size: 151552 (result: 0), SymType: '-deferred-', PDB: '', fileVersion: 10.0.26100.8972
C:\Windows\System32\cryptnet.dll:cryptnet.dll (00007FFE71FD0000), size: 241664 (result: 0), SymType: '-deferred-', PDB: '', fileVersion: 10.0.26100.8972
C:\WINDOWS\SYSTEM32\WINNSI.DLL:WINNSI.DLL (00007FFE815A0000), size: 57344 (result: 0), SymType: '-deferred-', PDB: '', fileVersion: 10.0.26100.8875
C:\WINDOWS\System32\NSI.dll:NSI.dll (00007FFE894E0000), size: 40960 (result: 0), SymType: '-deferred-', PDB: '', fileVersion: 10.0.26100.8875
C:\WINDOWS\SYSTEM32\dhcpcsvc6.DLL:dhcpcsvc6.DLL (00007FFE7DB90000), size: 118784 (result: 0), SymType: '-deferred-', PDB: '', fileVersion: 10.0.26100.9168
C:\WINDOWS\SYSTEM32\dhcpcsvc.DLL:dhcpcsvc.DLL (00007FFE7DB00000), size: 151552 (result: 0), SymType: '-deferred-', PDB: '', fileVersion: 10.0.26100.9168
C:\WINDOWS\SYSTEM32\DNSAPI.dll:DNSAPI.dll (00007FFE85860000), size: 1409024 (result: 0), SymType: '-deferred-', PDB: '', fileVersion: 10.0.26100.9168
C:\WINDOWS\SYSTEM32\DSPARSE.dll:DSPARSE.dll (00007FFE86190000), size: 53248 (result: 0), SymType: '-deferred-', PDB: '', fileVersion: 10.0.26100.1
C:\WINDOWS\system32\napinsp.dll:napinsp.dll (00007FFE3F520000), size: 98304 (result: 0), SymType: '-deferred-', PDB: '', fileVersion: 10.0.26100.1150
C:\WINDOWS\System32\winrnr.dll:winrnr.dll (00007FFE3F410000), size: 77824 (result: 0), SymType: '-deferred-', PDB: '', fileVersion: 10.0.26100.8737
C:\WINDOWS\system32\nlansp_c.dll:nlansp_c.dll (00007FFE3F3E0000), size: 139264 (result: 0), SymType: '-deferred-', PDB: '', fileVersion: 10.0.26100.8972
C:\WINDOWS\system32\wshbth.dll:wshbth.dll (00007FFE74A80000), size: 90112 (result: 0), SymType: '-deferred-', PDB: '', fileVersion: 10.0.26100.8875
C:\WINDOWS\System32\fwpuclnt.dll:fwpuclnt.dll (00007FFE7DDB0000), size: 548864 (result: 0), SymType: '-deferred-', PDB: '', fileVersion: 10.0.26100.8972
C:\Windows\System32\rasadhlp.dll:rasadhlp.dll (00007FFE7A630000), size: 45056 (result: 0), SymType: '-deferred-', PDB: '', fileVersion: 10.0.26100.7920
C:\Program Files\Unity\Hub\Editor\6000.4.0f1\Editor\AMDUnityPlugin.DLL:AMDUnityPlugin.DLL (00007FFDE0690000), size: 8843264 (result: 0), SymType: '-deferred-', PDB: ''
C:\Program Files\Unity\Hub\Editor\6000.4.0f1\Editor\NVUnityPlugin.DLL:NVUnityPlugin.DLL (00007FFDF5160000), size: 1642496 (result: 0), SymType: '-deferred-', PDB: ''
C:\Program Files\Unity\Hub\Editor\6000.4.0f1\Editor\Data\Tools\astcenc-avx2.dll:astcenc-avx2.dll (00007FFE667F0000), size: 352256 (result: 0), SymType: '-deferred-', PDB: ''
C:\WINDOWS\SYSTEM32\mfplat.dll:mfplat.dll (00007FFE74EE0000), size: 2244608 (result: 0), SymType: '-deferred-', PDB: '', fileVersion: 10.0.26100.8972
C:\WINDOWS\SYSTEM32\RTWorkQ.DLL:RTWorkQ.DLL (00007FFE7A640000), size: 241664 (result: 0), SymType: '-deferred-', PDB: '', fileVersion: 10.0.26100.8972
C:\WINDOWS\SYSTEM32\mfreadwrite.dll:mfreadwrite.dll (00007FFE57440000), size: 864256 (result: 0), SymType: '-deferred-', PDB: '', fileVersion: 10.0.26100.8972
C:\WINDOWS\SYSTEM32\Mf.dll:Mf.dll (00007FFE7CB80000), size: 622592 (result: 0), SymType: '-deferred-', PDB: '', fileVersion: 10.0.26100.8972
C:\WINDOWS\SYSTEM32\MFCORE.DLL:MFCORE.DLL (00007FFE7AEB0000), size: 4296704 (result: 0), SymType: '-deferred-', PDB: '', fileVersion: 10.0.26100.9168
C:\WINDOWS\SYSTEM32\CompPkgSup.DLL:CompPkgSup.DLL (00007FFE6B330000), size: 204800 (result: 0), SymType: '-deferred-', PDB: '', fileVersion: 10.0.26100.8521
C:\Windows\System32\Windows.Media.dll:Windows.Media.dll (00007FFE58790000), size: 6926336 (result: 0), SymType: '-deferred-', PDB: '', fileVersion: 10.0.26100.8972
C:\Windows\System32\Windows.ApplicationModel.dll:Windows.ApplicationModel.dll (00007FFE5F7F0000), size: 884736 (result: 0), SymType: '-deferred-', PDB: '', fileVersion: 10.0.26100.8972
C:\WINDOWS\SYSTEM32\wintypes.dll:wintypes.dll (00007FFE7E490000), size: 1482752 (result: 0), SymType: '-deferred-', PDB: '', fileVersion: 10.0.26100.9168
C:\Windows\System32\AppXDeploymentClient.dll:AppXDeploymentClient.dll (00007FFE74900000), size: 1511424 (result: 0), SymType: '-deferred-', PDB: '', fileVersion: 10.0.26100.8972
C:\Windows\System32\Windows.StateRepositoryPS.dll:Windows.StateRepositoryPS.dll (00007FFE56AC0000), size: 802816 (result: 0), SymType: '-deferred-', PDB: '', fileVersion: 10.0.26100.8972
C:\WINDOWS\SYSTEM32\windows.staterepositoryclient.dll:windows.staterepositoryclient.dll (00007FFE5A3D0000), size: 278528 (result: 0), SymType: '-deferred-', PDB: '', fileVersion: 10.0.26100.8972
C:\WINDOWS\SYSTEM32\windows.staterepositorycore.dll:windows.staterepositorycore.dll (00007FFE5A420000), size: 126976 (result: 0), SymType: '-deferred-', PDB: '', fileVersion: 10.0.26100.8972
C:\WINDOWS\System32\MMDevApi.dll:MMDevApi.dll (00007FFE7AD20000), size: 679936 (result: 0), SymType: '-deferred-', PDB: '', fileVersion: 10.0.26100.8972
C:\WINDOWS\System32\DEVOBJ.dll:DEVOBJ.dll (00007FFE86C90000), size: 192512 (result: 0), SymType: '-deferred-', PDB: '', fileVersion: 10.0.26100.8972
C:\WINDOWS\SYSTEM32\AUDIOSES.DLL:AUDIOSES.DLL (00007FFE59D10000), size: 1798144 (result: 0), SymType: '-deferred-', PDB: '', fileVersion: 10.0.26100.8972
C:\WINDOWS\SYSTEM32\resourcepolicyclient.dll:resourcepolicyclient.dll (00007FFE842F0000), size: 81920 (result: 0), SymType: '-deferred-', PDB: '', fileVersion: 10.0.26100.8115
C:\WINDOWS\SYSTEM32\opencl.dll:opencl.dll (00007FFE31AD0000), size: 483328 (result: 0), SymType: '-deferred-', PDB: '', fileVersion: 3.0.6.0
C:\Program Files\Unity\Hub\Editor\6000.4.0f1\Editor\radeonrays.dll:radeonrays.dll (00007FFE32940000), size: 344064 (result: 0), SymType: '-deferred-', PDB: ''
C:\Program Files\Unity\Hub\Editor\6000.4.0f1\Editor\Data\MonoBleedingEdge\EmbedRuntime\mono-2.0-bdwgc.dll:mono-2.0-bdwgc.dll (00007FFDDC320000), size: 10756096 (result: 0), SymType: '-deferred-', PDB: ''
C:\Program Files\Unity\Hub\Editor\6000.4.0f1\Editor\Data\PlaybackEngines\AppleTVSupport\x64\UnityEditor.iOS.Native.dll:UnityEditor.iOS.Native.dll (00007FFE31A80000), size: 303104 (result: 0), SymType: '-deferred-', PDB: ''
C:\Program Files\Unity\Hub\Editor\6000.4.0f1\Editor\Data\PlaybackEngines\iOSSupport\x64\UnityEditor.iOS.Native.dll:UnityEditor.iOS.Native.dll (00007FFDF50C0000), size: 303104 (result: 0), SymType: '-deferred-', PDB: ''
C:\WINDOWS\SYSTEM32\PROPSYS.dll:PROPSYS.dll (00007FFE81420000), size: 999424 (result: 0), SymType: '-deferred-', PDB: '', fileVersion: 7.0.26100.8972
C:\Windows\System32\Windows.FileExplorer.Common.dll:Windows.FileExplorer.Common.dll (00007FFE57180000), size: 782336 (result: 0), SymType: '-deferred-', PDB: '', fileVersion: 10.0.26100.8972
C:\Windows\System32\urlmon.dll:urlmon.dll (00007FFE62970000), size: 1953792 (result: 0), SymType: '-deferred-', PDB: '', fileVersion: 11.0.26100.8972
C:\Windows\System32\iertutil.dll:iertutil.dll (00007FFE626A0000), size: 2899968 (result: 0), SymType: '-deferred-', PDB: '', fileVersion: 11.0.26100.8972
C:\Windows\System32\srvcli.dll:srvcli.dll (00007FFE61040000), size: 167936 (result: 0), SymType: '-deferred-', PDB: '', fileVersion: 10.0.26100.1150
C:\Windows\System32\netutils.dll:netutils.dll (00007FFE85710000), size: 53248 (result: 0), SymType: '-deferred-', PDB: '', fileVersion: 10.0.26100.1882
C:\WINDOWS\SYSTEM32\virtdisk.dll:virtdisk.dll (00007FFE5F8D0000), size: 94208 (result: 0), SymType: '-deferred-', PDB: '', fileVersion: 10.0.26100.8972
C:\WINDOWS\SYSTEM32\apphelp.dll:apphelp.dll (00007FFE81190000), size: 651264 (result: 0), SymType: '-deferred-', PDB: '', fileVersion: 10.0.26100.9168
C:\WINDOWS\system32\NetworkExplorer.dll:NetworkExplorer.dll (00007FFE570C0000), size: 110592 (result: 0), SymType: '-deferred-', PDB: '', fileVersion: 10.0.26100.8115
C:\WINDOWS\SYSTEM32\edputil.dll:edputil.dll (00007FFE679E0000), size: 167936 (result: 0), SymType: '-deferred-', PDB: '', fileVersion: 10.0.26100.8115
C:\Windows\System32\cldapi.dll:cldapi.dll (00007FFE56A80000), size: 196608 (result: 0), SymType: '-deferred-', PDB: '', fileVersion: 10.0.26100.9168
C:\WINDOWS\SYSTEM32\Wldp.dll:Wldp.dll (00007FFE86780000), size: 434176 (result: 0), SymType: '-deferred-', PDB: '', fileVersion: 10.0.26100.8972
C:\Projetos\Github\rustline\Library\PackageCache\com.unity.burst@07790c2d06d9\.Runtime\MonoDebuggerHandling.dll:MonoDebuggerHandling.dll (00007FFDC81F0000), size: 368640 (result: 0), SymType: '-deferred-', PDB: ''
C:\WINDOWS\System32\MSCTF.dll:MSCTF.dll (00007FFE88070000), size: 1429504 (result: 0), SymType: '-deferred-', PDB: '', fileVersion: 10.0.26100.8972
C:\WINDOWS\system32\explorerframe.dll:explorerframe.dll (00007FFE23F30000), size: 3215360 (result: 0), SymType: '-deferred-', PDB: '', fileVersion: 10.0.26100.8972
C:\WINDOWS\SYSTEM32\TextShaping.dll:TextShaping.dll (00007FFE5D980000), size: 745472 (result: 0), SymType: '-deferred-', PDB: '', fileVersion: 10.0.26100.8972
C:\WINDOWS\SYSTEM32\textinputframework.dll:textinputframework.dll (00007FFE5DD90000), size: 1335296 (result: 0), SymType: '-deferred-', PDB: '', fileVersion: 10.0.26100.8972
C:\WINDOWS\SYSTEM32\CoreMessaging.dll:CoreMessaging.dll (00007FFE80CD0000), size: 1224704 (result: 0), SymType: '-deferred-', PDB: '', fileVersion: 10.0.26100.8972
C:\WINDOWS\SYSTEM32\CoreUIComponents.dll:CoreUIComponents.dll (00007FFE7D420000), size: 3031040 (result: 0), SymType: '-deferred-', PDB: '', fileVersion: 10.0.26100.9168
C:\WINDOWS\system32\Oleacc.dll:Oleacc.dll (00007FFE48050000), size: 479232 (result: 0), SymType: '-deferred-', PDB: '', fileVersion: 7.2.26100.8972
C:\Projetos\Github\rustline\Library\PackageCache\com.unity.burst@07790c2d06d9\.Runtime\burst-llvm-19.dll:burst-llvm-19.dll (00007FFD7AC40000), size: 59863040 (result: 0), SymType: '-deferred-', PDB: ''
C:\Projetos\Github\rustline\Library\BurstCache\JIT\d57fc30a8686cad495627f283ea0653c.dll:d57fc30a8686cad495627f283ea0653c.dll (00007FFE5CF60000), size: 20480 (result: 0), SymType: '-deferred-', PDB: ''
C:\Projetos\Github\rustline\Library\BurstCache\JIT\2352d044c0c2a9ab03cea500a2126e57.dll:2352d044c0c2a9ab03cea500a2126e57.dll (00007FFE37310000), size: 192512 (result: 0), SymType: '-deferred-', PDB: ''
C:\Projetos\Github\rustline\Library\BurstCache\JIT\9b1c5d7a084bbc2d27155fc2d9f166f3.dll:9b1c5d7a084bbc2d27155fc2d9f166f3.dll (00007FFE211F0000), size: 110592 (result: 0), SymType: '-deferred-', PDB: ''
C:\Projetos\Github\rustline\Library\BurstCache\JIT\777cdcf0459fd4942936fc202fb78949.dll:777cdcf0459fd4942936fc202fb78949.dll (00007FFE211D0000), size: 110592 (result: 0), SymType: '-deferred-', PDB: ''
C:\Projetos\Github\rustline\Library\BurstCache\JIT\ad3c325f43e1fe7fb6f0a957a74d35ed.dll:ad3c325f43e1fe7fb6f0a957a74d35ed.dll (00007FFDF6050000), size: 106496 (result: 0), SymType: '-deferred-', PDB: ''
C:\Projetos\Github\rustline\Library\BurstCache\JIT\6fd20eaf9495c096e66c5525da7f2325.dll:6fd20eaf9495c096e66c5525da7f2325.dll (00007FFDF4690000), size: 172032 (result: 0), SymType: '-deferred-', PDB: ''
C:\Projetos\Github\rustline\Library\BurstCache\JIT\b0472b80ddb3aff8ccc09210c14c1f83.dll:b0472b80ddb3aff8ccc09210c14c1f83.dll (00007FFDF4180000), size: 397312 (result: 0), SymType: '-deferred-', PDB: ''
C:\Projetos\Github\rustline\Library\BurstCache\JIT\3687ff0ca987da9f1f0e864554143590.dll:3687ff0ca987da9f1f0e864554143590.dll (00007FFE5CEA0000), size: 57344 (result: 0), SymType: '-deferred-', PDB: ''
C:\Projetos\Github\rustline\Library\BurstCache\JIT\38b7fbb3a103888696abc270999f068a.dll:38b7fbb3a103888696abc270999f068a.dll (00007FFDF4130000), size: 319488 (result: 0), SymType: '-deferred-', PDB: ''
C:\Projetos\Github\rustline\Library\BurstCache\JIT\87c0cc1c4c1683d1c129572b60eae0e8.dll:87c0cc1c4c1683d1c129572b60eae0e8.dll (00007FFDED730000), size: 561152 (result: 0), SymType: '-deferred-', PDB: ''
C:\Projetos\Github\rustline\Library\BurstCache\JIT\ad5ae59bd8f0d780f693a664487215c8.dll:ad5ae59bd8f0d780f693a664487215c8.dll (00007FFDF4660000), size: 151552 (result: 0), SymType: '-deferred-', PDB: ''
C:\Projetos\Github\rustline\Library\BurstCache\JIT\b52611b8457057a1acb00a034c222ee3.dll:b52611b8457057a1acb00a034c222ee3.dll (00007FFDF3C00000), size: 77824 (result: 0), SymType: '-deferred-', PDB: ''
C:\Projetos\Github\rustline\Library\BurstCache\JIT\973e666573eb6dad83174044ce64e730.dll:973e666573eb6dad83174044ce64e730.dll (00007FFDF3000000), size: 69632 (result: 0), SymType: '-deferred-', PDB: ''
C:\Projetos\Github\rustline\Library\BurstCache\JIT\d716eac4a73a06197158de6f37a03aed.dll:d716eac4a73a06197158de6f37a03aed.dll (00007FFE5BD10000), size: 36864 (result: 0), SymType: '-deferred-', PDB: ''
C:\Projetos\Github\rustline\Library\BurstCache\JIT\54568ae11c94c9fda5665f72d214b2b8.dll:54568ae11c94c9fda5665f72d214b2b8.dll (00007FFE59860000), size: 40960 (result: 0), SymType: '-deferred-', PDB: ''
C:\Projetos\Github\rustline\Library\BurstCache\JIT\082a227844addd38b0c6107ebce80500.dll:082a227844addd38b0c6107ebce80500.dll (00007FFE57850000), size: 24576 (result: 0), SymType: '-deferred-', PDB: ''
C:\Projetos\Github\rustline\Library\BurstCache\JIT\58b849b448a6839c9d0621bbc7bb8612.dll:58b849b448a6839c9d0621bbc7bb8612.dll (00007FFE57010000), size: 36864 (result: 0), SymType: '-deferred-', PDB: ''
C:\Projetos\Github\rustline\Library\BurstCache\JIT\34f93b0f7fe2d9626f8a8e59ca66429f.dll:34f93b0f7fe2d9626f8a8e59ca66429f.dll (00007FFDF2FE0000), size: 122880 (result: 0), SymType: '-deferred-', PDB: ''
C:\Projetos\Github\rustline\Library\BurstCache\JIT\041f262381707399cc5c5697b880cac5.dll:041f262381707399cc5c5697b880cac5.dll (00007FFDED090000), size: 389120 (result: 0), SymType: '-deferred-', PDB: ''
C:\Projetos\Github\rustline\Library\BurstCache\JIT\404680136650a7b650ae7407ceb4abe9.dll:404680136650a7b650ae7407ceb4abe9.dll (00007FFDED030000), size: 352256 (result: 0), SymType: '-deferred-', PDB: ''
C:\WINDOWS\SYSTEM32\dbghelp.dll:dbghelp.dll (00007FFE846A0000), size: 2367488 (result: 0), SymType: '-deferred-', PDB: '', fileVersion: 10.0.26100.8328

========== OUTPUTTING STACK TRACE ==================

0x00007FFD8AA7F82F (Unity) GfxDevice::DrawSharedGeometryJobs
0x00007FFD8A7BE1D1 (Unity) GfxDeviceClient::DrawSharedGeometryJobs
0x00007FFD89D2E8D0 (Unity) TilemapRendererJobs::TilemapRendererGeometryJob::Schedule
0x00007FFD89D2DF21 (Unity) TilemapRendererJobs::RenderMultiple
0x00007FFD89D2D382 (Unity) TilemapRendererJobs::Render
0x00007FFD8AF23FE7 (Unity) BatchRenderer::RenderBatch
0x00007FFD8AF1FC25 (Unity) BatchRenderer::Flush
0x00007FFD8AD21DF6 (Unity) ScriptableRenderLoopDraw
0x00007FFD8AD230E2 (Unity) ScriptableRenderLoopJob
0x00007FFD8AA80703 (Unity) GfxDevice::ExecuteAsync
0x00007FFD8A7BFC39 (Unity) GfxDeviceClient::ExecuteAsync
0x00007FFD8AD1FCF3 (Unity) ScheduleRenderJobs
0x00007FFD8AD15F34 (Unity) ExecuteDrawRenderersCommand
0x00007FFD8AD292BB (Unity) ScriptableRenderContext::ExecuteRendererList
0x00007FFD8ADCF69C (Unity) RenderingCommandBuffer::ExecuteCommandBufferWithState
0x00007FFD8ADCEDCA (Unity) RenderingCommandBuffer::ExecuteCommandBuffer
0x00007FFD8AD29EBD (Unity) ScriptableRenderContext::ExecuteScriptableRenderLoop
0x00007FFD8A6469B8 (Unity) ScriptableRenderContext_CUSTOM_Submit_Internal
0x000001AABBDD5904 (Mono JIT Code) (wrapper managed-to-native) UnityEngine.Rendering.ScriptableRenderContext:Submit_Internal (UnityEngine.Rendering.ScriptableRenderContext&)
0x000001AABBDD575B (Mono JIT Code) UnityEngine.Rendering.ScriptableRenderContext:Submit ()
0x000001AABBC9F9DB (Mono JIT Code) [.\Library\PackageCache\com.unity.render-pipelines.universal@0c5162adfb45\Runtime\UniversalRenderPipeline.cs:875] UnityEngine.Rendering.Universal.UniversalRenderPipeline:RenderSingleCamera (UnityEngine.Rendering.ScriptableRenderContext,UnityEngine.Rendering.Universal.UniversalCameraData) 
0x000001AABBC7737B (Mono JIT Code) [.\Library\PackageCache\com.unity.render-pipelines.universal@0c5162adfb45\Runtime\UniversalRenderPipeline.cs:1078] UnityEngine.Rendering.Universal.UniversalRenderPipeline:RenderCameraStack (UnityEngine.Rendering.ScriptableRenderContext,UnityEngine.Camera,bool) 
0x000001AABBC6885B (Mono JIT Code) [.\Library\PackageCache\com.unity.render-pipelines.universal@0c5162adfb45\Runtime\UniversalRenderPipeline.cs:483] UnityEngine.Rendering.Universal.UniversalRenderPipeline:Render (UnityEngine.Rendering.ScriptableRenderContext,System.Collections.Generic.List`1<UnityEngine.Camera>) 
0x000001AABBC67B0C (Mono JIT Code) UnityEngine.Rendering.RenderPipeline:InternalRender (UnityEngine.Rendering.ScriptableRenderContext,System.Collections.Generic.List`1<UnityEngine.Camera>)
0x000001AA93BB36C3 (Mono JIT Code) UnityEngine.Rendering.RenderPipelineManager:DoRenderLoop_Internal (UnityEngine.Rendering.RenderPipelineAsset,intptr,object,Unity.Collections.LowLevel.Unsafe.AtomicSafetyHandle)
0x000001AA93BB3D15 (Mono JIT Code) (wrapper runtime-invoke) <Module>:runtime_invoke_void_object_intptr_object_AtomicSafetyHandle (object,intptr,intptr,intptr)
0x00007FFDDC5A6C0E (mono-2.0-bdwgc) [C:\build\output\Unity-Technologies\mono\mono\mini\mini-runtime.c:3445] mono_jit_runtime_invoke 
0x00007FFDDC4E8984 (mono-2.0-bdwgc) [C:\build\output\Unity-Technologies\mono\mono\metadata\object.c:3068] do_runtime_invoke 
0x00007FFDDC4E8A70 (mono-2.0-bdwgc) [C:\build\output\Unity-Technologies\mono\mono\metadata\object.c:3115] mono_runtime_invoke 
0x00007FFD8A997EC5 (Unity) scripting_method_invoke
0x00007FFD8A9C066E (Unity) ScriptingInvocation::Invoke
0x00007FFD8A9BBEC5 (Unity) ScriptingInvocation::Invoke<void>
0x00007FFD8A89CC65 (Unity) Scripting::UnityEngine::Rendering::RenderPipelineManagerProxy::DoRenderLoop_Internal
0x00007FFD8AD2B734 (Unity) ScriptableRenderContext::ExtractAndExecuteRenderPipeline
0x00007FFD8AF87876 (Unity) RenderManager::RenderOffscreenCameras
0x00007FFD8922E1F4 (Unity) PlayerLoopController::InternalUpdateScene
0x00007FFD8923038D (Unity) PlayerLoopController::UpdateSceneIfNeededFromMainLoop
0x00007FFD89247A93 (Unity) Application::TickTimer
0x00007FFD88C3C51C (Unity) MainMessageLoop
0x00007FFD88C45083 (Unity) UnityMain
0x00007FF6D79C2F2A (Unity) __scrt_common_main_seh
0x00007FFE8833CCB7 (KERNEL32) BaseThreadInitThunk
0x00007FFE89FAAD6C (ntdll) RtlUserThreadStart

========== END OF STACKTRACE ===========

A crash has been intercepted by the crash handler. For call stack and other details, see the latest crash report generated in:
 * C:/Users/pedro/AppData/Local/Temp/Unity/Editor/Crashes
