[Licensing::Module] Trying to connect to existing licensing client channel...
Built from '6000.4/staging' branch; Version is '6000.4.0f1 (8cf496087c8f) revision 9237654'; Using compiler version '194234433'; Build Type 'Release'
[Licensing::IpcConnector] Successfully connected to: "LicenseClient-pedro" at "2026-09-09T20:02:24.0139418Z"
OS: 'Windows 11  (10.0.26200) CoreSingleLanguage' Language: 'pt' Physical Memory: 32460 MB
BatchMode: 1, IsHumanControllingUs: 0, StartBugReporterOnCrash: 0, Is64bit: 1
System  architecture: x64
Process architecture: x64
Date: 2026-09-09T20:02:24Z

COMMAND LINE ARGUMENTS:
C:\Program Files\Unity\Hub\Editor\6000.4.0f1\Editor\Unity.exe
-batchmode
-projectPath
C:\Projetos\Github\rustline
-runTests
-testPlatform
PlayMode
-testResults
C:\Projetos\Github\rustline\TestResults-play-full-final.xml
-logFile
C:\Projetos\Github\rustline\play-full-final.log
Successfully changed project path to: C:\Projetos\Github\rustline
C:/Projetos/Github/rustline
[UnityMemory] Configuration Parameters - Can be set up in boot.config
    "memorysetup-temp-allocator-size-gi-baking-worker=262144"
    "memorysetup-temp-allocator-size-gi-baking-worker=262144"
    "memorysetup-temp-allocator-size-gi-baking-worker=262144"
    "memorysetup-temp-allocator-size-gi-baking-worker=262144"
    "memorysetup-temp-allocator-size-gi-baking-worker=262144"
    "memorysetup-temp-allocator-size-nav-mesh-worker=65536"
    "memorysetup-temp-allocator-size-audio-worker=65536"
    "memorysetup-temp-allocator-size-cloud-worker=32768"
    "memorysetup-temp-allocator-size-gfx=262144"
    "memorysetup-temp-allocator-size-preload-manager=33554432"
    "memorysetup-temp-allocator-size-job-worker=262144"
    "memorysetup-temp-allocator-size-background-worker=32768"
    "memorysetup-allocator-temp-initial-block-size-main=262144"
    "memorysetup-allocator-temp-initial-block-size-worker=262144"
    "memorysetup-bucket-allocator-granularity=16"
    "memorysetup-bucket-allocator-bucket-count=8"
    "memorysetup-bucket-allocator-block-size=33554432"
    "memorysetup-bucket-allocator-block-count=8"
    "memorysetup-main-allocator-block-size=16777216"
    "memorysetup-thread-allocator-block-size=16777216"
    "memorysetup-gfx-main-allocator-block-size=16777216"
    "memorysetup-gfx-thread-allocator-block-size=16777216"
    "memorysetup-cache-allocator-block-size=4194304"
    "memorysetup-typetree-allocator-block-size=2097152"
    "memorysetup-profiler-bucket-allocator-granularity=16"
    "memorysetup-profiler-bucket-allocator-bucket-count=8"
    "memorysetup-profiler-bucket-allocator-block-size=33554432"
    "memorysetup-profiler-bucket-allocator-block-count=8"
    "memorysetup-profiler-allocator-block-size=16777216"
    "memorysetup-profiler-editor-allocator-block-size=1048576"
    "memorysetup-temp-allocator-size-main=16777216"
    "memorysetup-job-temp-allocator-block-size=2097152"
    "memorysetup-job-temp-allocator-block-size-background=1048576"
    "memorysetup-job-temp-allocator-reduction-small-platforms=262144"
Player connection [42576]  Target information:

Player connection [42576]  * "[IP] 192.168.56.1 [Port] 55504 [Flags] 2 [Guid] 3984952507 [EditorId] 3984952507 [Version] 1048832 [Id] WindowsEditor(7,HAL) [Debug] 1 [PackageName] WindowsEditor [ProjectName] Editor" 

Player connection [42576]  * "[IP] 172.18.64.1 [Port] 55504 [Flags] 2 [Guid] 3984952507 [EditorId] 3984952507 [Version] 1048832 [Id] WindowsEditor(7,HAL) [Debug] 1 [PackageName] WindowsEditor [ProjectName] Editor" 

Player connection [42576]  * "[IP] 192.168.2.7 [Port] 55504 [Flags] 2 [Guid] 3984952507 [EditorId] 3984952507 [Version] 1048832 [Id] WindowsEditor(7,HAL) [Debug] 1 [PackageName] WindowsEditor [ProjectName] Editor" 

Unable to join player connection multicast group (err: 10013).
Player connection [42576] Host joined alternative multi-casting on [225.0.0.222:34997]...
Input System module state changed to: Initialized.
[Physics::Module] Initialized fallback backend.
[Physics::Module] Id: 0xdecafbad
[Package Manager] Connected to IPC stream "Upm-52760" after 0.5 seconds.
[Licensing::Module] Licensing is not yet initialized.
[Licensing::Client] Error: HandshakeResponse reported an error:
	ResponseCode: 505
	ResponseStatus: Unsupported protocol version '1.18.1'.
[Licensing::Module] Error: Failed to handshake to channel: "LicenseClient-pedro"
[Licensing::IpcConnector] LicenseClient-pedro channel disconnected successfully.
[Licensing::IpcConnector] Channel LicenseClient-pedro-6000.4.0 doesn't exist
[Licensing::Module] Successfully launched the LicensingClient (PId: 8368)
[Licensing::IpcConnector] Successfully connected to: "LicenseClient-pedro-6000.4.0" at "2026-09-09T20:02:26.2629444Z"
[Licensing::Client] Handshaking with LicensingClient:
  Version:                 1.18.1+9fbee8e
  Session Id:              e159c5a557b84da7a7275a130c37249f
  Correlation Id:          73e52234456bf9788e92357ff4973243
  External correlation Id: 5288582543004841105
  Machine Id:              bVarEh7pdWlrHNQkjgbo2ZGeDds=
[Licensing::Module] Successfully connected to LicensingClient on channel: "LicenseClient-pedro-6000.4.0" (connect: 0.37s, validation: 0.10s, handshake: 1.77s)
[Licensing::IpcConnector] Successfully connected to: "LicenseClient-pedro-6000.4.0-notifications" at "2026-09-09T20:02:28.1377249Z"
[Licensing::Module] Connected to LicensingClient (PId: 8368, launch time: 0.01, total connection time: 2.25s)
[Licensing::Module] Error: Access token is unavailable; failed to update
[Licensing::Client] Successfully resolved entitlement details
[Licensing::Module] License group:
  Id: 4674099990778-UnityPersXXXX
  Product: Unity Personal
  Type: Assigned
  Expiration: Unlimited
[Licensing::Client] Successfully updated license, isAsync: True, time: 0.02
[Licensing::Module] Licensing Background thread has ended after 4.17s
[Licensing::Module] Licensing is initialized (took 2.78s).
[Licensing::Client] Successfully resolved entitlement details
Library Redirect Path: Library/
[Physics::Module] Selected backend.
[Physics::Module] Name: PhysX
[Physics::Module] Id: 0xf2b8ea05
[Physics::Module] SDK Version: 4.1.2
[Physics::Module] Integration Version: 1.0.0
[Physics::Module] Threading Mode: Multi-Threaded
Active build profile path: `Assets/Settings/Build Profiles/Windows.asset`
Got setting from build profile YAML, name `m_BuildTarget`, value `19`
Got setting from build profile YAML, name `m_Subtarget`, value `2`
Initialize engine version: 6000.4.0f1 (8cf496087c8f)
[Subsystems] Discovering subsystems at path C:/Program Files/Unity/Hub/Editor/6000.4.0f1/Editor/Data/Resources/UnitySubsystems
[Subsystems] Discovering subsystems at path C:/Projetos/Github/rustline/Assets
GfxDevice: creating device client; kGfxThreadingModeNonThreaded
Direct3D:
    Version:  Direct3D 11.0 [level 11.1]
    Renderer: NVIDIA GeForce MX550 (ID=0x1f9f)
    Vendor:   NVIDIA
    VRAM:     1905 MB
    Driver:   32.0.15.9608
Initialize mono
Mono path[0] = 'C:/Program Files/Unity/Hub/Editor/6000.4.0f1/Editor/Data/Managed'
Mono path[1] = 'C:/Program Files/Unity/Hub/Editor/6000.4.0f1/Editor/Data/MonoBleedingEdge/lib/mono/unityjit-win32'
Mono config path = 'C:/Program Files/Unity/Hub/Editor/6000.4.0f1/Editor/Data/MonoBleedingEdge/etc'
Using monoOptions --debugger-agent=transport=dt_socket,embedding=1,server=y,suspend=n,address=127.0.0.1:56760
CodeReloadManager initialized
Using cacheserver namespaces - metadata:defaultmetadata, artifacts:defaultartifacts
Using cacheserver namespaces - metadata:defaultmetadata, artifacts:defaultartifacts
ImportWorker Server TCP listen port: 0
AcceleratorClientConnectionCallback - disconnected - :0
Begin MonoManager ReloadAssembly
Registering precompiled unity dll's ...
Register platform support module: C:/Program Files/Unity/Hub/Editor/6000.4.0f1/Editor/Data/PlaybackEngines/WebGLSupport/UnityEditor.WebGL.Extensions.dll
[Licensing::Client] Successfully resolved entitlement details
Register platform support module: C:/Program Files/Unity/Hub/Editor/6000.4.0f1/Editor/Data/PlaybackEngines/VisionOSPlayer/UnityEditor.VisionOS.Extensions.dll
Register platform support module: C:/Program Files/Unity/Hub/Editor/6000.4.0f1/Editor/Data/PlaybackEngines/WindowsStandaloneSupport/UnityEditor.WindowsStandalone.Extensions.dll
[Licensing::Client] Successfully resolved entitlement details
Register platform support module: C:/Program Files/Unity/Hub/Editor/6000.4.0f1/Editor/Data/PlaybackEngines/AndroidPlayer/UnityEditor.Android.Extensions.dll
Register platform support module: C:/Program Files/Unity/Hub/Editor/6000.4.0f1/Editor/Data/PlaybackEngines/iOSSupport/UnityEditor.iOS.Extensions.dll
Register platform support module: C:/Program Files/Unity/Hub/Editor/6000.4.0f1/Editor/Data/PlaybackEngines/AppleTVSupport/UnityEditor.AppleTV.Extensions.dll
Register platform support module: C:/Program Files/Unity/Hub/Editor/6000.4.0f1/Editor/Data/PlaybackEngines/LinuxStandaloneSupport/UnityEditor.LinuxStandalone.Extensions.dll
Registered in 0.024609 seconds.
Native extension for LinuxStandalone target not found
Native extension for AppleTV target not found
Native extension for iOS target not found
Native extension for Android target not found
Android Extension - Scanning For ADB Devices 2439 ms
Native extension for WindowsStandalone target not found
Failed to load: C:/Program Files/Unity/Hub/Editor/6000.4.0f1/Editor/Data/PlaybackEngines/VisionOSPlayer\x64\UnityEditor.VisionOS.Native.dll
Native extension for VisionOS target not found
Native extension for WebGL target not found
Package Manager log level set to [2]
[Licensing::Client] Successfully resolved entitlement details
ScheduleIndexationOnStartup MainProcess:False IndexOnStartup:True
Mono: successfully reloaded assembly
- Finished resetting the current domain, in  6.229 seconds
Domain Reload Profiling: 7030ms
	BeginReloadAssembly (194ms)
		CreateAndSetChildDomain (12ms)
	RebuildCommonClasses (65ms)
	RebuildNativeTypeToScriptingClass (20ms)
	initialDomainReloadingComplete (138ms)
	LoadAllAssembliesAndSetupDomain (383ms)
		LoadAssemblies (182ms)
		AnalyzeDomain (362ms)
			TypeCache.Refresh (358ms)
				TypeCache.ScanAssembly (336ms)
	FinalizeReload (6230ms)
		SetupLoadedEditorAssemblies (0ms)
			InitializePlatformSupportModulesInManaged (2613ms)
			BeforeProcessingInitializeOnLoad (110ms)
			ProcessInitializeOnLoadAttributes (154ms)
			ProcessInitializeOnLoadMethodAttributes (3233ms)
[Licensing::Client] Successfully resolved entitlement details
Application.AssetDatabase Initial Refresh Start
[Package Manager] Restoring resolved packages state from cache
[Licensing::Client] Successfully resolved entitlement details
[Package Manager] Registered 64 packages:
  Packages from [https://packages.unity.com]:
    com.unity.2d.animation@14.0.3 (location: C:\Projetos\Github\rustline\Library\PackageCache\com.unity.2d.animation@a6f2f1d22eb5)
    com.unity.2d.aseprite@4.0.1 (location: C:\Projetos\Github\rustline\Library\PackageCache\com.unity.2d.aseprite@151b68d46c40)
    com.unity.2d.psdimporter@13.0.2 (location: C:\Projetos\Github\rustline\Library\PackageCache\com.unity.2d.psdimporter@11a0e04e0561)
    com.unity.2d.spriteshape@14.0.1 (location: C:\Projetos\Github\rustline\Library\PackageCache\com.unity.2d.spriteshape@da3647ffbbd7)
    com.unity.2d.tilemap.extras@7.0.1 (location: C:\Projetos\Github\rustline\Library\PackageCache\com.unity.2d.tilemap.extras@66df903b3633)
    com.unity.2d.tooling@2.0.1 (location: C:\Projetos\Github\rustline\Library\PackageCache\com.unity.2d.tooling@baa4133dcff2)
    com.unity.collab-proxy@2.11.4 (location: C:\Projetos\Github\rustline\Library\PackageCache\com.unity.collab-proxy@a5329f833fa8)
    com.unity.ide.rider@3.0.39 (location: C:\Projetos\Github\rustline\Library\PackageCache\com.unity.ide.rider@4504839d03f7)
    com.unity.ide.visualstudio@2.0.27 (location: C:\Projetos\Github\rustline\Library\PackageCache\com.unity.ide.visualstudio@dc1ddd4f09b6)
    com.unity.inputsystem@1.19.0 (location: C:\Projetos\Github\rustline\Library\PackageCache\com.unity.inputsystem@21a28c3a6c83)
    com.unity.timeline@1.8.11 (location: C:\Projetos\Github\rustline\Library\PackageCache\com.unity.timeline@bfd27f8016ff)
    com.unity.visualscripting@1.9.10 (location: C:\Projetos\Github\rustline\Library\PackageCache\com.unity.visualscripting@eb6004dcc707)
    com.unity.2d.common@13.0.1 (location: C:\Projetos\Github\rustline\Library\PackageCache\com.unity.2d.common@49d8bea2bff3)
    com.unity.mathematics@1.3.3 (location: C:\Projetos\Github\rustline\Library\PackageCache\com.unity.mathematics@19a9377c4ffa)
    com.unity.searcher@4.9.4 (location: C:\Projetos\Github\rustline\Library\PackageCache\com.unity.searcher@d45a78918735)
    com.unity.burst@1.8.28 (location: C:\Projetos\Github\rustline\Library\PackageCache\com.unity.burst@07790c2d06d9)
    com.unity.nuget.mono-cecil@1.11.6 (location: C:\Projetos\Github\rustline\Library\PackageCache\com.unity.nuget.mono-cecil@ecb9724e46ff)
    com.unity.test-framework.performance@3.2.0 (location: C:\Projetos\Github\rustline\Library\PackageCache\com.unity.test-framework.performance@0840f58e4562)
  Built-in packages:
    com.unity.2d.sprite@1.0.0 (location: C:\Projetos\Github\rustline\Library\PackageCache\com.unity.2d.sprite@929df5adbb1f)
    com.unity.2d.tilemap@1.0.0 (location: C:\Projetos\Github\rustline\Library\PackageCache\com.unity.2d.tilemap@533f309b6f37)
    com.unity.render-pipelines.universal@17.4.0 (location: C:\Projetos\Github\rustline\Library\PackageCache\com.unity.render-pipelines.universal@0c5162adfb45)
    com.unity.test-framework@1.6.0 (location: C:\Projetos\Github\rustline\Library\PackageCache\com.unity.test-framework@629486125cfc)
    com.unity.ugui@2.0.0 (location: C:\Projetos\Github\rustline\Library\PackageCache\com.unity.ugui@3dd2fbd8c1f1)
    com.unity.modules.accessibility@1.0.0 (location: C:\Projetos\Github\rustline\Library\PackageCache\com.unity.modules.accessibility)
    com.unity.modules.adaptiveperformance@1.0.0 (location: C:\Projetos\Github\rustline\Library\PackageCache\com.unity.modules.adaptiveperformance)
    com.unity.modules.ai@1.0.0 (location: C:\Projetos\Github\rustline\Library\PackageCache\com.unity.modules.ai)
    com.unity.modules.androidjni@1.0.0 (location: C:\Projetos\Github\rustline\Library\PackageCache\com.unity.modules.androidjni)
    com.unity.modules.animation@1.0.0 (location: C:\Projetos\Github\rustline\Library\PackageCache\com.unity.modules.animation)
    com.unity.modules.assetbundle@1.0.0 (location: C:\Projetos\Github\rustline\Library\PackageCache\com.unity.modules.assetbundle)
    com.unity.modules.audio@1.0.0 (location: C:\Projetos\Github\rustline\Library\PackageCache\com.unity.modules.audio)
    com.unity.modules.cloth@1.0.0 (location: C:\Projetos\Github\rustline\Library\PackageCache\com.unity.modules.cloth)
    com.unity.modules.director@1.0.0 (location: C:\Projetos\Github\rustline\Library\PackageCache\com.unity.modules.director)
    com.unity.modules.imageconversion@1.0.0 (location: C:\Projetos\Github\rustline\Library\PackageCache\com.unity.modules.imageconversion)
    com.unity.modules.imgui@1.0.0 (location: C:\Projetos\Github\rustline\Library\PackageCache\com.unity.modules.imgui)
    com.unity.modules.jsonserialize@1.0.0 (location: C:\Projetos\Github\rustline\Library\PackageCache\com.unity.modules.jsonserialize)
    com.unity.modules.particlesystem@1.0.0 (location: C:\Projetos\Github\rustline\Library\PackageCache\com.unity.modules.particlesystem)
    com.unity.modules.physics@1.0.0 (location: C:\Projetos\Github\rustline\Library\PackageCache\com.unity.modules.physics)
    com.unity.modules.physics2d@1.0.0 (location: C:\Projetos\Github\rustline\Library\PackageCache\com.unity.modules.physics2d)
    com.unity.modules.screencapture@1.0.0 (location: C:\Projetos\Github\rustline\Library\PackageCache\com.unity.modules.screencapture)
    com.unity.modules.terrain@1.0.0 (location: C:\Projetos\Github\rustline\Library\PackageCache\com.unity.modules.terrain)
    com.unity.modules.terrainphysics@1.0.0 (location: C:\Projetos\Github\rustline\Library\PackageCache\com.unity.modules.terrainphysics)
    com.unity.modules.tilemap@1.0.0 (location: C:\Projetos\Github\rustline\Library\PackageCache\com.unity.modules.tilemap)
    com.unity.modules.ui@1.0.0 (location: C:\Projetos\Github\rustline\Library\PackageCache\com.unity.modules.ui)
    com.unity.modules.uielements@1.0.0 (location: C:\Projetos\Github\rustline\Library\PackageCache\com.unity.modules.uielements)
    com.unity.modules.umbra@1.0.0 (location: C:\Projetos\Github\rustline\Library\PackageCache\com.unity.modules.umbra)
    com.unity.modules.unityanalytics@1.0.0 (location: C:\Projetos\Github\rustline\Library\PackageCache\com.unity.modules.unityanalytics)
    com.unity.modules.unitywebrequest@1.0.0 (location: C:\Projetos\Github\rustline\Library\PackageCache\com.unity.modules.unitywebrequest)
    com.unity.modules.unitywebrequestassetbundle@1.0.0 (location: C:\Projetos\Github\rustline\Library\PackageCache\com.unity.modules.unitywebrequestassetbundle)
    com.unity.modules.unitywebrequestaudio@1.0.0 (location: C:\Projetos\Github\rustline\Library\PackageCache\com.unity.modules.unitywebrequestaudio)
    com.unity.modules.unitywebrequesttexture@1.0.0 (location: C:\Projetos\Github\rustline\Library\PackageCache\com.unity.modules.unitywebrequesttexture)
    com.unity.modules.unitywebrequestwww@1.0.0 (location: C:\Projetos\Github\rustline\Library\PackageCache\com.unity.modules.unitywebrequestwww)
    com.unity.modules.vectorgraphics@1.0.0 (location: C:\Projetos\Github\rustline\Library\PackageCache\com.unity.modules.vectorgraphics)
    com.unity.modules.vehicles@1.0.0 (location: C:\Projetos\Github\rustline\Library\PackageCache\com.unity.modules.vehicles)
    com.unity.modules.video@1.0.0 (location: C:\Projetos\Github\rustline\Library\PackageCache\com.unity.modules.video)
    com.unity.modules.vr@1.0.0 (location: C:\Projetos\Github\rustline\Library\PackageCache\com.unity.modules.vr)
    com.unity.modules.wind@1.0.0 (location: C:\Projetos\Github\rustline\Library\PackageCache\com.unity.modules.wind)
    com.unity.modules.xr@1.0.0 (location: C:\Projetos\Github\rustline\Library\PackageCache\com.unity.modules.xr)
    com.unity.modules.subsystems@1.0.0 (location: C:\Projetos\Github\rustline\Library\PackageCache\com.unity.modules.subsystems)
    com.unity.modules.hierarchycore@1.0.0 (location: C:\Projetos\Github\rustline\Library\PackageCache\com.unity.modules.hierarchycore)
    com.unity.ext.nunit@2.0.5 (location: C:\Projetos\Github\rustline\Library\PackageCache\com.unity.ext.nunit@d8c07649098d)
    com.unity.render-pipelines.core@17.4.0 (location: C:\Projetos\Github\rustline\Library\PackageCache\com.unity.render-pipelines.core@6a60abc179f8)
    com.unity.shadergraph@17.4.0 (location: C:\Projetos\Github\rustline\Library\PackageCache\com.unity.shadergraph@c6e5f4d3afa5)
    com.unity.render-pipelines.universal-config@17.4.0 (location: C:\Projetos\Github\rustline\Library\PackageCache\com.unity.render-pipelines.universal-config@0db4263b9e6b)
    com.unity.collections@6.4.0 (location: C:\Projetos\Github\rustline\Library\PackageCache\com.unity.collections@538ace9075bc)
[Subsystems] No new subsystems found in resolved package list.
[Package Manager] Done registering packages in 0.05 seconds
[ScriptCompilation] Requested script compilation because: AssetDatabase observed changes in script compilation related files
Starting: C:\Program Files\Unity\Hub\Editor\6000.4.0f1\Editor\Data\Tools\BuildPipeline\bee_backend.exe --ipc --defer-dag-verification --dagfile="Library/Bee/1900b0aEDbg.dag" --continue-on-failure --profile="Library/Bee/backend1.traceevents" ScriptAssemblies
WorkingDir: C:/Projetos/Github/rustline
DisplayProgressbar: Compiling Scripts
ExitCode: 0 Duration: 5s232ms
[ 874/1125  0s] ILPP-Configuration Library/ilpp-configuration.nevergeneratedoutput
[1121/1125  4s] Csc Library/Bee/artifacts/1900b0aEDbg.dag/Rustline.PlayModeTests.dll (+2 others)
Assets\Tests\PlayMode\MovementLabPlayModeTests.cs(533,78): warning CS0618: 'FindObjectsSortMode' is obsolete: 'FindObjectsSortMode has been deprecated. Use the FindObjectsByType overloads that do not take a FindObjectsSortMode parameter.'

Assets\Tests\PlayMode\MovementLabPlayModeTests.cs(533,33): warning CS0618: 'Object.FindObjectsByType<T>(FindObjectsSortMode)' is obsolete: 'FindObjectsByType with FindObjectsSortMode parameter has been deprecated. Use FindObjectsByType<T>() or FindObjectsByType<T>(FindObjectsInactive) instead. InstanceID will be replaced in the future with EntityId and previous sort order cannot be maintained.'
[1122/1125  0s] ILPostProcess Library/Bee/artifacts/1900b0aEDbg.dag/post-processed/Rustline.PlayModeTests.dll (+pdb)
Processing assembly Library/Bee/artifacts/1900b0aEDbg.dag/Rustline.PlayModeTests.dll, with 139 defines and 276 references

processors: Unity.Jobs.CodeGen.JobsILPostProcessor, zzzUnity.Burst.CodeGen.BurstILPostProcessor

running Unity.Jobs.CodeGen.JobsILPostProcessor

running zzzUnity.Burst.CodeGen.BurstILPostProcessor
[1123/1125  0s] CopyFiles Library/ScriptAssemblies/Rustline.PlayModeTests.pdb
[1124/1125  0s] CopyFiles Library/ScriptAssemblies/Rustline.PlayModeTests.dll
*** Tundra build success (5.16 seconds), 5 items updated, 1125 evaluated
Assets\Tests\PlayMode\MovementLabPlayModeTests.cs(533,78): warning CS0618: 'FindObjectsSortMode' is obsolete: 'FindObjectsSortMode has been deprecated. Use the FindObjectsByType overloads that do not take a FindObjectsSortMode parameter.'
Assets\Tests\PlayMode\MovementLabPlayModeTests.cs(533,33): warning CS0618: 'Object.FindObjectsByType<T>(FindObjectsSortMode)' is obsolete: 'FindObjectsByType with FindObjectsSortMode parameter has been deprecated. Use FindObjectsByType<T>() or FindObjectsByType<T>(FindObjectsInactive) instead. InstanceID will be replaced in the future with EntityId and previous sort order cannot be maintained.'
AssetDatabase: script compilation time: 6.125121s
Begin MonoManager ReloadAssembly
Assembly Assembly-CSharp-Editor-firstpass.dll at Library/ScriptAssemblies/Assembly-CSharp-Editor-firstpass.dll not valid. Loading of assembly skipped.
Assembly Assembly-CSharp-firstpass.dll at Library/ScriptAssemblies/Assembly-CSharp-firstpass.dll not valid. Loading of assembly skipped.
Assembly Assembly-CSharp.dll at Library/ScriptAssemblies/Assembly-CSharp.dll not valid. Loading of assembly skipped.
Assembly DocCodeExamples.dll at Library/ScriptAssemblies/DocCodeExamples.dll not valid. Loading of assembly skipped.
Assembly TestNewCustomAssembly.dll at Library/ScriptAssemblies/TestNewCustomAssembly.dll not valid. Loading of assembly skipped.
Assembly Unity.2D.Animation.EditorTests.dll at Library/ScriptAssemblies/Unity.2D.Animation.EditorTests.dll not valid. Loading of assembly skipped.
Assembly Unity.2D.Aseprite.EditorTests.dll at Library/ScriptAssemblies/Unity.2D.Aseprite.EditorTests.dll not valid. Loading of assembly skipped.
Assembly Unity.2D.Common.EditorTests.dll at Library/ScriptAssemblies/Unity.2D.Common.EditorTests.dll not valid. Loading of assembly skipped.
Assembly Unity.2D.Psdimporter.EditorTests.dll at Library/ScriptAssemblies/Unity.2D.Psdimporter.EditorTests.dll not valid. Loading of assembly skipped.
Assembly Unity.2D.Sprite.Package.EditorTests.dll at Library/ScriptAssemblies/Unity.2D.Sprite.Package.EditorTests.dll not valid. Loading of assembly skipped.
Assembly Unity.2D.SpriteShape.EditorTests.dll at Library/ScriptAssemblies/Unity.2D.SpriteShape.EditorTests.dll not valid. Loading of assembly skipped.
Assembly Unity.2D.Tilemap.Package.EditorTests.dll at Library/ScriptAssemblies/Unity.2D.Tilemap.Package.EditorTests.dll not valid. Loading of assembly skipped.
Assembly Unity.Collections.BurstCompatibilityGen.dll at Library/ScriptAssemblies/Unity.Collections.BurstCompatibilityGen.dll not valid. Loading of assembly skipped.
Assembly Unity.Collections.DocCodeSamples.dll at Library/ScriptAssemblies/Unity.Collections.DocCodeSamples.dll not valid. Loading of assembly skipped.
Assembly Unity.Collections.PerformanceTests.dll at Library/ScriptAssemblies/Unity.Collections.PerformanceTests.dll not valid. Loading of assembly skipped.
Assembly Unity.Collections.Tests.dll at Library/ScriptAssemblies/Unity.Collections.Tests.dll not valid. Loading of assembly skipped.
Assembly Unity.Collections.Tests.Playmode.dll at Library/ScriptAssemblies/Unity.Collections.Tests.Playmode.dll not valid. Loading of assembly skipped.
Assembly Unity.InputSystem.IntegrationTests.dll at Library/ScriptAssemblies/Unity.InputSystem.IntegrationTests.dll not valid. Loading of assembly skipped.
Assembly Unity.Mathematics.Tests.dll at Library/ScriptAssemblies/Unity.Mathematics.Tests.dll not valid. Loading of assembly skipped.
Assembly Unity.Nuget.Mono-Cecil.dll at Library/ScriptAssemblies/Unity.Nuget.Mono-Cecil.dll not valid. Loading of assembly skipped.
Assembly Unity.PathTracing.Editor.Tests.dll at Library/ScriptAssemblies/Unity.PathTracing.Editor.Tests.dll not valid. Loading of assembly skipped.
Assembly Unity.PathTracing.Runtime.Tests.dll at Library/ScriptAssemblies/Unity.PathTracing.Runtime.Tests.dll not valid. Loading of assembly skipped.
Assembly Unity.RenderPipelines.Core.Editor.Tests.dll at Library/ScriptAssemblies/Unity.RenderPipelines.Core.Editor.Tests.dll not valid. Loading of assembly skipped.
Assembly Unity.RenderPipelines.Core.Runtime.Tests.dll at Library/ScriptAssemblies/Unity.RenderPipelines.Core.Runtime.Tests.dll not valid. Loading of assembly skipped.
Assembly Unity.RenderPipelines.Universal.Config.Editor.Tests.dll at Library/ScriptAssemblies/Unity.RenderPipelines.Universal.Config.Editor.Tests.dll not valid. Loading of assembly skipped.
Assembly Unity.RenderPipelines.Universal.Editor.Tests.dll at Library/ScriptAssemblies/Unity.RenderPipelines.Universal.Editor.Tests.dll not valid. Loading of assembly skipped.
Assembly Unity.RenderPipelines.Universal.Runtime.Tests.dll at Library/ScriptAssemblies/Unity.RenderPipelines.Universal.Runtime.Tests.dll not valid. Loading of assembly skipped.
Assembly Unity.Searcher.EditorTests.dll at Library/ScriptAssemblies/Unity.Searcher.EditorTests.dll not valid. Loading of assembly skipped.
Assembly Unity.ShaderGraph.Editor.Tests.dll at Library/ScriptAssemblies/Unity.ShaderGraph.Editor.Tests.dll not valid. Loading of assembly skipped.
Assembly Unity.TextMeshPro.Editor.Tests.dll at Library/ScriptAssemblies/Unity.TextMeshPro.Editor.Tests.dll not valid. Loading of assembly skipped.
Assembly Unity.TextMeshPro.Tests.dll at Library/ScriptAssemblies/Unity.TextMeshPro.Tests.dll not valid. Loading of assembly skipped.
Assembly Unity.UnifiedRayTracing.Editor.Tests.dll at Library/ScriptAssemblies/Unity.UnifiedRayTracing.Editor.Tests.dll not valid. Loading of assembly skipped.
Assembly UnityEditor.UI.Common.Tests.dll at Library/ScriptAssemblies/UnityEditor.UI.Common.Tests.dll not valid. Loading of assembly skipped.
Assembly UnityEditor.UI.EditorTests.dll at Library/ScriptAssemblies/UnityEditor.UI.EditorTests.dll not valid. Loading of assembly skipped.
Assembly UnityEngine.UI.Tests.dll at Library/ScriptAssemblies/UnityEngine.UI.Tests.dll not valid. Loading of assembly skipped.
Refreshing native plugins compatible for Editor in 2.18 ms, found 4 plugins.
Native extension for LinuxStandalone target not found
Native extension for AppleTV target not found
Native extension for iOS target not found
Native extension for Android target not found
Native extension for WindowsStandalone target not found
Failed to load: C:/Program Files/Unity/Hub/Editor/6000.4.0f1/Editor/Data/PlaybackEngines/VisionOSPlayer\x64\UnityEditor.VisionOS.Native.dll
Native extension for VisionOS target not found
Native extension for WebGL target not found
ScheduleIndexationOnStartup MainProcess:True IndexOnStartup:True
Mono: successfully reloaded assembly
- Finished resetting the current domain, in  8.307 seconds
Domain Reload Profiling: 10315ms
	BeginReloadAssembly (514ms)
		DisableScriptedObjects (70ms)
		CreateAndSetChildDomain (172ms)
	RebuildCommonClasses (84ms)
	RebuildNativeTypeToScriptingClass (16ms)
	initialDomainReloadingComplete (343ms)
	LoadAllAssembliesAndSetupDomain (1052ms)
		LoadAssemblies (805ms)
		AnalyzeDomain (410ms)
			TypeCache.Refresh (289ms)
				TypeCache.ScanAssembly (273ms)
			BuildScriptInfoCaches (101ms)
			ResolveRequiredComponents (18ms)
	FinalizeReload (8307ms)
		SetupLoadedEditorAssemblies (0ms)
			InitializePlatformSupportModulesInManaged (72ms)
			BeforeProcessingInitializeOnLoad (439ms)
			ProcessInitializeOnLoadAttributes (6773ms)
			ProcessInitializeOnLoadMethodAttributes (559ms)
			AfterProcessingInitializeOnLoad (7ms)
		AwakeInstancesAfterBackupRestoration (24ms)
(Values over 0.050ms)
Asset Pipeline Refresh (id=1ac0709ab8d2c314e8a17ab86393e2c9): Total: 17.897 seconds - Initiated by InitialRefreshV2(ForceSynchronousImport)
	Summary:
		Imports: total=0 (actual=0, local cache=0, cache server=0)
		Asset DB Process Time: managed=0 ms, native=9150 ms
		Asset DB Callback time: managed=353 ms, native=71 ms
		Scripting: domain reloads=1, domain reload time=2018 ms, compile time=6127 ms, other=176 ms
		Project Asset Count: scripts=1531, non-scripts=3262
		Asset File Changes: new=0, changed=2, moved=0, deleted=0
		Scan Filter Count: 0
	InvokePackagesCallback: 66.557ms
	ApplyChangesToAssetFolders: 2.008ms
	Scan: 230.793ms
	OnSourceAssetsModified: 0.941ms
	CategorizeScriptCompilationAssets: 64.067ms
	ProcessAssetsWithTransientArtifactChanges: 105.224ms
	CategorizeAssets: 93.225ms
	CompileScripts: 6126.512ms
	ImportOutOfDateAssets: 8322.275ms (8318.204ms without children)
		UnloadImportedAssets: 2.448ms
		EnsureUptoDateAssetsAreRegisteredWithGuidPM: 1.029ms
		OnDemandSchedulerStart: 0.548ms
	PostProcessAllAssets: 357.079ms
		VCAutoAddAssetPostprocess 2.251ms
		XRBuildSystem.XRAssetImported 0.588ms
		PostProcessCallbackCreateDeferredMaterials 0.073ms
		MonoPostProcessAllAssets: 352.576ms
			AssetPostprocessor.OnPostprocessAllAssets 215.804ms
			StyleCatalogPostProcessor.OnPostprocessAllAssets 40.864ms
			UniversalRenderPipelineGlobalSettingsPostprocessor.OnPostprocessAllAssets 15.275ms
			BuilderAssetPostprocessor.OnPostprocessAllAssets 7.443ms
			WindowAssetPostprocessingWatcher.OnPostprocessAllAssets 7.243ms
			RetainedModeAssetPostprocessor.OnPostprocessAllAssets 5.381ms
			AssetChangedListener.OnPostprocessAllAssets 5.026ms
			SyncVS.PostprocessSyncProject 4.426ms
			SpeedTree9Postprocessor.OnPostprocessAllAssets 2.624ms
			ShaderGraphAssetPostProcessor.OnPostprocessAllAssets 2.314ms
			ArtifactBrowserPostProcessor.OnPostprocessAllAssets 1.874ms
			TMPro_TexturePostProcessor.OnPostprocessAllAssets 1.873ms
			MaterialPostprocessor.OnPostprocessAllAssets 1.356ms
			UVCSAssetPostprocessor.OnPostprocessAllAssets 1.258ms
			AudioMixerPostprocessor.OnPostprocessAllAssets 1.152ms
			TerrainToolbarOverlayPostProcessor.OnPostprocessAllAssets 1.043ms
			RenderPipelineGlobalSettingsPostprocessor.OnPostprocessAllAssets 1.013ms
			AssetDatabaseCallbacks.OnPostprocessAllAssets 0.854ms
			ProjectSettingsPostprocessor.OnPostprocessAllAssets 0.676ms
			SpriteEditorTexturePostprocessor.OnPostprocessAllAssets 0.591ms
			TextAssetPostProcessor.OnPostprocessAllAssets 0.523ms
			ScenarioDriftAssetsTracker.OnPostprocessAllAssets 0.518ms
			InputActionAssetPostprocessor.OnPostprocessAllAssets 0.486ms
			AssetProcessor.OnPostprocessAllAssets 0.479ms
			ReferencedClipsPostProcessor.OnPostprocessAllAssets 0.478ms
			SpriteShapeAssetPostProcessor.OnPostprocessAllAssets 0.413ms
			PostProcessor.OnPostprocessAllAssets 0.396ms
			AssetEvents.OnPostprocessAllAssets 0.393ms
			InputActionJsonNameModifierAssetProcessor.OnPostprocessAllAssets 0.382ms
			AudioContainerPostProcessor.OnPostprocessAllAssets 0.339ms
			SpriteLibraryAssetPostprocessor.OnPostprocessAllAssets 0.290ms
			ConfigAssetsTracker.OnPostprocessAllAssets 0.269ms
			SamplePostprocessor.OnPostprocessAllAssets 0.216ms
			SpeedTreePostProcessor.OnPostprocessAllAssets 0.202ms
			PSDImportPostProcessor.OnPostprocessAllAssets 0.130ms
			PSDImporterAssetPostProcessor.OnPostprocessAllAssets 0.107ms
	PostAssetChangesProfiler: 4.951ms
	UnloadStreamsBegin: 3.128ms
	PersistCurrentRevisions: 0.185ms
	GenerateScriptTypeHashes: 5.066ms
	GenerateScriptTypeSerializationHashes: 8.693ms
	Untracked: 2505.160ms

Application.AssetDatabase Initial Refresh End
Launched and connected shader compiler UnityShaderCompiler.exe after 0.03 seconds
Scanning for USB devices : 1.595ms
Initializing Unity extensions:
[MODES] ModeService[none].Initialize
[MODES] ModeService[none].LoadModes
[MODES] Loading mode Default (0) for mode-current-id-rustline
Unloading 27 Unused Serialized files (Serialized files now loaded: 0)
Unloading 7041 unused Assets / (5.3 MB). Loaded Objects now: 7923.
Memory consumption went from 212.2 MB to 206.9 MB.
Total: 28.181400 ms (FindLiveObjects: 1.652800 ms CreateObjectMapping: 1.695000 ms MarkObjects: 12.938100 ms  DeleteObjects: 11.885500 ms)

[Project] Loading completed in 36.924 seconds
	Project init time: 				33.275 seconds
		Template init time: 		0.000 seconds
		Package Manager init time: 		3.309 seconds
		Asset Database init time: 		1.942 seconds
		Global illumination init time: 	0.006 seconds
		Assemblies load time: 			7.088 seconds
		Unity extensions init time: 	0.010 seconds
		Asset Database refresh time: 	17.898 seconds
	Scene opening time: 			2.753 seconds
##utp:{"type":"ProjectInfo","version":2,"phase":"Immediate","time":1788984180929,"processId":52760,"projectLoad":36.924193800000008,"projectInit":33.2753857,"templateInit":0.0,"packageManagerInit":3.3088811,"assetDatabaseInit":1.9423169,"globalIlluminationInit":0.0057096,"assembliesLoad":7.0883993,"unityExtensionsInit":0.0097931,"assetDatabaseRefresh":17.8981585,"sceneOpening":2.7528076}
##utp:{"type":"EditorInfo","version":2,"phase":"Immediate","time":1788984180929,"processId":52760,"editorVersion":"6000.4.0f1 (8cf496087c8f)","branch":"6000.4/staging","buildType":"Release","platform":"Windows"}
Asset Pipeline Refresh (id=f48b01cfb81c399418d863c4988972b5): Total: 0.103 seconds - Initiated by RefreshV2(ForceSynchronousImport)
[Licensing::Client] Successfully resolved entitlement details
[Licensing::Client] Successfully resolved entitlement details
Running tests for ExecutionSettings with details:
targetPlatform = 
playerHeartbeatTimeout = 600
filters[0] = 
   Filter with settings:
   testMode = PlayMode
   targetPlatform = 
   testNames = null
   groupNames = null
   categoryNames = null
   assemblyNames = null
ignoreTests = {}
featureFlags = null

UnityEngine.Debug:ExtractStackTraceNoAlloc (byte*,int,string)
UnityEngine.StackTraceUtility:ExtractStackTrace ()
UnityEngine.DebugLogHandler:Internal_Log (UnityEngine.LogType,UnityEngine.LogOption,string,UnityEngine.Object)
UnityEngine.DebugLogHandler:LogFormat (UnityEngine.LogType,UnityEngine.Object,string,object[])
UnityEngine.Logger:Log (UnityEngine.LogType,object)
UnityEngine.Debug:Log (object)
UnityEditor.TestTools.TestRunner.CommandLineTest.Executer:InitializeAndExecuteRun (string[]) (at ./Library/PackageCache/com.unity.test-framework@629486125cfc/UnityEditor.TestRunner/CommandLineTest/Executer.cs:53)
UnityEditor.TestTools.TestRunner.CommandLineTest.TestStarter:InitializeAndExecuteRun () (at ./Library/PackageCache/com.unity.test-framework@629486125cfc/UnityEditor.TestRunner/CommandLineTest/TestStarter.cs:64)
UnityEditor.EditorApplication:Internal_CallUpdateFunctions ()

(Filename: ./Library/PackageCache/com.unity.test-framework@629486125cfc/UnityEditor.TestRunner/CommandLineTest/Executer.cs Line: 53)

Start Indexing on Editor startup
[Indexing] Starting Initial Indexing for Assets
[UnityConnectServicesConfig] config is NOT valid, switching to default
Created GICache directory at C:/Users/pedro/AppData/LocalLow/Unity/Caches/GiCache. Took: 0.084s, timestamps: [36.934 - 37.018]
Unloading 1 Unused Serialized files (Serialized files now loaded: 0)
Unloading 1 unused Assets / (55.6 KB). Loaded Objects now: 7945.
Memory consumption went from 184.7 MB to 184.6 MB.
Total: 19.463100 ms (FindLiveObjects: 0.544400 ms CreateObjectMapping: 0.630500 ms MarkObjects: 18.231000 ms  DeleteObjects: 0.054400 ms)

Start importing Assets/InitTestScene5d9c497b-1f2c-463a-924b-1565eed361d0.unity using Guid(e0926cf1027d4e24fa59e2cc34e1d90d) (DefaultImporter) -> (Import Result ID: '57b667c58eb66b9502dd2e40618d2586') in 0.0192195 seconds [static dependencies only]. Details - ImportResultOutputID=683fd67d149ff9f78f1b82461a10f882 DependenciesID=43c9a88e19d77a609dd068626a3cc9d6 StaticDependenciesID=5c820440072e78e32d83e5f72359d866 
Refreshing native plugins compatible for Editor in 4.56 ms, found 4 plugins.
Asset Pipeline Refresh (id=c3c076a1dd2b560499e5f5ecaacfaa2e): Total: 0.149 seconds - Initiated by StopAssetImportingV2(NoUpdateAssetOptions)
Executing IPrebuildSetup for: Unity.PerformanceTesting.Editor.TestRunBuilder.
UnityEngine.Debug:ExtractStackTraceNoAlloc (byte*,int,string)
UnityEngine.StackTraceUtility:ExtractStackTrace ()
UnityEngine.DebugLogHandler:Internal_Log (UnityEngine.LogType,UnityEngine.LogOption,string,UnityEngine.Object)
UnityEngine.DebugLogHandler:LogFormat (UnityEngine.LogType,UnityEngine.Object,string,object[])
UnityEngine.Logger:Log (UnityEngine.LogType,object)
UnityEngine.Debug:Log (object)
UnityEditor.TestTools.TestRunner.TestRun.Tasks.BuildActionTaskBase`1/<ExecuteMethods>d__8<UnityEngine.TestTools.IPrebuildSetup>:MoveNext () (at ./Library/PackageCache/com.unity.test-framework@629486125cfc/UnityEditor.TestRunner/TestRun/Tasks/BuildActionTaskBase.cs:48)
UnityEditor.TestTools.TestRunner.TestRun.Tasks.BuildActionTaskBase`1/<Execute>d__7<UnityEngine.TestTools.IPrebuildSetup>:MoveNext () (at ./Library/PackageCache/com.unity.test-framework@629486125cfc/UnityEditor.TestRunner/TestRun/Tasks/BuildActionTaskBase.cs:34)
UnityEditor.TestTools.TestRunner.TestRun.TestJobRunner:ExecuteStep () (at ./Library/PackageCache/com.unity.test-framework@629486125cfc/UnityEditor.TestRunner/TestRun/TestJobRunner.cs:173)
UnityEditor.TestTools.TestRunner.TestRun.TestJobRunner:ExecuteCallback () (at ./Library/PackageCache/com.unity.test-framework@629486125cfc/UnityEditor.TestRunner/TestRun/TestJobRunner.cs:108)
UnityEditor.EditorApplication:Internal_CallUpdateFunctions ()

(Filename: ./Library/PackageCache/com.unity.test-framework@629486125cfc/UnityEditor.TestRunner/TestRun/Tasks/BuildActionTaskBase.cs Line: 48)

SpriteAtlasPacking completed in 0.004552 sec
Reloading assemblies for play mode.
Reloading assemblies after forced synchronous recompile.
Assembly Assembly-CSharp-Editor-firstpass.dll at Library/ScriptAssemblies/Assembly-CSharp-Editor-firstpass.dll not valid. Loading of assembly skipped.
Assembly Assembly-CSharp-firstpass.dll at Library/ScriptAssemblies/Assembly-CSharp-firstpass.dll not valid. Loading of assembly skipped.
Assembly Assembly-CSharp.dll at Library/ScriptAssemblies/Assembly-CSharp.dll not valid. Loading of assembly skipped.
Assembly DocCodeExamples.dll at Library/ScriptAssemblies/DocCodeExamples.dll not valid. Loading of assembly skipped.
Assembly TestNewCustomAssembly.dll at Library/ScriptAssemblies/TestNewCustomAssembly.dll not valid. Loading of assembly skipped.
Assembly Unity.2D.Animation.EditorTests.dll at Library/ScriptAssemblies/Unity.2D.Animation.EditorTests.dll not valid. Loading of assembly skipped.
Assembly Unity.2D.Aseprite.EditorTests.dll at Library/ScriptAssemblies/Unity.2D.Aseprite.EditorTests.dll not valid. Loading of assembly skipped.
Assembly Unity.2D.Common.EditorTests.dll at Library/ScriptAssemblies/Unity.2D.Common.EditorTests.dll not valid. Loading of assembly skipped.
Assembly Unity.2D.Psdimporter.EditorTests.dll at Library/ScriptAssemblies/Unity.2D.Psdimporter.EditorTests.dll not valid. Loading of assembly skipped.
Assembly Unity.2D.Sprite.Package.EditorTests.dll at Library/ScriptAssemblies/Unity.2D.Sprite.Package.EditorTests.dll not valid. Loading of assembly skipped.
Assembly Unity.2D.SpriteShape.EditorTests.dll at Library/ScriptAssemblies/Unity.2D.SpriteShape.EditorTests.dll not valid. Loading of assembly skipped.
Assembly Unity.2D.Tilemap.Package.EditorTests.dll at Library/ScriptAssemblies/Unity.2D.Tilemap.Package.EditorTests.dll not valid. Loading of assembly skipped.
Assembly Unity.Collections.BurstCompatibilityGen.dll at Library/ScriptAssemblies/Unity.Collections.BurstCompatibilityGen.dll not valid. Loading of assembly skipped.
Assembly Unity.Collections.DocCodeSamples.dll at Library/ScriptAssemblies/Unity.Collections.DocCodeSamples.dll not valid. Loading of assembly skipped.
Assembly Unity.Collections.PerformanceTests.dll at Library/ScriptAssemblies/Unity.Collections.PerformanceTests.dll not valid. Loading of assembly skipped.
Assembly Unity.Collections.Tests.dll at Library/ScriptAssemblies/Unity.Collections.Tests.dll not valid. Loading of assembly skipped.
Assembly Unity.Collections.Tests.Playmode.dll at Library/ScriptAssemblies/Unity.Collections.Tests.Playmode.dll not valid. Loading of assembly skipped.
Assembly Unity.InputSystem.IntegrationTests.dll at Library/ScriptAssemblies/Unity.InputSystem.IntegrationTests.dll not valid. Loading of assembly skipped.
Assembly Unity.Mathematics.Tests.dll at Library/ScriptAssemblies/Unity.Mathematics.Tests.dll not valid. Loading of assembly skipped.
Assembly Unity.Nuget.Mono-Cecil.dll at Library/ScriptAssemblies/Unity.Nuget.Mono-Cecil.dll not valid. Loading of assembly skipped.
Assembly Unity.PathTracing.Editor.Tests.dll at Library/ScriptAssemblies/Unity.PathTracing.Editor.Tests.dll not valid. Loading of assembly skipped.
Assembly Unity.PathTracing.Runtime.Tests.dll at Library/ScriptAssemblies/Unity.PathTracing.Runtime.Tests.dll not valid. Loading of assembly skipped.
Assembly Unity.RenderPipelines.Core.Editor.Tests.dll at Library/ScriptAssemblies/Unity.RenderPipelines.Core.Editor.Tests.dll not valid. Loading of assembly skipped.
Assembly Unity.RenderPipelines.Core.Runtime.Tests.dll at Library/ScriptAssemblies/Unity.RenderPipelines.Core.Runtime.Tests.dll not valid. Loading of assembly skipped.
Assembly Unity.RenderPipelines.Universal.Config.Editor.Tests.dll at Library/ScriptAssemblies/Unity.RenderPipelines.Universal.Config.Editor.Tests.dll not valid. Loading of assembly skipped.
Assembly Unity.RenderPipelines.Universal.Editor.Tests.dll at Library/ScriptAssemblies/Unity.RenderPipelines.Universal.Editor.Tests.dll not valid. Loading of assembly skipped.
Assembly Unity.RenderPipelines.Universal.Runtime.Tests.dll at Library/ScriptAssemblies/Unity.RenderPipelines.Universal.Runtime.Tests.dll not valid. Loading of assembly skipped.
Assembly Unity.Searcher.EditorTests.dll at Library/ScriptAssemblies/Unity.Searcher.EditorTests.dll not valid. Loading of assembly skipped.
Assembly Unity.ShaderGraph.Editor.Tests.dll at Library/ScriptAssemblies/Unity.ShaderGraph.Editor.Tests.dll not valid. Loading of assembly skipped.
Assembly Unity.TextMeshPro.Editor.Tests.dll at Library/ScriptAssemblies/Unity.TextMeshPro.Editor.Tests.dll not valid. Loading of assembly skipped.
Assembly Unity.TextMeshPro.Tests.dll at Library/ScriptAssemblies/Unity.TextMeshPro.Tests.dll not valid. Loading of assembly skipped.
Assembly Unity.UnifiedRayTracing.Editor.Tests.dll at Library/ScriptAssemblies/Unity.UnifiedRayTracing.Editor.Tests.dll not valid. Loading of assembly skipped.
Assembly UnityEditor.UI.Common.Tests.dll at Library/ScriptAssemblies/UnityEditor.UI.Common.Tests.dll not valid. Loading of assembly skipped.
Assembly UnityEditor.UI.EditorTests.dll at Library/ScriptAssemblies/UnityEditor.UI.EditorTests.dll not valid. Loading of assembly skipped.
Assembly UnityEngine.UI.Tests.dll at Library/ScriptAssemblies/UnityEngine.UI.Tests.dll not valid. Loading of assembly skipped.
Begin MonoManager ReloadAssembly
Assembly Assembly-CSharp-Editor-firstpass.dll at Library/ScriptAssemblies/Assembly-CSharp-Editor-firstpass.dll not valid. Loading of assembly skipped.
Assembly Assembly-CSharp-firstpass.dll at Library/ScriptAssemblies/Assembly-CSharp-firstpass.dll not valid. Loading of assembly skipped.
Assembly Assembly-CSharp.dll at Library/ScriptAssemblies/Assembly-CSharp.dll not valid. Loading of assembly skipped.
Assembly DocCodeExamples.dll at Library/ScriptAssemblies/DocCodeExamples.dll not valid. Loading of assembly skipped.
Assembly TestNewCustomAssembly.dll at Library/ScriptAssemblies/TestNewCustomAssembly.dll not valid. Loading of assembly skipped.
Assembly Unity.2D.Animation.EditorTests.dll at Library/ScriptAssemblies/Unity.2D.Animation.EditorTests.dll not valid. Loading of assembly skipped.
Assembly Unity.2D.Aseprite.EditorTests.dll at Library/ScriptAssemblies/Unity.2D.Aseprite.EditorTests.dll not valid. Loading of assembly skipped.
Assembly Unity.2D.Common.EditorTests.dll at Library/ScriptAssemblies/Unity.2D.Common.EditorTests.dll not valid. Loading of assembly skipped.
Assembly Unity.2D.Psdimporter.EditorTests.dll at Library/ScriptAssemblies/Unity.2D.Psdimporter.EditorTests.dll not valid. Loading of assembly skipped.
Assembly Unity.2D.Sprite.Package.EditorTests.dll at Library/ScriptAssemblies/Unity.2D.Sprite.Package.EditorTests.dll not valid. Loading of assembly skipped.
Assembly Unity.2D.SpriteShape.EditorTests.dll at Library/ScriptAssemblies/Unity.2D.SpriteShape.EditorTests.dll not valid. Loading of assembly skipped.
Assembly Unity.2D.Tilemap.Package.EditorTests.dll at Library/ScriptAssemblies/Unity.2D.Tilemap.Package.EditorTests.dll not valid. Loading of assembly skipped.
Assembly Unity.Collections.BurstCompatibilityGen.dll at Library/ScriptAssemblies/Unity.Collections.BurstCompatibilityGen.dll not valid. Loading of assembly skipped.
Assembly Unity.Collections.DocCodeSamples.dll at Library/ScriptAssemblies/Unity.Collections.DocCodeSamples.dll not valid. Loading of assembly skipped.
Assembly Unity.Collections.PerformanceTests.dll at Library/ScriptAssemblies/Unity.Collections.PerformanceTests.dll not valid. Loading of assembly skipped.
Assembly Unity.Collections.Tests.dll at Library/ScriptAssemblies/Unity.Collections.Tests.dll not valid. Loading of assembly skipped.
Assembly Unity.Collections.Tests.Playmode.dll at Library/ScriptAssemblies/Unity.Collections.Tests.Playmode.dll not valid. Loading of assembly skipped.
Assembly Unity.InputSystem.IntegrationTests.dll at Library/ScriptAssemblies/Unity.InputSystem.IntegrationTests.dll not valid. Loading of assembly skipped.
Assembly Unity.Mathematics.Tests.dll at Library/ScriptAssemblies/Unity.Mathematics.Tests.dll not valid. Loading of assembly skipped.
Assembly Unity.Nuget.Mono-Cecil.dll at Library/ScriptAssemblies/Unity.Nuget.Mono-Cecil.dll not valid. Loading of assembly skipped.
Assembly Unity.PathTracing.Editor.Tests.dll at Library/ScriptAssemblies/Unity.PathTracing.Editor.Tests.dll not valid. Loading of assembly skipped.
Assembly Unity.PathTracing.Runtime.Tests.dll at Library/ScriptAssemblies/Unity.PathTracing.Runtime.Tests.dll not valid. Loading of assembly skipped.
Assembly Unity.RenderPipelines.Core.Editor.Tests.dll at Library/ScriptAssemblies/Unity.RenderPipelines.Core.Editor.Tests.dll not valid. Loading of assembly skipped.
Assembly Unity.RenderPipelines.Core.Runtime.Tests.dll at Library/ScriptAssemblies/Unity.RenderPipelines.Core.Runtime.Tests.dll not valid. Loading of assembly skipped.
Assembly Unity.RenderPipelines.Universal.Config.Editor.Tests.dll at Library/ScriptAssemblies/Unity.RenderPipelines.Universal.Config.Editor.Tests.dll not valid. Loading of assembly skipped.
Assembly Unity.RenderPipelines.Universal.Editor.Tests.dll at Library/ScriptAssemblies/Unity.RenderPipelines.Universal.Editor.Tests.dll not valid. Loading of assembly skipped.
Assembly Unity.RenderPipelines.Universal.Runtime.Tests.dll at Library/ScriptAssemblies/Unity.RenderPipelines.Universal.Runtime.Tests.dll not valid. Loading of assembly skipped.
Assembly Unity.Searcher.EditorTests.dll at Library/ScriptAssemblies/Unity.Searcher.EditorTests.dll not valid. Loading of assembly skipped.
Assembly Unity.ShaderGraph.Editor.Tests.dll at Library/ScriptAssemblies/Unity.ShaderGraph.Editor.Tests.dll not valid. Loading of assembly skipped.
Assembly Unity.TextMeshPro.Editor.Tests.dll at Library/ScriptAssemblies/Unity.TextMeshPro.Editor.Tests.dll not valid. Loading of assembly skipped.
Assembly Unity.TextMeshPro.Tests.dll at Library/ScriptAssemblies/Unity.TextMeshPro.Tests.dll not valid. Loading of assembly skipped.
Assembly Unity.UnifiedRayTracing.Editor.Tests.dll at Library/ScriptAssemblies/Unity.UnifiedRayTracing.Editor.Tests.dll not valid. Loading of assembly skipped.
Assembly UnityEditor.UI.Common.Tests.dll at Library/ScriptAssemblies/UnityEditor.UI.Common.Tests.dll not valid. Loading of assembly skipped.
Assembly UnityEditor.UI.EditorTests.dll at Library/ScriptAssemblies/UnityEditor.UI.EditorTests.dll not valid. Loading of assembly skipped.
Assembly UnityEngine.UI.Tests.dll at Library/ScriptAssemblies/UnityEngine.UI.Tests.dll not valid. Loading of assembly skipped.
Refreshing native plugins compatible for Editor in 3.08 ms, found 4 plugins.
Native extension for LinuxStandalone target not found
Native extension for AppleTV target not found
Native extension for iOS target not found
Native extension for Android target not found
Native extension for WindowsStandalone target not found
Failed to load: C:/Program Files/Unity/Hub/Editor/6000.4.0f1/Editor/Data/PlaybackEngines/VisionOSPlayer\x64\UnityEditor.VisionOS.Native.dll
Native extension for VisionOS target not found
Native extension for WebGL target not found
ScheduleIndexationOnStartup MainProcess:True IndexOnStartup:True
Mono: successfully reloaded assembly
- Finished resetting the current domain, in  2.795 seconds
Domain Reload Profiling: 4688ms
	BeginReloadAssembly (1054ms)
		DisableScriptedObjects (212ms)
		CreateAndSetChildDomain (567ms)
	RebuildCommonClasses (110ms)
	RebuildNativeTypeToScriptingClass (29ms)
	initialDomainReloadingComplete (152ms)
	LoadAllAssembliesAndSetupDomain (546ms)
		LoadAssemblies (306ms)
		AnalyzeDomain (408ms)
			TypeCache.Refresh (17ms)
			BuildScriptInfoCaches (368ms)
			ResolveRequiredComponents (18ms)
	FinalizeReload (2796ms)
		SetupLoadedEditorAssemblies (0ms)
			InitializePlatformSupportModulesInManaged (97ms)
			BeforeProcessingInitializeOnLoad (466ms)
			ProcessInitializeOnLoadAttributes (982ms)
			ProcessInitializeOnLoadMethodAttributes (512ms)
			AfterProcessingInitializeOnLoad (15ms)
		AwakeInstancesAfterBackupRestoration (84ms)
(Values over 0.050ms)
Asset Pipeline Refresh (id=82085629c3c5a9a49b28c94b51c4318b): Total: 5.087 seconds - Initiated by StopAssetImportingV2(ForceSynchronousImport | ForceDomainReload)
	Summary:
		Imports: total=0 (actual=0, local cache=0, cache server=0)
		Asset DB Process Time: managed=0 ms, native=2983 ms
		Asset DB Callback time: managed=54 ms, native=1 ms
		Scripting: domain reloads=1, domain reload time=2044 ms, compile time=1 ms, other=0 ms
		Project Asset Count: scripts=1531, non-scripts=3263
		Asset File Changes: new=0, changed=0, moved=0, deleted=0
		Scan Filter Count: 0
	InvokePackagesCallback: 4.107ms
	ApplyChangesToAssetFolders: 0.473ms
	ProcessAssetsWithTransientArtifactChanges: 5.603ms
	CategorizeAssets: 108.491ms
	CompileScripts: 1.217ms
	ImportOutOfDateAssets: 2811.771ms (2807.459ms without children)
		CollectScriptTypesHashes: 7.660ms
		ReloadNativeAssets: 1.860ms
		UnloadImportedAssets: 0.230ms
		EnsureUptoDateAssetsAreRegisteredWithGuidPM: 1.186ms
		OnDemandSchedulerStart: 0.984ms
	PostProcessAllAssets: 54.589ms
		MonoPostProcessAllAssets: 54.580ms
			UniversalRenderPipelineGlobalSettingsPostprocessor.OnPostprocessAllAssets 22.748ms
			SyncVS.PostprocessSyncProject 3.826ms
			SpeedTree9Postprocessor.OnPostprocessAllAssets 2.854ms
			WindowAssetPostprocessingWatcher.OnPostprocessAllAssets 2.633ms
			AssetPostprocessor.OnPostprocessAllAssets 2.460ms
			SpriteShapeAssetPostProcessor.OnPostprocessAllAssets 0.845ms
			RenderPipelineGlobalSettingsPostprocessor.OnPostprocessAllAssets 0.825ms
			AssetChangedListener.OnPostprocessAllAssets 0.640ms
			ReferencedClipsPostProcessor.OnPostprocessAllAssets 0.380ms
			InputActionAssetPostprocessor.OnPostprocessAllAssets 0.374ms
			AssetDatabaseCallbacks.OnPostprocessAllAssets 0.324ms
			ProjectSettingsPostprocessor.OnPostprocessAllAssets 0.303ms
			TerrainToolbarOverlayPostProcessor.OnPostprocessAllAssets 0.295ms
			ShaderGraphAssetPostProcessor.OnPostprocessAllAssets 0.277ms
			SpriteEditorTexturePostprocessor.OnPostprocessAllAssets 0.160ms
			PostProcessor.OnPostprocessAllAssets 0.078ms
			TMPro_TexturePostProcessor.OnPostprocessAllAssets 0.076ms
	GatherAllCurrentPrimaryImportResultRevisions: 0.490ms
	UnloadStreamsBegin: 0.444ms
	PersistCurrentRevisions: 0.223ms
	GenerateScriptTypeHashes: 11.232ms
	GenerateScriptTypeSerializationHashes: 17.067ms
	Untracked: 2082.202ms

Loaded scene 'Temp/__Backupscenes/0.backup'
	Deserialize:            1.564 ms
	Integration:            393.800 ms
	Integration of assets:  0.004 ms
	Thread Wait Time:       0.099 ms
	Total Operation Time:   395.467 ms
[MODES] ModeService[none].Initialize
[MODES] ModeService[none].LoadModes
[Licensing::Client] Successfully resolved entitlement details
[Licensing::Client] Successfully resolved entitlement details
Unloading 137 Unused Serialized files (Serialized files now loaded: 0)
UnloadTime: 0.565400 ms
Loaded scene 'Assets/Scenes/MovementLab.unity'
	Deserialize:            94.414 ms
	Integration:            514.153 ms
	Integration of assets:  68.683 ms
	Thread Wait Time:       -0.030 ms
	Total Operation Time:   677.220 ms
Unloading 210 unused Assets / (3.8 MB). Loaded Objects now: 8751.
Memory consumption went from 225.2 MB to 221.3 MB.
Total: 12.744400 ms (FindLiveObjects: 0.703100 ms CreateObjectMapping: 1.014500 ms MarkObjects: 9.685200 ms  DeleteObjects: 1.340100 ms)

Unloading 10 Unused Serialized files (Serialized files now loaded: 0)
UnloadTime: 7.130400 ms
Loaded scene 'Assets/Scenes/ArtShowcase.unity'
	Deserialize:            13.440 ms
	Integration:            282.384 ms
	Integration of assets:  0.318 ms
	Thread Wait Time:       0.049 ms
	Total Operation Time:   296.192 ms
Unloading 526 unused Assets / (6.6 MB). Loaded Objects now: 8587.
Memory consumption went from 215.9 MB to 209.4 MB.
Total: 17.962800 ms (FindLiveObjects: 0.456400 ms CreateObjectMapping: 0.217200 ms MarkObjects: 14.490200 ms  DeleteObjects: 2.796800 ms)

Unloading 113 Unused Serialized files (Serialized files now loaded: 0)
UnloadTime: 5.522100 ms
Loaded scene 'Assets/Scenes/MovementLab.unity'
	Deserialize:            58.659 ms
	Integration:            393.278 ms
	Integration of assets:  13.247 ms
	Thread Wait Time:       -0.028 ms
	Total Operation Time:   465.156 ms
Unloading 63 unused Assets / (59.0 KB). Loaded Objects now: 8911.
Memory consumption went from 216.5 MB to 216.5 MB.
Total: 12.411900 ms (FindLiveObjects: 0.934200 ms CreateObjectMapping: 0.384100 ms MarkObjects: 10.895500 ms  DeleteObjects: 0.196100 ms)

Unloading 2 Unused Serialized files (Serialized files now loaded: 0)
UnloadTime: 0.723300 ms
Loaded scene 'Assets/Scenes/MovementLab.unity'
	Deserialize:            10.997 ms
	Integration:            326.600 ms
	Integration of assets:  0.171 ms
	Thread Wait Time:       3.933 ms
	Total Operation Time:   341.702 ms
Unloading 39 unused Assets / (5.7 KB). Loaded Objects now: 8915.
Memory consumption went from 217.1 MB to 217.1 MB.
Total: 16.012900 ms (FindLiveObjects: 1.089800 ms CreateObjectMapping: 0.628400 ms MarkObjects: 14.199500 ms  DeleteObjects: 0.093100 ms)

Unloading 2 Unused Serialized files (Serialized files now loaded: 0)
UnloadTime: 1.077000 ms
Loaded scene 'Assets/Scenes/MovementLab.unity'
	Deserialize:            15.199 ms
	Integration:            339.429 ms
	Integration of assets:  0.357 ms
	Thread Wait Time:       0.093 ms
	Total Operation Time:   355.078 ms
Unloading 39 unused Assets / (5.7 KB). Loaded Objects now: 8915.
Memory consumption went from 217.1 MB to 217.1 MB.
Total: 12.841600 ms (FindLiveObjects: 0.667700 ms CreateObjectMapping: 0.271200 ms MarkObjects: 11.711100 ms  DeleteObjects: 0.188900 ms)

Unloading 2 Unused Serialized files (Serialized files now loaded: 0)
UnloadTime: 1.643900 ms
Loaded scene 'Assets/Scenes/MovementLab.unity'
	Deserialize:            11.720 ms
	Integration:            371.281 ms
	Integration of assets:  0.447 ms
	Thread Wait Time:       4.024 ms
	Total Operation Time:   387.472 ms
Unloading 39 unused Assets / (5.7 KB). Loaded Objects now: 8915.
Memory consumption went from 217.1 MB to 217.1 MB.
Total: 15.541900 ms (FindLiveObjects: 0.464100 ms CreateObjectMapping: 0.212100 ms MarkObjects: 14.771500 ms  DeleteObjects: 0.093200 ms)

Unloading 2 Unused Serialized files (Serialized files now loaded: 0)
UnloadTime: 1.668200 ms
Loaded scene 'Assets/Scenes/MovementLab.unity'
	Deserialize:            18.438 ms
	Integration:            357.870 ms
	Integration of assets:  0.478 ms
	Thread Wait Time:       0.012 ms
	Total Operation Time:   376.797 ms
Unloading 39 unused Assets / (5.7 KB). Loaded Objects now: 8915.
Memory consumption went from 217.1 MB to 217.1 MB.
Total: 16.160200 ms (FindLiveObjects: 0.433300 ms CreateObjectMapping: 0.207400 ms MarkObjects: 15.420900 ms  DeleteObjects: 0.097200 ms)

Unloading 2 Unused Serialized files (Serialized files now loaded: 0)
UnloadTime: 0.804800 ms
Loaded scene 'Assets/Scenes/MovementLab.unity'
	Deserialize:            14.501 ms
	Integration:            447.554 ms
	Integration of assets:  0.379 ms
	Thread Wait Time:       0.044 ms
	Total Operation Time:   462.479 ms
Unloading 39 unused Assets / (5.7 KB). Loaded Objects now: 8915.
Memory consumption went from 217.1 MB to 217.1 MB.
Total: 14.829700 ms (FindLiveObjects: 1.039100 ms CreateObjectMapping: 0.590300 ms MarkObjects: 12.977100 ms  DeleteObjects: 0.220300 ms)

Unloading 2 Unused Serialized files (Serialized files now loaded: 0)
UnloadTime: 1.501200 ms
Loaded scene 'Assets/Scenes/MovementLab.unity'
	Deserialize:            14.330 ms
	Integration:            433.477 ms
	Integration of assets:  0.329 ms
	Thread Wait Time:       0.062 ms
	Total Operation Time:   448.199 ms
Unloading 39 unused Assets / (5.7 KB). Loaded Objects now: 8915.
Memory consumption went from 217.1 MB to 217.1 MB.
Total: 12.250400 ms (FindLiveObjects: 0.510600 ms CreateObjectMapping: 1.131100 ms MarkObjects: 10.512400 ms  DeleteObjects: 0.095000 ms)

Unloading 2 Unused Serialized files (Serialized files now loaded: 0)
UnloadTime: 1.527700 ms
Loaded scene 'Assets/Scenes/MovementLab.unity'
	Deserialize:            14.938 ms
	Integration:            342.575 ms
	Integration of assets:  0.454 ms
	Thread Wait Time:       0.047 ms
	Total Operation Time:   358.014 ms
Unloading 39 unused Assets / (7.1 KB). Loaded Objects now: 8915.
Memory consumption went from 217.1 MB to 217.1 MB.
Total: 12.135000 ms (FindLiveObjects: 0.438700 ms CreateObjectMapping: 0.185400 ms MarkObjects: 11.235600 ms  DeleteObjects: 0.272800 ms)

Unloading 2 Unused Serialized files (Serialized files now loaded: 0)
UnloadTime: 0.671800 ms
Loaded scene 'Assets/Scenes/MovementLab.unity'
	Deserialize:            9.183 ms
	Integration:            331.234 ms
	Integration of assets:  0.147 ms
	Thread Wait Time:       3.474 ms
	Total Operation Time:   344.038 ms
Unloading 39 unused Assets / (5.7 KB). Loaded Objects now: 8915.
Memory consumption went from 217.1 MB to 217.1 MB.
Total: 13.190300 ms (FindLiveObjects: 0.450400 ms CreateObjectMapping: 0.198500 ms MarkObjects: 12.450800 ms  DeleteObjects: 0.089200 ms)

Unloading 2 Unused Serialized files (Serialized files now loaded: 0)
UnloadTime: 0.703500 ms
Loaded scene 'Assets/Scenes/MovementLab.unity'
	Deserialize:            15.307 ms
	Integration:            336.572 ms
	Integration of assets:  0.207 ms
	Thread Wait Time:       0.040 ms
	Total Operation Time:   352.126 ms
Unloading 39 unused Assets / (5.7 KB). Loaded Objects now: 8915.
Memory consumption went from 217.1 MB to 217.1 MB.
Total: 12.821700 ms (FindLiveObjects: 1.125600 ms CreateObjectMapping: 0.267000 ms MarkObjects: 11.328900 ms  DeleteObjects: 0.098100 ms)

TrimDiskCacheJob: Current cache size 0mb
