[Licensing::Module] Trying to connect to existing licensing client channel...
Built from '6000.4/staging' branch; Version is '6000.4.0f1 (8cf496087c8f) revision 9237654'; Using compiler version '194234433'; Build Type 'Release'
[Licensing::IpcConnector] Successfully connected to: "LicenseClient-pedro" at "2026-09-09T19:54:57.1528309Z"
OS: 'Windows 11  (10.0.26200) CoreSingleLanguage' Language: 'pt' Physical Memory: 32460 MB
BatchMode: 1, IsHumanControllingUs: 0, StartBugReporterOnCrash: 0, Is64bit: 1
System  architecture: x64
Process architecture: x64
Date: 2026-09-09T19:54:57Z

COMMAND LINE ARGUMENTS:
C:\Program Files\Unity\Hub\Editor\6000.4.0f1\Editor\Unity.exe
-batchmode
-projectPath
C:\Projetos\Github\rustline
-runTests
-testPlatform
PlayMode
-testResults
C:\Projetos\Github\rustline\TestResults-play-full-rerun.xml
-logFile
C:\Projetos\Github\rustline\play-full-rerun.log
Successfully changed project path to: C:\Projetos\Github\rustline
C:/Projetos/Github/rustline
[UnityMemory] Configuration Parameters - Can be set up in boot.config
    "memorysetup-temp-allocator-size-gi-baking-worker=262144"
    "memorysetup-temp-allocator-size-gi-baking-worker=262144"
    "memorysetup-temp-allocator-size-gi-baking-worker=262144"
    "memorysetup-temp-allocator-size-gi-baking-worker=262144"
    "memorysetup-temp-allocator-size-gi-baking-worker=262144"
    "memorysetup-temp-allocator-size-nav-mesh-worker=65536"
    "memorysetup-temp-allocator-size-audio-worker=65536"
    "memorysetup-temp-allocator-size-cloud-worker=32768"
    "memorysetup-temp-allocator-size-gfx=262144"
    "memorysetup-temp-allocator-size-preload-manager=33554432"
    "memorysetup-temp-allocator-size-job-worker=262144"
    "memorysetup-temp-allocator-size-background-worker=32768"
    "memorysetup-allocator-temp-initial-block-size-main=262144"
    "memorysetup-allocator-temp-initial-block-size-worker=262144"
    "memorysetup-bucket-allocator-granularity=16"
    "memorysetup-bucket-allocator-bucket-count=8"
    "memorysetup-bucket-allocator-block-size=33554432"
    "memorysetup-bucket-allocator-block-count=8"
    "memorysetup-main-allocator-block-size=16777216"
    "memorysetup-thread-allocator-block-size=16777216"
    "memorysetup-gfx-main-allocator-block-size=16777216"
    "memorysetup-gfx-thread-allocator-block-size=16777216"
    "memorysetup-cache-allocator-block-size=4194304"
    "memorysetup-typetree-allocator-block-size=2097152"
    "memorysetup-profiler-bucket-allocator-granularity=16"
    "memorysetup-profiler-bucket-allocator-bucket-count=8"
    "memorysetup-profiler-bucket-allocator-block-size=33554432"
    "memorysetup-profiler-bucket-allocator-block-count=8"
    "memorysetup-profiler-allocator-block-size=16777216"
    "memorysetup-profiler-editor-allocator-block-size=1048576"
    "memorysetup-temp-allocator-size-main=16777216"
    "memorysetup-job-temp-allocator-block-size=2097152"
    "memorysetup-job-temp-allocator-block-size-background=1048576"
    "memorysetup-job-temp-allocator-reduction-small-platforms=262144"
Player connection [44244]  Target information:

Player connection [44244]  * "[IP] 192.168.56.1 [Port] 55504 [Flags] 2 [Guid] 2789951650 [EditorId] 2789951650 [Version] 1048832 [Id] WindowsEditor(7,HAL) [Debug] 1 [PackageName] WindowsEditor [ProjectName] Editor" 

Player connection [44244]  * "[IP] 172.18.64.1 [Port] 55504 [Flags] 2 [Guid] 2789951650 [EditorId] 2789951650 [Version] 1048832 [Id] WindowsEditor(7,HAL) [Debug] 1 [PackageName] WindowsEditor [ProjectName] Editor" 

Player connection [44244]  * "[IP] 192.168.2.7 [Port] 55504 [Flags] 2 [Guid] 2789951650 [EditorId] 2789951650 [Version] 1048832 [Id] WindowsEditor(7,HAL) [Debug] 1 [PackageName] WindowsEditor [ProjectName] Editor" 

Unable to join player connection multicast group (err: 10013).
Player connection [44244] Host joined alternative multi-casting on [225.0.0.222:34997]...
Input System module state changed to: Initialized.
[Physics::Module] Initialized fallback backend.
[Physics::Module] Id: 0xdecafbad
[Package Manager] Connected to IPC stream "Upm-51732" after 0.6 seconds.
[Licensing::Module] Licensing is not yet initialized.
[Licensing::Client] Error: HandshakeResponse reported an error:
	ResponseCode: 505
	ResponseStatus: Unsupported protocol version '1.18.1'.
[Licensing::Module] Error: Failed to handshake to channel: "LicenseClient-pedro"
[Licensing::IpcConnector] LicenseClient-pedro channel disconnected successfully.
[Licensing::IpcConnector] Channel LicenseClient-pedro-6000.4.0 doesn't exist
[Licensing::Module] Successfully launched the LicensingClient (PId: 52336)
[Licensing::IpcConnector] Successfully connected to: "LicenseClient-pedro-6000.4.0" at "2026-09-09T19:54:59.2074243Z"
[Licensing::Client] Handshaking with LicensingClient:
  Version:                 1.18.1+9fbee8e
  Session Id:              35bad6d0050b48eabf2a6ce8e3526a83
  Correlation Id:          145306043ff1c8aab679e85682b70aff
  External correlation Id: 2150949688703280425
  Machine Id:              bVarEh7pdWlrHNQkjgbo2ZGeDds=
[Licensing::Module] Successfully connected to LicensingClient on channel: "LicenseClient-pedro-6000.4.0" (connect: 0.37s, validation: 0.09s, handshake: 1.47s)
[Licensing::IpcConnector] Successfully connected to: "LicenseClient-pedro-6000.4.0-notifications" at "2026-09-09T19:55:00.7621948Z"
[Licensing::Module] Connected to LicensingClient (PId: 52336, launch time: 0.01, total connection time: 1.93s)
[Licensing::Module] Error: Access token is unavailable; failed to update
[Licensing::Client] Successfully resolved entitlement details
[Licensing::Module] License group:
  Id: 4674099990778-UnityPersXXXX
  Product: Unity Personal
  Type: Assigned
  Expiration: Unlimited
[Licensing::Client] Successfully updated license, isAsync: True, time: 0.02
[Licensing::Module] Licensing Background thread has ended after 3.65s
[Licensing::Module] Licensing is initialized (took 2.30s).
[Licensing::Client] Successfully resolved entitlement details
Library Redirect Path: Library/
[Physics::Module] Selected backend.
[Physics::Module] Name: PhysX
[Physics::Module] Id: 0xf2b8ea05
[Physics::Module] SDK Version: 4.1.2
[Physics::Module] Integration Version: 1.0.0
[Physics::Module] Threading Mode: Multi-Threaded
Active build profile path: `Assets/Settings/Build Profiles/Windows.asset`
Got setting from build profile YAML, name `m_BuildTarget`, value `19`
Got setting from build profile YAML, name `m_Subtarget`, value `2`
Initialize engine version: 6000.4.0f1 (8cf496087c8f)
[Subsystems] Discovering subsystems at path C:/Program Files/Unity/Hub/Editor/6000.4.0f1/Editor/Data/Resources/UnitySubsystems
[Subsystems] Discovering subsystems at path C:/Projetos/Github/rustline/Assets
GfxDevice: creating device client; kGfxThreadingModeNonThreaded
Direct3D:
    Version:  Direct3D 11.0 [level 11.1]
    Renderer: NVIDIA GeForce MX550 (ID=0x1f9f)
    Vendor:   NVIDIA
    VRAM:     1905 MB
    Driver:   32.0.15.9608
Initialize mono
Mono path[0] = 'C:/Program Files/Unity/Hub/Editor/6000.4.0f1/Editor/Data/Managed'
Mono path[1] = 'C:/Program Files/Unity/Hub/Editor/6000.4.0f1/Editor/Data/MonoBleedingEdge/lib/mono/unityjit-win32'
Mono config path = 'C:/Program Files/Unity/Hub/Editor/6000.4.0f1/Editor/Data/MonoBleedingEdge/etc'
Using monoOptions --debugger-agent=transport=dt_socket,embedding=1,server=y,suspend=n,address=127.0.0.1:56732
CodeReloadManager initialized
Using cacheserver namespaces - metadata:defaultmetadata, artifacts:defaultartifacts
Using cacheserver namespaces - metadata:defaultmetadata, artifacts:defaultartifacts
ImportWorker Server TCP listen port: 0
AcceleratorClientConnectionCallback - disconnected - :0
Begin MonoManager ReloadAssembly
Registering precompiled unity dll's ...
Register platform support module: C:/Program Files/Unity/Hub/Editor/6000.4.0f1/Editor/Data/PlaybackEngines/WebGLSupport/UnityEditor.WebGL.Extensions.dll
[Licensing::Client] Successfully resolved entitlement details
Register platform support module: C:/Program Files/Unity/Hub/Editor/6000.4.0f1/Editor/Data/PlaybackEngines/VisionOSPlayer/UnityEditor.VisionOS.Extensions.dll
Register platform support module: C:/Program Files/Unity/Hub/Editor/6000.4.0f1/Editor/Data/PlaybackEngines/WindowsStandaloneSupport/UnityEditor.WindowsStandalone.Extensions.dll
[Licensing::Client] Successfully resolved entitlement details
Register platform support module: C:/Program Files/Unity/Hub/Editor/6000.4.0f1/Editor/Data/PlaybackEngines/AndroidPlayer/UnityEditor.Android.Extensions.dll
Register platform support module: C:/Program Files/Unity/Hub/Editor/6000.4.0f1/Editor/Data/PlaybackEngines/iOSSupport/UnityEditor.iOS.Extensions.dll
Register platform support module: C:/Program Files/Unity/Hub/Editor/6000.4.0f1/Editor/Data/PlaybackEngines/AppleTVSupport/UnityEditor.AppleTV.Extensions.dll
Register platform support module: C:/Program Files/Unity/Hub/Editor/6000.4.0f1/Editor/Data/PlaybackEngines/LinuxStandaloneSupport/UnityEditor.LinuxStandalone.Extensions.dll
Registered in 0.015598 seconds.
Native extension for LinuxStandalone target not found
Native extension for AppleTV target not found
Native extension for iOS target not found
Native extension for Android target not found
Android Extension - Scanning For ADB Devices 2379 ms
Native extension for WindowsStandalone target not found
Failed to load: C:/Program Files/Unity/Hub/Editor/6000.4.0f1/Editor/Data/PlaybackEngines/VisionOSPlayer\x64\UnityEditor.VisionOS.Native.dll
Native extension for VisionOS target not found
Native extension for WebGL target not found
Package Manager log level set to [2]
[Licensing::Client] Successfully resolved entitlement details
ScheduleIndexationOnStartup MainProcess:False IndexOnStartup:True
Mono: successfully reloaded assembly
- Finished resetting the current domain, in  5.902 seconds
Domain Reload Profiling: 6568ms
	BeginReloadAssembly (161ms)
		CreateAndSetChildDomain (17ms)
	RebuildCommonClasses (72ms)
	RebuildNativeTypeToScriptingClass (14ms)
	initialDomainReloadingComplete (93ms)
	LoadAllAssembliesAndSetupDomain (323ms)
		LoadAssemblies (144ms)
		AnalyzeDomain (310ms)
			TypeCache.Refresh (307ms)
				TypeCache.ScanAssembly (291ms)
	FinalizeReload (5904ms)
		SetupLoadedEditorAssemblies (0ms)
			InitializePlatformSupportModulesInManaged (2505ms)
			BeforeProcessingInitializeOnLoad (100ms)
			ProcessInitializeOnLoadAttributes (107ms)
			ProcessInitializeOnLoadMethodAttributes (3104ms)
[Licensing::Client] Successfully resolved entitlement details
Application.AssetDatabase Initial Refresh Start
[Package Manager] Restoring resolved packages state from cache
[Licensing::Client] Successfully resolved entitlement details
[Package Manager] Registered 64 packages:
  Packages from [https://packages.unity.com]:
    com.unity.2d.animation@14.0.3 (location: C:\Projetos\Github\rustline\Library\PackageCache\com.unity.2d.animation@a6f2f1d22eb5)
    com.unity.2d.aseprite@4.0.1 (location: C:\Projetos\Github\rustline\Library\PackageCache\com.unity.2d.aseprite@151b68d46c40)
    com.unity.2d.psdimporter@13.0.2 (location: C:\Projetos\Github\rustline\Library\PackageCache\com.unity.2d.psdimporter@11a0e04e0561)
    com.unity.2d.spriteshape@14.0.1 (location: C:\Projetos\Github\rustline\Library\PackageCache\com.unity.2d.spriteshape@da3647ffbbd7)
    com.unity.2d.tilemap.extras@7.0.1 (location: C:\Projetos\Github\rustline\Library\PackageCache\com.unity.2d.tilemap.extras@66df903b3633)
    com.unity.2d.tooling@2.0.1 (location: C:\Projetos\Github\rustline\Library\PackageCache\com.unity.2d.tooling@baa4133dcff2)
    com.unity.collab-proxy@2.11.4 (location: C:\Projetos\Github\rustline\Library\PackageCache\com.unity.collab-proxy@a5329f833fa8)
    com.unity.ide.rider@3.0.39 (location: C:\Projetos\Github\rustline\Library\PackageCache\com.unity.ide.rider@4504839d03f7)
    com.unity.ide.visualstudio@2.0.27 (location: C:\Projetos\Github\rustline\Library\PackageCache\com.unity.ide.visualstudio@dc1ddd4f09b6)
    com.unity.inputsystem@1.19.0 (location: C:\Projetos\Github\rustline\Library\PackageCache\com.unity.inputsystem@21a28c3a6c83)
    com.unity.timeline@1.8.11 (location: C:\Projetos\Github\rustline\Library\PackageCache\com.unity.timeline@bfd27f8016ff)
    com.unity.visualscripting@1.9.10 (location: C:\Projetos\Github\rustline\Library\PackageCache\com.unity.visualscripting@eb6004dcc707)
    com.unity.2d.common@13.0.1 (location: C:\Projetos\Github\rustline\Library\PackageCache\com.unity.2d.common@49d8bea2bff3)
    com.unity.mathematics@1.3.3 (location: C:\Projetos\Github\rustline\Library\PackageCache\com.unity.mathematics@19a9377c4ffa)
    com.unity.searcher@4.9.4 (location: C:\Projetos\Github\rustline\Library\PackageCache\com.unity.searcher@d45a78918735)
    com.unity.burst@1.8.28 (location: C:\Projetos\Github\rustline\Library\PackageCache\com.unity.burst@07790c2d06d9)
    com.unity.nuget.mono-cecil@1.11.6 (location: C:\Projetos\Github\rustline\Library\PackageCache\com.unity.nuget.mono-cecil@ecb9724e46ff)
    com.unity.test-framework.performance@3.2.0 (location: C:\Projetos\Github\rustline\Library\PackageCache\com.unity.test-framework.performance@0840f58e4562)
  Built-in packages:
    com.unity.2d.sprite@1.0.0 (location: C:\Projetos\Github\rustline\Library\PackageCache\com.unity.2d.sprite@929df5adbb1f)
    com.unity.2d.tilemap@1.0.0 (location: C:\Projetos\Github\rustline\Library\PackageCache\com.unity.2d.tilemap@533f309b6f37)
    com.unity.render-pipelines.universal@17.4.0 (location: C:\Projetos\Github\rustline\Library\PackageCache\com.unity.render-pipelines.universal@0c5162adfb45)
    com.unity.test-framework@1.6.0 (location: C:\Projetos\Github\rustline\Library\PackageCache\com.unity.test-framework@629486125cfc)
    com.unity.ugui@2.0.0 (location: C:\Projetos\Github\rustline\Library\PackageCache\com.unity.ugui@3dd2fbd8c1f1)
    com.unity.modules.accessibility@1.0.0 (location: C:\Projetos\Github\rustline\Library\PackageCache\com.unity.modules.accessibility)
    com.unity.modules.adaptiveperformance@1.0.0 (location: C:\Projetos\Github\rustline\Library\PackageCache\com.unity.modules.adaptiveperformance)
    com.unity.modules.ai@1.0.0 (location: C:\Projetos\Github\rustline\Library\PackageCache\com.unity.modules.ai)
    com.unity.modules.androidjni@1.0.0 (location: C:\Projetos\Github\rustline\Library\PackageCache\com.unity.modules.androidjni)
    com.unity.modules.animation@1.0.0 (location: C:\Projetos\Github\rustline\Library\PackageCache\com.unity.modules.animation)
    com.unity.modules.assetbundle@1.0.0 (location: C:\Projetos\Github\rustline\Library\PackageCache\com.unity.modules.assetbundle)
    com.unity.modules.audio@1.0.0 (location: C:\Projetos\Github\rustline\Library\PackageCache\com.unity.modules.audio)
    com.unity.modules.cloth@1.0.0 (location: C:\Projetos\Github\rustline\Library\PackageCache\com.unity.modules.cloth)
    com.unity.modules.director@1.0.0 (location: C:\Projetos\Github\rustline\Library\PackageCache\com.unity.modules.director)
    com.unity.modules.imageconversion@1.0.0 (location: C:\Projetos\Github\rustline\Library\PackageCache\com.unity.modules.imageconversion)
    com.unity.modules.imgui@1.0.0 (location: C:\Projetos\Github\rustline\Library\PackageCache\com.unity.modules.imgui)
    com.unity.modules.jsonserialize@1.0.0 (location: C:\Projetos\Github\rustline\Library\PackageCache\com.unity.modules.jsonserialize)
    com.unity.modules.particlesystem@1.0.0 (location: C:\Projetos\Github\rustline\Library\PackageCache\com.unity.modules.particlesystem)
    com.unity.modules.physics@1.0.0 (location: C:\Projetos\Github\rustline\Library\PackageCache\com.unity.modules.physics)
    com.unity.modules.physics2d@1.0.0 (location: C:\Projetos\Github\rustline\Library\PackageCache\com.unity.modules.physics2d)
    com.unity.modules.screencapture@1.0.0 (location: C:\Projetos\Github\rustline\Library\PackageCache\com.unity.modules.screencapture)
    com.unity.modules.terrain@1.0.0 (location: C:\Projetos\Github\rustline\Library\PackageCache\com.unity.modules.terrain)
    com.unity.modules.terrainphysics@1.0.0 (location: C:\Projetos\Github\rustline\Library\PackageCache\com.unity.modules.terrainphysics)
    com.unity.modules.tilemap@1.0.0 (location: C:\Projetos\Github\rustline\Library\PackageCache\com.unity.modules.tilemap)
    com.unity.modules.ui@1.0.0 (location: C:\Projetos\Github\rustline\Library\PackageCache\com.unity.modules.ui)
    com.unity.modules.uielements@1.0.0 (location: C:\Projetos\Github\rustline\Library\PackageCache\com.unity.modules.uielements)
    com.unity.modules.umbra@1.0.0 (location: C:\Projetos\Github\rustline\Library\PackageCache\com.unity.modules.umbra)
    com.unity.modules.unityanalytics@1.0.0 (location: C:\Projetos\Github\rustline\Library\PackageCache\com.unity.modules.unityanalytics)
    com.unity.modules.unitywebrequest@1.0.0 (location: C:\Projetos\Github\rustline\Library\PackageCache\com.unity.modules.unitywebrequest)
    com.unity.modules.unitywebrequestassetbundle@1.0.0 (location: C:\Projetos\Github\rustline\Library\PackageCache\com.unity.modules.unitywebrequestassetbundle)
    com.unity.modules.unitywebrequestaudio@1.0.0 (location: C:\Projetos\Github\rustline\Library\PackageCache\com.unity.modules.unitywebrequestaudio)
    com.unity.modules.unitywebrequesttexture@1.0.0 (location: C:\Projetos\Github\rustline\Library\PackageCache\com.unity.modules.unitywebrequesttexture)
    com.unity.modules.unitywebrequestwww@1.0.0 (location: C:\Projetos\Github\rustline\Library\PackageCache\com.unity.modules.unitywebrequestwww)
    com.unity.modules.vectorgraphics@1.0.0 (location: C:\Projetos\Github\rustline\Library\PackageCache\com.unity.modules.vectorgraphics)
    com.unity.modules.vehicles@1.0.0 (location: C:\Projetos\Github\rustline\Library\PackageCache\com.unity.modules.vehicles)
    com.unity.modules.video@1.0.0 (location: C:\Projetos\Github\rustline\Library\PackageCache\com.unity.modules.video)
    com.unity.modules.vr@1.0.0 (location: C:\Projetos\Github\rustline\Library\PackageCache\com.unity.modules.vr)
    com.unity.modules.wind@1.0.0 (location: C:\Projetos\Github\rustline\Library\PackageCache\com.unity.modules.wind)
    com.unity.modules.xr@1.0.0 (location: C:\Projetos\Github\rustline\Library\PackageCache\com.unity.modules.xr)
    com.unity.modules.subsystems@1.0.0 (location: C:\Projetos\Github\rustline\Library\PackageCache\com.unity.modules.subsystems)
    com.unity.modules.hierarchycore@1.0.0 (location: C:\Projetos\Github\rustline\Library\PackageCache\com.unity.modules.hierarchycore)
    com.unity.ext.nunit@2.0.5 (location: C:\Projetos\Github\rustline\Library\PackageCache\com.unity.ext.nunit@d8c07649098d)
    com.unity.render-pipelines.core@17.4.0 (location: C:\Projetos\Github\rustline\Library\PackageCache\com.unity.render-pipelines.core@6a60abc179f8)
    com.unity.shadergraph@17.4.0 (location: C:\Projetos\Github\rustline\Library\PackageCache\com.unity.shadergraph@c6e5f4d3afa5)
    com.unity.render-pipelines.universal-config@17.4.0 (location: C:\Projetos\Github\rustline\Library\PackageCache\com.unity.render-pipelines.universal-config@0db4263b9e6b)
    com.unity.collections@6.4.0 (location: C:\Projetos\Github\rustline\Library\PackageCache\com.unity.collections@538ace9075bc)
[Subsystems] No new subsystems found in resolved package list.
[Package Manager] Done registering packages in 0.05 seconds
[ScriptCompilation] Requested script compilation because: AssetDatabase observed changes in script compilation related files
Starting: C:\Program Files\Unity\Hub\Editor\6000.4.0f1\Editor\Data\Tools\BuildPipeline\bee_backend.exe --ipc --defer-dag-verification --dagfile="Library/Bee/1900b0aEDbg.dag" --continue-on-failure --profile="Library/Bee/backend1.traceevents" ScriptAssemblies
WorkingDir: C:/Projetos/Github/rustline
DisplayProgressbar: Compiling Scripts
ExitCode: 0 Duration: 4s37ms
[ 874/1125  0s] ILPP-Configuration Library/ilpp-configuration.nevergeneratedoutput
[1121/1125  3s] Csc Library/Bee/artifacts/1900b0aEDbg.dag/Rustline.PlayModeTests.dll (+2 others)
Assets\Tests\PlayMode\MovementLabPlayModeTests.cs(529,78): warning CS0618: 'FindObjectsSortMode' is obsolete: 'FindObjectsSortMode has been deprecated. Use the FindObjectsByType overloads that do not take a FindObjectsSortMode parameter.'

Assets\Tests\PlayMode\MovementLabPlayModeTests.cs(529,33): warning CS0618: 'Object.FindObjectsByType<T>(FindObjectsSortMode)' is obsolete: 'FindObjectsByType with FindObjectsSortMode parameter has been deprecated. Use FindObjectsByType<T>() or FindObjectsByType<T>(FindObjectsInactive) instead. InstanceID will be replaced in the future with EntityId and previous sort order cannot be maintained.'
[1122/1125  0s] ILPostProcess Library/Bee/artifacts/1900b0aEDbg.dag/post-processed/Rustline.PlayModeTests.dll (+pdb)
Processing assembly Library/Bee/artifacts/1900b0aEDbg.dag/Rustline.PlayModeTests.dll, with 139 defines and 276 references

processors: Unity.Jobs.CodeGen.JobsILPostProcessor, zzzUnity.Burst.CodeGen.BurstILPostProcessor

running Unity.Jobs.CodeGen.JobsILPostProcessor

running zzzUnity.Burst.CodeGen.BurstILPostProcessor
[1123/1125  0s] CopyFiles Library/ScriptAssemblies/Rustline.PlayModeTests.pdb
[1124/1125  0s] CopyFiles Library/ScriptAssemblies/Rustline.PlayModeTests.dll
*** Tundra build success (3.97 seconds), 5 items updated, 1125 evaluated
Assets\Tests\PlayMode\MovementLabPlayModeTests.cs(529,78): warning CS0618: 'FindObjectsSortMode' is obsolete: 'FindObjectsSortMode has been deprecated. Use the FindObjectsByType overloads that do not take a FindObjectsSortMode parameter.'
Assets\Tests\PlayMode\MovementLabPlayModeTests.cs(529,33): warning CS0618: 'Object.FindObjectsByType<T>(FindObjectsSortMode)' is obsolete: 'FindObjectsByType with FindObjectsSortMode parameter has been deprecated. Use FindObjectsByType<T>() or FindObjectsByType<T>(FindObjectsInactive) instead. InstanceID will be replaced in the future with EntityId and previous sort order cannot be maintained.'
AssetDatabase: script compilation time: 4.743077s
Begin MonoManager ReloadAssembly
Assembly Assembly-CSharp-Editor-firstpass.dll at Library/ScriptAssemblies/Assembly-CSharp-Editor-firstpass.dll not valid. Loading of assembly skipped.
Assembly Assembly-CSharp-firstpass.dll at Library/ScriptAssemblies/Assembly-CSharp-firstpass.dll not valid. Loading of assembly skipped.
Assembly Assembly-CSharp.dll at Library/ScriptAssemblies/Assembly-CSharp.dll not valid. Loading of assembly skipped.
Assembly DocCodeExamples.dll at Library/ScriptAssemblies/DocCodeExamples.dll not valid. Loading of assembly skipped.
Assembly TestNewCustomAssembly.dll at Library/ScriptAssemblies/TestNewCustomAssembly.dll not valid. Loading of assembly skipped.
Assembly Unity.2D.Animation.EditorTests.dll at Library/ScriptAssemblies/Unity.2D.Animation.EditorTests.dll not valid. Loading of assembly skipped.
Assembly Unity.2D.Aseprite.EditorTests.dll at Library/ScriptAssemblies/Unity.2D.Aseprite.EditorTests.dll not valid. Loading of assembly skipped.
Assembly Unity.2D.Common.EditorTests.dll at Library/ScriptAssemblies/Unity.2D.Common.EditorTests.dll not valid. Loading of assembly skipped.
Assembly Unity.2D.Psdimporter.EditorTests.dll at Library/ScriptAssemblies/Unity.2D.Psdimporter.EditorTests.dll not valid. Loading of assembly skipped.
Assembly Unity.2D.Sprite.Package.EditorTests.dll at Library/ScriptAssemblies/Unity.2D.Sprite.Package.EditorTests.dll not valid. Loading of assembly skipped.
Assembly Unity.2D.SpriteShape.EditorTests.dll at Library/ScriptAssemblies/Unity.2D.SpriteShape.EditorTests.dll not valid. Loading of assembly skipped.
Assembly Unity.2D.Tilemap.Package.EditorTests.dll at Library/ScriptAssemblies/Unity.2D.Tilemap.Package.EditorTests.dll not valid. Loading of assembly skipped.
Assembly Unity.Collections.BurstCompatibilityGen.dll at Library/ScriptAssemblies/Unity.Collections.BurstCompatibilityGen.dll not valid. Loading of assembly skipped.
Assembly Unity.Collections.DocCodeSamples.dll at Library/ScriptAssemblies/Unity.Collections.DocCodeSamples.dll not valid. Loading of assembly skipped.
Assembly Unity.Collections.PerformanceTests.dll at Library/ScriptAssemblies/Unity.Collections.PerformanceTests.dll not valid. Loading of assembly skipped.
Assembly Unity.Collections.Tests.dll at Library/ScriptAssemblies/Unity.Collections.Tests.dll not valid. Loading of assembly skipped.
Assembly Unity.Collections.Tests.Playmode.dll at Library/ScriptAssemblies/Unity.Collections.Tests.Playmode.dll not valid. Loading of assembly skipped.
Assembly Unity.InputSystem.IntegrationTests.dll at Library/ScriptAssemblies/Unity.InputSystem.IntegrationTests.dll not valid. Loading of assembly skipped.
Assembly Unity.Mathematics.Tests.dll at Library/ScriptAssemblies/Unity.Mathematics.Tests.dll not valid. Loading of assembly skipped.
Assembly Unity.Nuget.Mono-Cecil.dll at Library/ScriptAssemblies/Unity.Nuget.Mono-Cecil.dll not valid. Loading of assembly skipped.
Assembly Unity.PathTracing.Editor.Tests.dll at Library/ScriptAssemblies/Unity.PathTracing.Editor.Tests.dll not valid. Loading of assembly skipped.
Assembly Unity.PathTracing.Runtime.Tests.dll at Library/ScriptAssemblies/Unity.PathTracing.Runtime.Tests.dll not valid. Loading of assembly skipped.
Assembly Unity.RenderPipelines.Core.Editor.Tests.dll at Library/ScriptAssemblies/Unity.RenderPipelines.Core.Editor.Tests.dll not valid. Loading of assembly skipped.
Assembly Unity.RenderPipelines.Core.Runtime.Tests.dll at Library/ScriptAssemblies/Unity.RenderPipelines.Core.Runtime.Tests.dll not valid. Loading of assembly skipped.
Assembly Unity.RenderPipelines.Universal.Config.Editor.Tests.dll at Library/ScriptAssemblies/Unity.RenderPipelines.Universal.Config.Editor.Tests.dll not valid. Loading of assembly skipped.
Assembly Unity.RenderPipelines.Universal.Editor.Tests.dll at Library/ScriptAssemblies/Unity.RenderPipelines.Universal.Editor.Tests.dll not valid. Loading of assembly skipped.
Assembly Unity.RenderPipelines.Universal.Runtime.Tests.dll at Library/ScriptAssemblies/Unity.RenderPipelines.Universal.Runtime.Tests.dll not valid. Loading of assembly skipped.
Assembly Unity.Searcher.EditorTests.dll at Library/ScriptAssemblies/Unity.Searcher.EditorTests.dll not valid. Loading of assembly skipped.
Assembly Unity.ShaderGraph.Editor.Tests.dll at Library/ScriptAssemblies/Unity.ShaderGraph.Editor.Tests.dll not valid. Loading of assembly skipped.
Assembly Unity.TextMeshPro.Editor.Tests.dll at Library/ScriptAssemblies/Unity.TextMeshPro.Editor.Tests.dll not valid. Loading of assembly skipped.
Assembly Unity.TextMeshPro.Tests.dll at Library/ScriptAssemblies/Unity.TextMeshPro.Tests.dll not valid. Loading of assembly skipped.
Assembly Unity.UnifiedRayTracing.Editor.Tests.dll at Library/ScriptAssemblies/Unity.UnifiedRayTracing.Editor.Tests.dll not valid. Loading of assembly skipped.
Assembly UnityEditor.UI.Common.Tests.dll at Library/ScriptAssemblies/UnityEditor.UI.Common.Tests.dll not valid. Loading of assembly skipped.
Assembly UnityEditor.UI.EditorTests.dll at Library/ScriptAssemblies/UnityEditor.UI.EditorTests.dll not valid. Loading of assembly skipped.
Assembly UnityEngine.UI.Tests.dll at Library/ScriptAssemblies/UnityEngine.UI.Tests.dll not valid. Loading of assembly skipped.
Refreshing native plugins compatible for Editor in 3.59 ms, found 4 plugins.
Native extension for LinuxStandalone target not found
Native extension for AppleTV target not found
Native extension for iOS target not found
Native extension for Android target not found
Native extension for WindowsStandalone target not found
Failed to load: C:/Program Files/Unity/Hub/Editor/6000.4.0f1/Editor/Data/PlaybackEngines/VisionOSPlayer\x64\UnityEditor.VisionOS.Native.dll
Native extension for VisionOS target not found
Native extension for WebGL target not found
ScheduleIndexationOnStartup MainProcess:True IndexOnStartup:True
Mono: successfully reloaded assembly
- Finished resetting the current domain, in  7.130 seconds
Domain Reload Profiling: 9141ms
	BeginReloadAssembly (500ms)
		DisableScriptedObjects (67ms)
		CreateAndSetChildDomain (180ms)
	RebuildCommonClasses (67ms)
	RebuildNativeTypeToScriptingClass (16ms)
	initialDomainReloadingComplete (340ms)
	LoadAllAssembliesAndSetupDomain (1086ms)
		LoadAssemblies (821ms)
		AnalyzeDomain (432ms)
			TypeCache.Refresh (317ms)
				TypeCache.ScanAssembly (297ms)
			BuildScriptInfoCaches (98ms)
			ResolveRequiredComponents (15ms)
	FinalizeReload (7132ms)
		SetupLoadedEditorAssemblies (0ms)
			InitializePlatformSupportModulesInManaged (77ms)
			BeforeProcessingInitializeOnLoad (416ms)
			ProcessInitializeOnLoadAttributes (5826ms)
			ProcessInitializeOnLoadMethodAttributes (247ms)
			AfterProcessingInitializeOnLoad (9ms)
		AwakeInstancesAfterBackupRestoration (81ms)
Refreshing native plugins compatible for Editor in 4.51 ms, found 4 plugins.
(Values over 0.050ms)
Asset Pipeline Refresh (id=8467648b38143b94bbde0aeff93f583c): Total: 15.231 seconds - Initiated by InitialRefreshV2(ForceSynchronousImport)
	Summary:
		Imports: total=0 (actual=0, local cache=0, cache server=0)
		Asset DB Process Time: managed=0 ms, native=7891 ms
		Asset DB Callback time: managed=372 ms, native=70 ms
		Scripting: domain reloads=1, domain reload time=2018 ms, compile time=4745 ms, other=133 ms
		Project Asset Count: scripts=1531, non-scripts=3262
		Asset File Changes: new=0, changed=1, moved=0, deleted=0
		Scan Filter Count: 0
	InvokePackagesCallback: 57.031ms
	ApplyChangesToAssetFolders: 2.046ms
	Scan: 185.067ms
	OnSourceAssetsModified: 0.788ms
	CategorizeScriptCompilationAssets: 56.335ms
	ProcessAssetsWithTransientArtifactChanges: 101.182ms
	CategorizeAssets: 119.796ms
	CompileScripts: 4745.174ms
	ImportOutOfDateAssets: 7158.118ms (7153.095ms without children)
		ReloadNativeAssets: 0.059ms
		UnloadImportedAssets: 2.389ms
		EnsureUptoDateAssetsAreRegisteredWithGuidPM: 1.703ms
		OnDemandSchedulerStart: 0.865ms
	PostProcessAllAssets: 377.439ms
		VCAutoAddAssetPostprocess 3.514ms
		XRBuildSystem.XRAssetImported 0.737ms
		MonoPostProcessAllAssets: 371.480ms
			AssetPostprocessor.OnPostprocessAllAssets 217.570ms
			StyleCatalogPostProcessor.OnPostprocessAllAssets 35.798ms
			UniversalRenderPipelineGlobalSettingsPostprocessor.OnPostprocessAllAssets 26.135ms
			BuilderAssetPostprocessor.OnPostprocessAllAssets 10.770ms
			WindowAssetPostprocessingWatcher.OnPostprocessAllAssets 6.217ms
			SyncVS.PostprocessSyncProject 6.186ms
			SpeedTree9Postprocessor.OnPostprocessAllAssets 3.632ms
			RenderPipelineGlobalSettingsPostprocessor.OnPostprocessAllAssets 2.806ms
			ShaderGraphAssetPostProcessor.OnPostprocessAllAssets 2.670ms
			UVCSAssetPostprocessor.OnPostprocessAllAssets 1.876ms
			RetainedModeAssetPostprocessor.OnPostprocessAllAssets 1.842ms
			AssetChangedListener.OnPostprocessAllAssets 1.755ms
			AssetProcessor.OnPostprocessAllAssets 1.649ms
			MaterialPostprocessor.OnPostprocessAllAssets 1.292ms
			AssetEvents.OnPostprocessAllAssets 1.095ms
			SpriteLibraryAssetPostprocessor.OnPostprocessAllAssets 0.892ms
			ReferencedClipsPostProcessor.OnPostprocessAllAssets 0.890ms
			TMPro_TexturePostProcessor.OnPostprocessAllAssets 0.881ms
			ConfigAssetsTracker.OnPostprocessAllAssets 0.879ms
			ArtifactBrowserPostProcessor.OnPostprocessAllAssets 0.831ms
			TextAssetPostProcessor.OnPostprocessAllAssets 0.813ms
			SpriteEditorTexturePostprocessor.OnPostprocessAllAssets 0.790ms
			SamplePostprocessor.OnPostprocessAllAssets 0.776ms
			AssetDatabaseCallbacks.OnPostprocessAllAssets 0.716ms
			InputActionAssetPostprocessor.OnPostprocessAllAssets 0.713ms
			ScenarioDriftAssetsTracker.OnPostprocessAllAssets 0.602ms
			InputActionJsonNameModifierAssetProcessor.OnPostprocessAllAssets 0.602ms
			SpriteShapeAssetPostProcessor.OnPostprocessAllAssets 0.503ms
			TerrainToolbarOverlayPostProcessor.OnPostprocessAllAssets 0.439ms
			AudioMixerPostprocessor.OnPostprocessAllAssets 0.417ms
			ProjectSettingsPostprocessor.OnPostprocessAllAssets 0.408ms
			PostProcessor.OnPostprocessAllAssets 0.389ms
			SpeedTreePostProcessor.OnPostprocessAllAssets 0.343ms
			PSDImportPostProcessor.OnPostprocessAllAssets 0.218ms
			PSDImporterAssetPostProcessor.OnPostprocessAllAssets 0.168ms
			AudioContainerPostProcessor.OnPostprocessAllAssets 0.133ms
	PostAssetChangesProfiler: 11.185ms
	UnloadStreamsBegin: 4.571ms
	PersistCurrentRevisions: 0.206ms
	GenerateScriptTypeHashes: 5.485ms
	GenerateScriptTypeSerializationHashes: 8.967ms
	Untracked: 2401.370ms

Application.AssetDatabase Initial Refresh End
Launched and connected shader compiler UnityShaderCompiler.exe after 0.02 seconds
Scanning for USB devices : 4.728ms
Initializing Unity extensions:
[MODES] ModeService[none].Initialize
[MODES] ModeService[none].LoadModes
[MODES] Loading mode Default (0) for mode-current-id-rustline
Unloading 27 Unused Serialized files (Serialized files now loaded: 0)
Unloading 7041 unused Assets / (7.0 MB). Loaded Objects now: 7923.
Memory consumption went from 223.5 MB to 216.5 MB.
Total: 30.461800 ms (FindLiveObjects: 1.843600 ms CreateObjectMapping: 1.592300 ms MarkObjects: 11.785300 ms  DeleteObjects: 15.227800 ms)

[Project] Loading completed in 32.845 seconds
	Project init time: 				29.586 seconds
		Template init time: 		0.000 seconds
		Package Manager init time: 		2.877 seconds
		Asset Database init time: 		1.803 seconds
		Global illumination init time: 	0.004 seconds
		Assemblies load time: 			6.619 seconds
		Unity extensions init time: 	0.012 seconds
		Asset Database refresh time: 	15.232 seconds
	Scene opening time: 			2.468 seconds
##utp:{"type":"ProjectInfo","version":2,"phase":"Immediate","time":1788983729983,"processId":51732,"projectLoad":32.8447398,"projectInit":29.5857984,"templateInit":0.0,"packageManagerInit":2.8774664,"assetDatabaseInit":1.8031148,"globalIlluminationInit":0.0036856,"assembliesLoad":6.6194753,"unityExtensionsInit":0.0116511,"assetDatabaseRefresh":15.2322882,"sceneOpening":2.4679256}
##utp:{"type":"EditorInfo","version":2,"phase":"Immediate","time":1788983729983,"processId":51732,"editorVersion":"6000.4.0f1 (8cf496087c8f)","branch":"6000.4/staging","buildType":"Release","platform":"Windows"}
Asset Pipeline Refresh (id=aca292c8fc8da634c92491df2bb18d19): Total: 0.099 seconds - Initiated by RefreshV2(ForceSynchronousImport)
[Licensing::Client] Successfully resolved entitlement details
[Licensing::Client] Successfully resolved entitlement details
Running tests for ExecutionSettings with details:
targetPlatform = 
playerHeartbeatTimeout = 600
filters[0] = 
   Filter with settings:
   testMode = PlayMode
   targetPlatform = 
   testNames = null
   groupNames = null
   categoryNames = null
   assemblyNames = null
ignoreTests = {}
featureFlags = null

UnityEngine.Debug:ExtractStackTraceNoAlloc (byte*,int,string)
UnityEngine.StackTraceUtility:ExtractStackTrace ()
UnityEngine.DebugLogHandler:Internal_Log (UnityEngine.LogType,UnityEngine.LogOption,string,UnityEngine.Object)
UnityEngine.DebugLogHandler:LogFormat (UnityEngine.LogType,UnityEngine.Object,string,object[])
UnityEngine.Logger:Log (UnityEngine.LogType,object)
UnityEngine.Debug:Log (object)
UnityEditor.TestTools.TestRunner.CommandLineTest.Executer:InitializeAndExecuteRun (string[]) (at ./Library/PackageCache/com.unity.test-framework@629486125cfc/UnityEditor.TestRunner/CommandLineTest/Executer.cs:53)
UnityEditor.TestTools.TestRunner.CommandLineTest.TestStarter:InitializeAndExecuteRun () (at ./Library/PackageCache/com.unity.test-framework@629486125cfc/UnityEditor.TestRunner/CommandLineTest/TestStarter.cs:64)
UnityEditor.EditorApplication:Internal_CallUpdateFunctions ()

(Filename: ./Library/PackageCache/com.unity.test-framework@629486125cfc/UnityEditor.TestRunner/CommandLineTest/Executer.cs Line: 53)

Start Indexing on Editor startup
[Indexing] Starting Initial Indexing for Assets
[UnityConnectServicesConfig] config is NOT valid, switching to default
Created GICache directory at C:/Users/pedro/AppData/LocalLow/Unity/Caches/GiCache. Took: 0.067s, timestamps: [32.849 - 32.916]
Unloading 1 Unused Serialized files (Serialized files now loaded: 0)
Unloading 1 unused Assets / (55.6 KB). Loaded Objects now: 7945.
Memory consumption went from 196.1 MB to 196.0 MB.
Total: 24.481700 ms (FindLiveObjects: 0.545100 ms CreateObjectMapping: 0.409000 ms MarkObjects: 23.426100 ms  DeleteObjects: 0.098300 ms)

Start importing Assets/InitTestScenebb5aab47-bd97-410b-94f5-3358ed8c4dba.unity using Guid(47da315f80490554bbac6e6ab416d1aa) (DefaultImporter) -> (Import Result ID: '790765c7bcba975653a645111034ec37') in 0.0110782 seconds [static dependencies only]. Details - ImportResultOutputID=29af42697f2e209892d28f22edbb4ceb DependenciesID=5d5c7ffb3c869ff53900af2c77f5c340 StaticDependenciesID=459e6a15b7d723c9df5ddf24f2db1e30 
Refreshing native plugins compatible for Editor in 2.58 ms, found 4 plugins.
Asset Pipeline Refresh (id=4f6898ec9291fb4438a485cddd4fd006): Total: 0.135 seconds - Initiated by StopAssetImportingV2(NoUpdateAssetOptions)
Executing IPrebuildSetup for: Unity.PerformanceTesting.Editor.TestRunBuilder.
UnityEngine.Debug:ExtractStackTraceNoAlloc (byte*,int,string)
UnityEngine.StackTraceUtility:ExtractStackTrace ()
UnityEngine.DebugLogHandler:Internal_Log (UnityEngine.LogType,UnityEngine.LogOption,string,UnityEngine.Object)
UnityEngine.DebugLogHandler:LogFormat (UnityEngine.LogType,UnityEngine.Object,string,object[])
UnityEngine.Logger:Log (UnityEngine.LogType,object)
UnityEngine.Debug:Log (object)
UnityEditor.TestTools.TestRunner.TestRun.Tasks.BuildActionTaskBase`1/<ExecuteMethods>d__8<UnityEngine.TestTools.IPrebuildSetup>:MoveNext () (at ./Library/PackageCache/com.unity.test-framework@629486125cfc/UnityEditor.TestRunner/TestRun/Tasks/BuildActionTaskBase.cs:48)
UnityEditor.TestTools.TestRunner.TestRun.Tasks.BuildActionTaskBase`1/<Execute>d__7<UnityEngine.TestTools.IPrebuildSetup>:MoveNext () (at ./Library/PackageCache/com.unity.test-framework@629486125cfc/UnityEditor.TestRunner/TestRun/Tasks/BuildActionTaskBase.cs:34)
UnityEditor.TestTools.TestRunner.TestRun.TestJobRunner:ExecuteStep () (at ./Library/PackageCache/com.unity.test-framework@629486125cfc/UnityEditor.TestRunner/TestRun/TestJobRunner.cs:173)
UnityEditor.TestTools.TestRunner.TestRun.TestJobRunner:ExecuteCallback () (at ./Library/PackageCache/com.unity.test-framework@629486125cfc/UnityEditor.TestRunner/TestRun/TestJobRunner.cs:108)
UnityEditor.EditorApplication:Internal_CallUpdateFunctions ()

(Filename: ./Library/PackageCache/com.unity.test-framework@629486125cfc/UnityEditor.TestRunner/TestRun/Tasks/BuildActionTaskBase.cs Line: 48)

SpriteAtlasPacking completed in 0.005782 sec
Reloading assemblies for play mode.
Reloading assemblies after forced synchronous recompile.
Assembly Assembly-CSharp-Editor-firstpass.dll at Library/ScriptAssemblies/Assembly-CSharp-Editor-firstpass.dll not valid. Loading of assembly skipped.
Assembly Assembly-CSharp-firstpass.dll at Library/ScriptAssemblies/Assembly-CSharp-firstpass.dll not valid. Loading of assembly skipped.
Assembly Assembly-CSharp.dll at Library/ScriptAssemblies/Assembly-CSharp.dll not valid. Loading of assembly skipped.
Assembly DocCodeExamples.dll at Library/ScriptAssemblies/DocCodeExamples.dll not valid. Loading of assembly skipped.
Assembly TestNewCustomAssembly.dll at Library/ScriptAssemblies/TestNewCustomAssembly.dll not valid. Loading of assembly skipped.
Assembly Unity.2D.Animation.EditorTests.dll at Library/ScriptAssemblies/Unity.2D.Animation.EditorTests.dll not valid. Loading of assembly skipped.
Assembly Unity.2D.Aseprite.EditorTests.dll at Library/ScriptAssemblies/Unity.2D.Aseprite.EditorTests.dll not valid. Loading of assembly skipped.
Assembly Unity.2D.Common.EditorTests.dll at Library/ScriptAssemblies/Unity.2D.Common.EditorTests.dll not valid. Loading of assembly skipped.
Assembly Unity.2D.Psdimporter.EditorTests.dll at Library/ScriptAssemblies/Unity.2D.Psdimporter.EditorTests.dll not valid. Loading of assembly skipped.
Assembly Unity.2D.Sprite.Package.EditorTests.dll at Library/ScriptAssemblies/Unity.2D.Sprite.Package.EditorTests.dll not valid. Loading of assembly skipped.
Assembly Unity.2D.SpriteShape.EditorTests.dll at Library/ScriptAssemblies/Unity.2D.SpriteShape.EditorTests.dll not valid. Loading of assembly skipped.
Assembly Unity.2D.Tilemap.Package.EditorTests.dll at Library/ScriptAssemblies/Unity.2D.Tilemap.Package.EditorTests.dll not valid. Loading of assembly skipped.
Assembly Unity.Collections.BurstCompatibilityGen.dll at Library/ScriptAssemblies/Unity.Collections.BurstCompatibilityGen.dll not valid. Loading of assembly skipped.
Assembly Unity.Collections.DocCodeSamples.dll at Library/ScriptAssemblies/Unity.Collections.DocCodeSamples.dll not valid. Loading of assembly skipped.
Assembly Unity.Collections.PerformanceTests.dll at Library/ScriptAssemblies/Unity.Collections.PerformanceTests.dll not valid. Loading of assembly skipped.
Assembly Unity.Collections.Tests.dll at Library/ScriptAssemblies/Unity.Collections.Tests.dll not valid. Loading of assembly skipped.
Assembly Unity.Collections.Tests.Playmode.dll at Library/ScriptAssemblies/Unity.Collections.Tests.Playmode.dll not valid. Loading of assembly skipped.
Assembly Unity.InputSystem.IntegrationTests.dll at Library/ScriptAssemblies/Unity.InputSystem.IntegrationTests.dll not valid. Loading of assembly skipped.
Assembly Unity.Mathematics.Tests.dll at Library/ScriptAssemblies/Unity.Mathematics.Tests.dll not valid. Loading of assembly skipped.
Assembly Unity.Nuget.Mono-Cecil.dll at Library/ScriptAssemblies/Unity.Nuget.Mono-Cecil.dll not valid. Loading of assembly skipped.
Assembly Unity.PathTracing.Editor.Tests.dll at Library/ScriptAssemblies/Unity.PathTracing.Editor.Tests.dll not valid. Loading of assembly skipped.
Assembly Unity.PathTracing.Runtime.Tests.dll at Library/ScriptAssemblies/Unity.PathTracing.Runtime.Tests.dll not valid. Loading of assembly skipped.
Assembly Unity.RenderPipelines.Core.Editor.Tests.dll at Library/ScriptAssemblies/Unity.RenderPipelines.Core.Editor.Tests.dll not valid. Loading of assembly skipped.
Assembly Unity.RenderPipelines.Core.Runtime.Tests.dll at Library/ScriptAssemblies/Unity.RenderPipelines.Core.Runtime.Tests.dll not valid. Loading of assembly skipped.
Assembly Unity.RenderPipelines.Universal.Config.Editor.Tests.dll at Library/ScriptAssemblies/Unity.RenderPipelines.Universal.Config.Editor.Tests.dll not valid. Loading of assembly skipped.
Assembly Unity.RenderPipelines.Universal.Editor.Tests.dll at Library/ScriptAssemblies/Unity.RenderPipelines.Universal.Editor.Tests.dll not valid. Loading of assembly skipped.
Assembly Unity.RenderPipelines.Universal.Runtime.Tests.dll at Library/ScriptAssemblies/Unity.RenderPipelines.Universal.Runtime.Tests.dll not valid. Loading of assembly skipped.
Assembly Unity.Searcher.EditorTests.dll at Library/ScriptAssemblies/Unity.Searcher.EditorTests.dll not valid. Loading of assembly skipped.
Assembly Unity.ShaderGraph.Editor.Tests.dll at Library/ScriptAssemblies/Unity.ShaderGraph.Editor.Tests.dll not valid. Loading of assembly skipped.
Assembly Unity.TextMeshPro.Editor.Tests.dll at Library/ScriptAssemblies/Unity.TextMeshPro.Editor.Tests.dll not valid. Loading of assembly skipped.
Assembly Unity.TextMeshPro.Tests.dll at Library/ScriptAssemblies/Unity.TextMeshPro.Tests.dll not valid. Loading of assembly skipped.
Assembly Unity.UnifiedRayTracing.Editor.Tests.dll at Library/ScriptAssemblies/Unity.UnifiedRayTracing.Editor.Tests.dll not valid. Loading of assembly skipped.
Assembly UnityEditor.UI.Common.Tests.dll at Library/ScriptAssemblies/UnityEditor.UI.Common.Tests.dll not valid. Loading of assembly skipped.
Assembly UnityEditor.UI.EditorTests.dll at Library/ScriptAssemblies/UnityEditor.UI.EditorTests.dll not valid. Loading of assembly skipped.
Assembly UnityEngine.UI.Tests.dll at Library/ScriptAssemblies/UnityEngine.UI.Tests.dll not valid. Loading of assembly skipped.
Begin MonoManager ReloadAssembly
Assembly Assembly-CSharp-Editor-firstpass.dll at Library/ScriptAssemblies/Assembly-CSharp-Editor-firstpass.dll not valid. Loading of assembly skipped.
Assembly Assembly-CSharp-firstpass.dll at Library/ScriptAssemblies/Assembly-CSharp-firstpass.dll not valid. Loading of assembly skipped.
Assembly Assembly-CSharp.dll at Library/ScriptAssemblies/Assembly-CSharp.dll not valid. Loading of assembly skipped.
Assembly DocCodeExamples.dll at Library/ScriptAssemblies/DocCodeExamples.dll not valid. Loading of assembly skipped.
Assembly TestNewCustomAssembly.dll at Library/ScriptAssemblies/TestNewCustomAssembly.dll not valid. Loading of assembly skipped.
Assembly Unity.2D.Animation.EditorTests.dll at Library/ScriptAssemblies/Unity.2D.Animation.EditorTests.dll not valid. Loading of assembly skipped.
Assembly Unity.2D.Aseprite.EditorTests.dll at Library/ScriptAssemblies/Unity.2D.Aseprite.EditorTests.dll not valid. Loading of assembly skipped.
Assembly Unity.2D.Common.EditorTests.dll at Library/ScriptAssemblies/Unity.2D.Common.EditorTests.dll not valid. Loading of assembly skipped.
Assembly Unity.2D.Psdimporter.EditorTests.dll at Library/ScriptAssemblies/Unity.2D.Psdimporter.EditorTests.dll not valid. Loading of assembly skipped.
Assembly Unity.2D.Sprite.Package.EditorTests.dll at Library/ScriptAssemblies/Unity.2D.Sprite.Package.EditorTests.dll not valid. Loading of assembly skipped.
Assembly Unity.2D.SpriteShape.EditorTests.dll at Library/ScriptAssemblies/Unity.2D.SpriteShape.EditorTests.dll not valid. Loading of assembly skipped.
Assembly Unity.2D.Tilemap.Package.EditorTests.dll at Library/ScriptAssemblies/Unity.2D.Tilemap.Package.EditorTests.dll not valid. Loading of assembly skipped.
Assembly Unity.Collections.BurstCompatibilityGen.dll at Library/ScriptAssemblies/Unity.Collections.BurstCompatibilityGen.dll not valid. Loading of assembly skipped.
Assembly Unity.Collections.DocCodeSamples.dll at Library/ScriptAssemblies/Unity.Collections.DocCodeSamples.dll not valid. Loading of assembly skipped.
Assembly Unity.Collections.PerformanceTests.dll at Library/ScriptAssemblies/Unity.Collections.PerformanceTests.dll not valid. Loading of assembly skipped.
Assembly Unity.Collections.Tests.dll at Library/ScriptAssemblies/Unity.Collections.Tests.dll not valid. Loading of assembly skipped.
Assembly Unity.Collections.Tests.Playmode.dll at Library/ScriptAssemblies/Unity.Collections.Tests.Playmode.dll not valid. Loading of assembly skipped.
Assembly Unity.InputSystem.IntegrationTests.dll at Library/ScriptAssemblies/Unity.InputSystem.IntegrationTests.dll not valid. Loading of assembly skipped.
Assembly Unity.Mathematics.Tests.dll at Library/ScriptAssemblies/Unity.Mathematics.Tests.dll not valid. Loading of assembly skipped.
Assembly Unity.Nuget.Mono-Cecil.dll at Library/ScriptAssemblies/Unity.Nuget.Mono-Cecil.dll not valid. Loading of assembly skipped.
Assembly Unity.PathTracing.Editor.Tests.dll at Library/ScriptAssemblies/Unity.PathTracing.Editor.Tests.dll not valid. Loading of assembly skipped.
Assembly Unity.PathTracing.Runtime.Tests.dll at Library/ScriptAssemblies/Unity.PathTracing.Runtime.Tests.dll not valid. Loading of assembly skipped.
Assembly Unity.RenderPipelines.Core.Editor.Tests.dll at Library/ScriptAssemblies/Unity.RenderPipelines.Core.Editor.Tests.dll not valid. Loading of assembly skipped.
Assembly Unity.RenderPipelines.Core.Runtime.Tests.dll at Library/ScriptAssemblies/Unity.RenderPipelines.Core.Runtime.Tests.dll not valid. Loading of assembly skipped.
Assembly Unity.RenderPipelines.Universal.Config.Editor.Tests.dll at Library/ScriptAssemblies/Unity.RenderPipelines.Universal.Config.Editor.Tests.dll not valid. Loading of assembly skipped.
Assembly Unity.RenderPipelines.Universal.Editor.Tests.dll at Library/ScriptAssemblies/Unity.RenderPipelines.Universal.Editor.Tests.dll not valid. Loading of assembly skipped.
Assembly Unity.RenderPipelines.Universal.Runtime.Tests.dll at Library/ScriptAssemblies/Unity.RenderPipelines.Universal.Runtime.Tests.dll not valid. Loading of assembly skipped.
Assembly Unity.Searcher.EditorTests.dll at Library/ScriptAssemblies/Unity.Searcher.EditorTests.dll not valid. Loading of assembly skipped.
Assembly Unity.ShaderGraph.Editor.Tests.dll at Library/ScriptAssemblies/Unity.ShaderGraph.Editor.Tests.dll not valid. Loading of assembly skipped.
Assembly Unity.TextMeshPro.Editor.Tests.dll at Library/ScriptAssemblies/Unity.TextMeshPro.Editor.Tests.dll not valid. Loading of assembly skipped.
Assembly Unity.TextMeshPro.Tests.dll at Library/ScriptAssemblies/Unity.TextMeshPro.Tests.dll not valid. Loading of assembly skipped.
Assembly Unity.UnifiedRayTracing.Editor.Tests.dll at Library/ScriptAssemblies/Unity.UnifiedRayTracing.Editor.Tests.dll not valid. Loading of assembly skipped.
Assembly UnityEditor.UI.Common.Tests.dll at Library/ScriptAssemblies/UnityEditor.UI.Common.Tests.dll not valid. Loading of assembly skipped.
Assembly UnityEditor.UI.EditorTests.dll at Library/ScriptAssemblies/UnityEditor.UI.EditorTests.dll not valid. Loading of assembly skipped.
Assembly UnityEngine.UI.Tests.dll at Library/ScriptAssemblies/UnityEngine.UI.Tests.dll not valid. Loading of assembly skipped.
Refreshing native plugins compatible for Editor in 3.80 ms, found 4 plugins.
Native extension for LinuxStandalone target not found
Native extension for AppleTV target not found
Native extension for iOS target not found
Native extension for Android target not found
Native extension for WindowsStandalone target not found
Failed to load: C:/Program Files/Unity/Hub/Editor/6000.4.0f1/Editor/Data/PlaybackEngines/VisionOSPlayer\x64\UnityEditor.VisionOS.Native.dll
Native extension for VisionOS target not found
Native extension for WebGL target not found
ScheduleIndexationOnStartup MainProcess:True IndexOnStartup:True
Mono: successfully reloaded assembly
- Finished resetting the current domain, in  3.095 seconds
Domain Reload Profiling: 5033ms
	BeginReloadAssembly (982ms)
		DisableScriptedObjects (85ms)
		CreateAndSetChildDomain (587ms)
	RebuildCommonClasses (70ms)
	RebuildNativeTypeToScriptingClass (25ms)
	initialDomainReloadingComplete (130ms)
	LoadAllAssembliesAndSetupDomain (729ms)
		LoadAssemblies (354ms)
		AnalyzeDomain (568ms)
			TypeCache.Refresh (25ms)
			BuildScriptInfoCaches (514ms)
			ResolveRequiredComponents (24ms)
	FinalizeReload (3096ms)
		SetupLoadedEditorAssemblies (0ms)
			InitializePlatformSupportModulesInManaged (112ms)
			BeforeProcessingInitializeOnLoad (525ms)
			ProcessInitializeOnLoadAttributes (869ms)
			ProcessInitializeOnLoadMethodAttributes (640ms)
			AfterProcessingInitializeOnLoad (11ms)
		AwakeInstancesAfterBackupRestoration (83ms)
(Values over 0.050ms)
Asset Pipeline Refresh (id=17e91a81ea57c434886325bbbd652985): Total: 5.417 seconds - Initiated by StopAssetImportingV2(ForceSynchronousImport | ForceDomainReload)
	Summary:
		Imports: total=0 (actual=0, local cache=0, cache server=0)
		Asset DB Process Time: managed=0 ms, native=3318 ms
		Asset DB Callback time: managed=45 ms, native=0 ms
		Scripting: domain reloads=1, domain reload time=2051 ms, compile time=1 ms, other=0 ms
		Project Asset Count: scripts=1531, non-scripts=3263
		Asset File Changes: new=0, changed=0, moved=0, deleted=0
		Scan Filter Count: 0
	InvokePackagesCallback: 3.945ms
	ApplyChangesToAssetFolders: 0.503ms
	ProcessAssetsWithTransientArtifactChanges: 7.034ms
	CategorizeAssets: 116.065ms
	CompileScripts: 1.373ms
	ImportOutOfDateAssets: 3117.259ms (3112.441ms without children)
		CollectScriptTypesHashes: 2.942ms
		ReloadNativeAssets: 1.678ms
		UnloadImportedAssets: 0.166ms
		EnsureUptoDateAssetsAreRegisteredWithGuidPM: 1.510ms
		OnDemandSchedulerStart: 1.268ms
	PostProcessAllAssets: 45.337ms
		MonoPostProcessAllAssets: 45.328ms
			UniversalRenderPipelineGlobalSettingsPostprocessor.OnPostprocessAllAssets 16.780ms
			SyncVS.PostprocessSyncProject 3.839ms
			ShaderGraphAssetPostProcessor.OnPostprocessAllAssets 3.822ms
			WindowAssetPostprocessingWatcher.OnPostprocessAllAssets 3.451ms
			SpeedTree9Postprocessor.OnPostprocessAllAssets 2.805ms
			AssetPostprocessor.OnPostprocessAllAssets 2.295ms
			SpriteShapeAssetPostProcessor.OnPostprocessAllAssets 1.526ms
			RenderPipelineGlobalSettingsPostprocessor.OnPostprocessAllAssets 0.897ms
			InputActionAssetPostprocessor.OnPostprocessAllAssets 0.429ms
			ReferencedClipsPostProcessor.OnPostprocessAllAssets 0.376ms
			TerrainToolbarOverlayPostProcessor.OnPostprocessAllAssets 0.328ms
			SpriteEditorTexturePostprocessor.OnPostprocessAllAssets 0.299ms
			ProjectSettingsPostprocessor.OnPostprocessAllAssets 0.279ms
			AssetChangedListener.OnPostprocessAllAssets 0.256ms
			AssetDatabaseCallbacks.OnPostprocessAllAssets 0.256ms
			SpeedTreePostProcessor.OnPostprocessAllAssets 0.154ms
			TMPro_TexturePostProcessor.OnPostprocessAllAssets 0.110ms
			TextAssetPostProcessor.OnPostprocessAllAssets 0.096ms
			InputActionJsonNameModifierAssetProcessor.OnPostprocessAllAssets 0.067ms
			MaterialPostprocessor.OnPostprocessAllAssets 0.065ms
			PostProcessor.OnPostprocessAllAssets 0.050ms
	GatherAllCurrentPrimaryImportResultRevisions: 0.221ms
	UnloadStreamsBegin: 0.164ms
	PersistCurrentRevisions: 0.488ms
	GenerateScriptTypeHashes: 9.769ms
	GenerateScriptTypeSerializationHashes: 15.552ms
	Untracked: 2113.141ms

Loaded scene 'Temp/__Backupscenes/0.backup'
	Deserialize:            1.220 ms
	Integration:            416.219 ms
	Integration of assets:  0.004 ms
	Thread Wait Time:       0.055 ms
	Total Operation Time:   417.498 ms
[MODES] ModeService[none].Initialize
[MODES] ModeService[none].LoadModes
[Licensing::Client] Successfully resolved entitlement details
[Licensing::Client] Successfully resolved entitlement details
Unloading 137 Unused Serialized files (Serialized files now loaded: 0)
UnloadTime: 0.294300 ms
Loaded scene 'Assets/Scenes/MovementLab.unity'
	Deserialize:            109.317 ms
	Integration:            519.633 ms
	Integration of assets:  52.403 ms
	Thread Wait Time:       -0.080 ms
	Total Operation Time:   681.273 ms
Unloading 210 unused Assets / (3.8 MB). Loaded Objects now: 8751.
Memory consumption went from 232.8 MB to 228.9 MB.
Total: 16.805900 ms (FindLiveObjects: 1.001500 ms CreateObjectMapping: 0.548600 ms MarkObjects: 11.909700 ms  DeleteObjects: 3.342800 ms)

Unloading 10 Unused Serialized files (Serialized files now loaded: 0)
UnloadTime: 8.977600 ms
Loaded scene 'Assets/Scenes/ArtShowcase.unity'
	Deserialize:            10.416 ms
	Integration:            283.961 ms
	Integration of assets:  0.307 ms
	Thread Wait Time:       0.033 ms
	Total Operation Time:   294.717 ms
Unloading 526 unused Assets / (6.0 MB). Loaded Objects now: 8587.
Memory consumption went from 223.5 MB to 217.5 MB.
Total: 14.018800 ms (FindLiveObjects: 0.465400 ms CreateObjectMapping: 0.192800 ms MarkObjects: 11.721500 ms  DeleteObjects: 1.637200 ms)

Unloading 113 Unused Serialized files (Serialized files now loaded: 0)
UnloadTime: 8.356700 ms
Loaded scene 'Assets/Scenes/MovementLab.unity'
	Deserialize:            74.609 ms
	Integration:            337.168 ms
	Integration of assets:  15.806 ms
	Thread Wait Time:       -0.027 ms
	Total Operation Time:   427.556 ms
Unloading 63 unused Assets / (44.5 KB). Loaded Objects now: 8911.
Memory consumption went from 224.1 MB to 224.1 MB.
Total: 17.252900 ms (FindLiveObjects: 0.470900 ms CreateObjectMapping: 0.204900 ms MarkObjects: 16.219200 ms  DeleteObjects: 0.355700 ms)

Unloading 2 Unused Serialized files (Serialized files now loaded: 0)
UnloadTime: 1.598100 ms
Loaded scene 'Assets/Scenes/MovementLab.unity'
	Deserialize:            19.414 ms
	Integration:            373.709 ms
	Integration of assets:  0.392 ms
	Thread Wait Time:       0.049 ms
	Total Operation Time:   393.564 ms
Unloading 39 unused Assets / (5.7 KB). Loaded Objects now: 8915.
Memory consumption went from 224.7 MB to 224.7 MB.
Total: 11.120700 ms (FindLiveObjects: 0.503300 ms CreateObjectMapping: 0.208400 ms MarkObjects: 10.198000 ms  DeleteObjects: 0.208900 ms)

Unloading 2 Unused Serialized files (Serialized files now loaded: 0)
UnloadTime: 0.767900 ms
Loaded scene 'Assets/Scenes/MovementLab.unity'
	Deserialize:            11.386 ms
	Integration:            330.671 ms
	Integration of assets:  0.199 ms
	Thread Wait Time:       2.749 ms
	Total Operation Time:   345.004 ms
Unloading 39 unused Assets / (5.7 KB). Loaded Objects now: 8915.
Memory consumption went from 224.7 MB to 224.7 MB.
Total: 14.167800 ms (FindLiveObjects: 0.633400 ms CreateObjectMapping: 0.378900 ms MarkObjects: 12.967000 ms  DeleteObjects: 0.186500 ms)

Unloading 2 Unused Serialized files (Serialized files now loaded: 0)
UnloadTime: 0.723300 ms
Loaded scene 'Assets/Scenes/MovementLab.unity'
	Deserialize:            13.958 ms
	Integration:            376.086 ms
	Integration of assets:  0.151 ms
	Thread Wait Time:       1.725 ms
	Total Operation Time:   391.921 ms
Unloading 39 unused Assets / (5.7 KB). Loaded Objects now: 8915.
Memory consumption went from 224.7 MB to 224.7 MB.
Total: 16.479800 ms (FindLiveObjects: 0.492900 ms CreateObjectMapping: 0.303000 ms MarkObjects: 15.488800 ms  DeleteObjects: 0.192800 ms)

Unloading 2 Unused Serialized files (Serialized files now loaded: 0)
UnloadTime: 0.720700 ms
Loaded scene 'Assets/Scenes/MovementLab.unity'
	Deserialize:            19.688 ms
	Integration:            327.356 ms
	Integration of assets:  0.370 ms
	Thread Wait Time:       0.041 ms
	Total Operation Time:   347.455 ms
Unloading 39 unused Assets / (5.7 KB). Loaded Objects now: 8915.
Memory consumption went from 224.7 MB to 224.7 MB.
Total: 13.445900 ms (FindLiveObjects: 0.542800 ms CreateObjectMapping: 0.203900 ms MarkObjects: 12.478700 ms  DeleteObjects: 0.218400 ms)

Unloading 2 Unused Serialized files (Serialized files now loaded: 0)
UnloadTime: 0.708400 ms
Loaded scene 'Assets/Scenes/MovementLab.unity'
	Deserialize:            19.983 ms
	Integration:            394.481 ms
	Integration of assets:  0.352 ms
	Thread Wait Time:       0.012 ms
	Total Operation Time:   414.828 ms
Unloading 39 unused Assets / (5.7 KB). Loaded Objects now: 8915.
Memory consumption went from 224.7 MB to 224.7 MB.
Total: 15.163300 ms (FindLiveObjects: 0.710000 ms CreateObjectMapping: 0.926500 ms MarkObjects: 13.436100 ms  DeleteObjects: 0.089400 ms)

Unloading 2 Unused Serialized files (Serialized files now loaded: 0)
UnloadTime: 0.670400 ms
Loaded scene 'Assets/Scenes/MovementLab.unity'
	Deserialize:            14.290 ms
	Integration:            334.447 ms
	Integration of assets:  0.149 ms
	Thread Wait Time:       1.136 ms
	Total Operation Time:   350.022 ms
Unloading 39 unused Assets / (5.7 KB). Loaded Objects now: 8915.
Memory consumption went from 224.7 MB to 224.7 MB.
Total: 12.351700 ms (FindLiveObjects: 0.527900 ms CreateObjectMapping: 0.886700 ms MarkObjects: 10.819800 ms  DeleteObjects: 0.115900 ms)

Unloading 2 Unused Serialized files (Serialized files now loaded: 0)
UnloadTime: 1.589200 ms
Loaded scene 'Assets/Scenes/MovementLab.unity'
	Deserialize:            17.615 ms
	Integration:            387.659 ms
	Integration of assets:  0.352 ms
	Thread Wait Time:       0.055 ms
	Total Operation Time:   405.681 ms
Unloading 39 unused Assets / (5.7 KB). Loaded Objects now: 8915.
Memory consumption went from 224.7 MB to 224.7 MB.
Total: 15.701700 ms (FindLiveObjects: 0.473700 ms CreateObjectMapping: 0.222500 ms MarkObjects: 14.892500 ms  DeleteObjects: 0.110200 ms)

Unloading 2 Unused Serialized files (Serialized files now loaded: 0)
UnloadTime: 0.983100 ms
Loaded scene 'Assets/Scenes/MovementLab.unity'
	Deserialize:            10.609 ms
	Integration:            342.981 ms
	Integration of assets:  0.157 ms
	Thread Wait Time:       2.470 ms
	Total Operation Time:   356.218 ms
Unloading 39 unused Assets / (5.7 KB). Loaded Objects now: 8915.
Memory consumption went from 224.7 MB to 224.7 MB.
Total: 13.187100 ms (FindLiveObjects: 0.445100 ms CreateObjectMapping: 0.199600 ms MarkObjects: 12.092800 ms  DeleteObjects: 0.446900 ms)

Unloading 2 Unused Serialized files (Serialized files now loaded: 0)
UnloadTime: 1.552500 ms
Loaded scene 'Assets/Scenes/MovementLab.unity'
	Deserialize:            17.656 ms
	Integration:            337.136 ms
	Integration of assets:  0.349 ms
	Thread Wait Time:       0.054 ms
	Total Operation Time:   355.196 ms
Unloading 39 unused Assets / (5.7 KB). Loaded Objects now: 8915.
Memory consumption went from 224.7 MB to 224.7 MB.
Total: 12.331600 ms (FindLiveObjects: 0.452000 ms CreateObjectMapping: 0.196800 ms MarkObjects: 11.583300 ms  DeleteObjects: 0.098100 ms)

Unloading 2 Unused Serialized files (Serialized files now loaded: 0)
UnloadTime: 0.773400 ms
Loaded scene 'Assets/Scenes/MovementLab.unity'
	Deserialize:            15.072 ms
	Integration:            313.075 ms
	Integration of assets:  0.354 ms
	Thread Wait Time:       0.041 ms
	Total Operation Time:   328.543 ms
Unloading 39 unused Assets / (5.7 KB). Loaded Objects now: 8915.
Memory consumption went from 224.7 MB to 224.7 MB.
Total: 11.538100 ms (FindLiveObjects: 0.456800 ms CreateObjectMapping: 0.193800 ms MarkObjects: 10.681300 ms  DeleteObjects: 0.204000 ms)

Unloading 2 Unused Serialized files (Serialized files now loaded: 0)
UnloadTime: 0.881800 ms
Loaded scene 'Assets/Scenes/MovementLab.unity'
	Deserialize:            11.028 ms
	Integration:            347.937 ms
	Integration of assets:  0.203 ms
	Thread Wait Time:       2.569 ms
	Total Operation Time:   361.737 ms
Unloading 39 unused Assets / (5.7 KB). Loaded Objects now: 8915.
Memory consumption went from 224.7 MB to 224.7 MB.
Total: 13.053900 ms (FindLiveObjects: 0.465600 ms CreateObjectMapping: 0.205800 ms MarkObjects: 12.287200 ms  DeleteObjects: 0.093700 ms)

Unloading 2 Unused Serialized files (Serialized files now loaded: 0)
UnloadTime: 1.657400 ms
Loaded scene 'Assets/Scenes/MovementLab.unity'
	Deserialize:            12.472 ms
	Integration:            324.907 ms
	Integration of assets:  0.356 ms
	Thread Wait Time:       2.454 ms
	Total Operation Time:   340.189 ms
Unloading 39 unused Assets / (5.7 KB). Loaded Objects now: 8915.
Memory consumption went from 224.7 MB to 224.7 MB.
Total: 13.819700 ms (FindLiveObjects: 1.233900 ms CreateObjectMapping: 0.193100 ms MarkObjects: 12.306100 ms  DeleteObjects: 0.084300 ms)

TrimDiskCacheJob: Current cache size 0mb
Unloading 2 Unused Serialized files (Serialized files now loaded: 0)
UnloadTime: 1.634600 ms
Loaded scene 'Assets/Scenes/MovementLab.unity'
	Deserialize:            13.980 ms
	Integration:            405.234 ms
	Integration of assets:  0.352 ms
	Thread Wait Time:       5.000 ms
	Total Operation Time:   424.566 ms
Unloading 39 unused Assets / (5.7 KB). Loaded Objects now: 8915.
Memory consumption went from 224.8 MB to 224.8 MB.
Total: 14.810800 ms (FindLiveObjects: 0.475900 ms CreateObjectMapping: 0.203800 ms MarkObjects: 13.905100 ms  DeleteObjects: 0.223600 ms)

Unloading 2 Unused Serialized files (Serialized files now loaded: 0)
UnloadTime: 1.480900 ms
Loaded scene 'Assets/Scenes/MovementLab.unity'
	Deserialize:            19.729 ms
	Integration:            406.374 ms
	Integration of assets:  0.375 ms
	Thread Wait Time:       0.001 ms
	Total Operation Time:   426.479 ms
Unloading 39 unused Assets / (5.7 KB). Loaded Objects now: 8915.
Memory consumption went from 224.8 MB to 224.8 MB.
Total: 15.378100 ms (FindLiveObjects: 0.463200 ms CreateObjectMapping: 0.212600 ms MarkObjects: 14.596100 ms  DeleteObjects: 0.104800 ms)

Unloading 2 Unused Serialized files (Serialized files now loaded: 0)
UnloadTime: 0.757000 ms
Loaded scene 'Assets/Scenes/MovementLab.unity'
	Deserialize:            19.791 ms
	Integration:            389.683 ms
	Integration of assets:  0.321 ms
	Thread Wait Time:       0.040 ms
	Total Operation Time:   409.836 ms
Unloading 39 unused Assets / (5.7 KB). Loaded Objects now: 8915.
Memory consumption went from 224.8 MB to 224.8 MB.
Total: 25.170300 ms (FindLiveObjects: 1.069800 ms CreateObjectMapping: 0.624600 ms MarkObjects: 23.273300 ms  DeleteObjects: 0.199700 ms)

Unloading 2 Unused Serialized files (Serialized files now loaded: 0)
UnloadTime: 1.036900 ms
Loaded scene 'Assets/Scenes/MovementLab.unity'
	Deserialize:            20.045 ms
	Integration:            344.077 ms
	Integration of assets:  0.493 ms
	Thread Wait Time:       0.026 ms
	Total Operation Time:   364.642 ms
Unloading 39 unused Assets / (5.7 KB). Loaded Objects now: 8915.
Memory consumption went from 224.8 MB to 224.8 MB.
Total: 13.825200 ms (FindLiveObjects: 0.450500 ms CreateObjectMapping: 0.194600 ms MarkObjects: 13.053000 ms  DeleteObjects: 0.125200 ms)

Unloading 2 Unused Serialized files (Serialized files now loaded: 0)
UnloadTime: 0.963600 ms
Loaded scene 'Assets/Scenes/MovementLab.unity'
	Deserialize:            12.119 ms
	Integration:            350.238 ms
	Integration of assets:  0.201 ms
	Thread Wait Time:       3.442 ms
	Total Operation Time:   366.000 ms
Unloading 39 unused Assets / (5.7 KB). Loaded Objects now: 8915.
Memory consumption went from 224.8 MB to 224.8 MB.
Total: 12.372000 ms (FindLiveObjects: 0.447700 ms CreateObjectMapping: 0.238000 ms MarkObjects: 11.478800 ms  DeleteObjects: 0.205500 ms)

Unloading 2 Unused Serialized files (Serialized files now loaded: 0)
UnloadTime: 1.143000 ms
Loaded scene 'Assets/Scenes/MovementLab.unity'
	Deserialize:            16.132 ms
	Integration:            343.464 ms
	Integration of assets:  0.385 ms
	Thread Wait Time:       0.030 ms
	Total Operation Time:   360.012 ms
Unloading 39 unused Assets / (6.0 KB). Loaded Objects now: 8915.
Memory consumption went from 224.8 MB to 224.8 MB.
Total: 10.350500 ms (FindLiveObjects: 0.500500 ms CreateObjectMapping: 0.291000 ms MarkObjects: 9.367300 ms  DeleteObjects: 0.190100 ms)

Unloading 2 Unused Serialized files (Serialized files now loaded: 0)
UnloadTime: 0.968500 ms
Loaded scene 'Assets/Scenes/MovementLab.unity'
	Deserialize:            19.986 ms
	Integration:            321.881 ms
	Integration of assets:  0.832 ms
	Thread Wait Time:       0.035 ms
	Total Operation Time:   342.733 ms
Unloading 39 unused Assets / (6.0 KB). Loaded Objects now: 8915.
Memory consumption went from 224.8 MB to 224.8 MB.
Total: 13.621800 ms (FindLiveObjects: 0.528100 ms CreateObjectMapping: 0.181200 ms MarkObjects: 12.724700 ms  DeleteObjects: 0.185700 ms)

Unloading 2 Unused Serialized files (Serialized files now loaded: 0)
UnloadTime: 0.891400 ms
Loaded scene 'Assets/Scenes/MovementLab.unity'
	Deserialize:            19.832 ms
	Integration:            317.036 ms
	Integration of assets:  0.361 ms
	Thread Wait Time:       0.051 ms
	Total Operation Time:   337.281 ms
Unloading 39 unused Assets / (5.7 KB). Loaded Objects now: 8915.
Memory consumption went from 224.8 MB to 224.8 MB.
Total: 13.393200 ms (FindLiveObjects: 0.447100 ms CreateObjectMapping: 0.265900 ms MarkObjects: 12.587700 ms  DeleteObjects: 0.091400 ms)

Unloading 2 Unused Serialized files (Serialized files now loaded: 0)
UnloadTime: 0.694500 ms
Loaded scene 'Assets/Scenes/MovementLab.unity'
	Deserialize:            11.964 ms
	Integration:            330.176 ms
	Integration of assets:  0.165 ms
	Thread Wait Time:       2.653 ms
	Total Operation Time:   344.958 ms
Unloading 39 unused Assets / (5.7 KB). Loaded Objects now: 8915.
Memory consumption went from 224.8 MB to 224.8 MB.
Total: 11.840800 ms (FindLiveObjects: 0.440400 ms CreateObjectMapping: 0.320400 ms MarkObjects: 10.873300 ms  DeleteObjects: 0.204600 ms)

Unloading 2 Unused Serialized files (Serialized files now loaded: 0)
UnloadTime: 0.657400 ms
Loaded scene 'Assets/Scenes/MovementLab.unity'
	Deserialize:            10.325 ms
	Integration:            311.977 ms
	Integration of assets:  0.163 ms
	Thread Wait Time:       4.845 ms
	Total Operation Time:   327.311 ms
Unloading 39 unused Assets / (5.7 KB). Loaded Objects now: 8915.
Memory consumption went from 224.8 MB to 224.8 MB.
Total: 11.984600 ms (FindLiveObjects: 0.507400 ms CreateObjectMapping: 0.206200 ms MarkObjects: 11.161800 ms  DeleteObjects: 0.107600 ms)

Unloading 2 Unused Serialized files (Serialized files now loaded: 0)
UnloadTime: 0.993800 ms
Loaded scene 'Assets/Scenes/MovementLab.unity'
	Deserialize:            19.267 ms
	Integration:            327.718 ms
	Integration of assets:  0.356 ms
	Thread Wait Time:       0.024 ms
	Total Operation Time:   347.365 ms
Unloading 39 unused Assets / (5.7 KB). Loaded Objects now: 8915.
Memory consumption went from 224.8 MB to 224.8 MB.
Total: 14.478800 ms (FindLiveObjects: 0.625300 ms CreateObjectMapping: 0.224300 ms MarkObjects: 13.475100 ms  DeleteObjects: 0.152200 ms)

Unloading 2 Unused Serialized files (Serialized files now loaded: 0)
UnloadTime: 0.611400 ms
Loaded scene 'Assets/Scenes/MovementLab.unity'
	Deserialize:            18.149 ms
	Integration:            308.050 ms
	Integration of assets:  0.281 ms
	Thread Wait Time:       0.031 ms
	Total Operation Time:   326.511 ms
Unloading 39 unused Assets / (5.7 KB). Loaded Objects now: 8915.
Memory consumption went from 224.8 MB to 224.8 MB.
Total: 12.963200 ms (FindLiveObjects: 1.648500 ms CreateObjectMapping: 0.631900 ms MarkObjects: 10.591200 ms  DeleteObjects: 0.090000 ms)

Unloading 2 Unused Serialized files (Serialized files now loaded: 0)
UnloadTime: 0.646500 ms
Loaded scene 'Assets/Scenes/MovementLab.unity'
	Deserialize:            16.927 ms
	Integration:            288.735 ms
	Integration of assets:  0.374 ms
	Thread Wait Time:       0.055 ms
	Total Operation Time:   306.092 ms
Unloading 39 unused Assets / (6.0 KB). Loaded Objects now: 8915.
Memory consumption went from 224.8 MB to 224.8 MB.
Total: 13.119600 ms (FindLiveObjects: 1.121100 ms CreateObjectMapping: 0.218600 ms MarkObjects: 11.592900 ms  DeleteObjects: 0.184100 ms)

Unloading 2 Unused Serialized files (Serialized files now loaded: 0)
UnloadTime: 0.640300 ms
Loaded scene 'Assets/Scenes/MovementLab.unity'
	Deserialize:            11.625 ms
	Integration:            322.366 ms
	Integration of assets:  0.171 ms
	Thread Wait Time:       3.764 ms
	Total Operation Time:   337.926 ms
Unloading 39 unused Assets / (5.7 KB). Loaded Objects now: 8915.
Memory consumption went from 224.8 MB to 224.8 MB.
Total: 10.609700 ms (FindLiveObjects: 1.037700 ms CreateObjectMapping: 0.667700 ms MarkObjects: 8.809200 ms  DeleteObjects: 0.092300 ms)

Unloading 2 Unused Serialized files (Serialized files now loaded: 0)
UnloadTime: 0.694700 ms
Loaded scene 'Assets/Scenes/MovementLab.unity'
	Deserialize:            19.381 ms
	Integration:            311.604 ms
	Integration of assets:  0.591 ms
	Thread Wait Time:       0.032 ms
	Total Operation Time:   331.608 ms
Unloading 39 unused Assets / (5.7 KB). Loaded Objects now: 8915.
Memory consumption went from 224.8 MB to 224.8 MB.
Total: 13.690300 ms (FindLiveObjects: 0.499500 ms CreateObjectMapping: 0.190600 ms MarkObjects: 12.904400 ms  DeleteObjects: 0.094400 ms)

Unloading 2 Unused Serialized files (Serialized files now loaded: 0)
UnloadTime: 0.679900 ms
Loaded scene 'Assets/Scenes/MovementLab.unity'
	Deserialize:            11.352 ms
	Integration:            319.932 ms
	Integration of assets:  0.149 ms
	Thread Wait Time:       3.391 ms
	Total Operation Time:   334.824 ms
Unloading 39 unused Assets / (5.7 KB). Loaded Objects now: 8915.
Memory consumption went from 224.8 MB to 224.8 MB.
Total: 12.493500 ms (FindLiveObjects: 0.486500 ms CreateObjectMapping: 0.196700 ms MarkObjects: 11.716400 ms  DeleteObjects: 0.092700 ms)

Unloading 2 Unused Serialized files (Serialized files now loaded: 0)
UnloadTime: 0.933900 ms
Loaded scene 'Assets/Scenes/MovementLab.unity'
	Deserialize:            18.243 ms
	Integration:            309.156 ms
	Integration of assets:  0.351 ms
	Thread Wait Time:       0.065 ms
	Total Operation Time:   327.814 ms
Unloading 39 unused Assets / (6.0 KB). Loaded Objects now: 8915.
Memory consumption went from 224.8 MB to 224.8 MB.
Total: 16.197600 ms (FindLiveObjects: 1.078000 ms CreateObjectMapping: 0.391900 ms MarkObjects: 14.530800 ms  DeleteObjects: 0.193400 ms)

Unloading 2 Unused Serialized files (Serialized files now loaded: 0)
UnloadTime: 0.709500 ms
Loaded scene 'Assets/Scenes/MovementLab.unity'
	Deserialize:            19.722 ms
	Integration:            320.756 ms
	Integration of assets:  0.299 ms
	Thread Wait Time:       0.054 ms
	Total Operation Time:   340.831 ms
Unloading 39 unused Assets / (5.7 KB). Loaded Objects now: 8915.
Memory consumption went from 224.8 MB to 224.8 MB.
Total: 13.089700 ms (FindLiveObjects: 0.521800 ms CreateObjectMapping: 0.221400 ms MarkObjects: 12.246400 ms  DeleteObjects: 0.098400 ms)

Unloading 2 Unused Serialized files (Serialized files now loaded: 0)
UnloadTime: 0.754800 ms
Loaded scene 'Assets/Scenes/MovementLab.unity'
	Deserialize:            12.383 ms
	Integration:            312.188 ms
	Integration of assets:  0.190 ms
	Thread Wait Time:       2.937 ms
	Total Operation Time:   327.698 ms
Unloading 39 unused Assets / (5.7 KB). Loaded Objects now: 8915.
Memory consumption went from 224.8 MB to 224.8 MB.
Total: 10.991100 ms (FindLiveObjects: 0.442300 ms CreateObjectMapping: 0.201100 ms MarkObjects: 10.255400 ms  DeleteObjects: 0.091100 ms)

Unloading 2 Unused Serialized files (Serialized files now loaded: 0)
UnloadTime: 0.993400 ms
Loaded scene 'Assets/Scenes/MovementLab.unity'
	Deserialize:            12.195 ms
	Integration:            309.314 ms
	Integration of assets:  0.346 ms
	Thread Wait Time:       0.552 ms
	Total Operation Time:   322.408 ms
Unloading 39 unused Assets / (5.7 KB). Loaded Objects now: 8915.
Memory consumption went from 224.8 MB to 224.8 MB.
Total: 16.639900 ms (FindLiveObjects: 0.453400 ms CreateObjectMapping: 0.194200 ms MarkObjects: 15.900200 ms  DeleteObjects: 0.090700 ms)

Unloading 2 Unused Serialized files (Serialized files now loaded: 0)
UnloadTime: 0.642400 ms
Loaded scene 'Assets/Scenes/MovementLab.unity'
	Deserialize:            19.665 ms
	Integration:            322.893 ms
	Integration of assets:  0.311 ms
	Thread Wait Time:       0.029 ms
	Total Operation Time:   342.897 ms
Unloading 39 unused Assets / (5.7 KB). Loaded Objects now: 8915.
Memory consumption went from 224.8 MB to 224.8 MB.
Total: 11.522500 ms (FindLiveObjects: 0.441800 ms CreateObjectMapping: 0.192900 ms MarkObjects: 10.679100 ms  DeleteObjects: 0.206900 ms)

Unloading 2 Unused Serialized files (Serialized files now loaded: 0)
UnloadTime: 0.912100 ms
Loaded scene 'Assets/Scenes/MovementLab.unity'
	Deserialize:            15.552 ms
	Integration:            317.858 ms
	Integration of assets:  0.532 ms
	Thread Wait Time:       0.034 ms
	Total Operation Time:   333.975 ms
Unloading 39 unused Assets / (6.0 KB). Loaded Objects now: 8915.
Memory consumption went from 224.8 MB to 224.8 MB.
Total: 14.660000 ms (FindLiveObjects: 0.422600 ms CreateObjectMapping: 0.208300 ms MarkObjects: 13.837300 ms  DeleteObjects: 0.189800 ms)

Unloading 2 Unused Serialized files (Serialized files now loaded: 0)
UnloadTime: 0.627900 ms
Loaded scene 'Assets/Scenes/MovementLab.unity'
	Deserialize:            18.588 ms
	Integration:            308.471 ms
	Integration of assets:  0.327 ms
	Thread Wait Time:       -0.009 ms
	Total Operation Time:   327.376 ms
Unloading 39 unused Assets / (5.7 KB). Loaded Objects now: 8915.
Memory consumption went from 224.8 MB to 224.8 MB.
Total: 12.649200 ms (FindLiveObjects: 1.035700 ms CreateObjectMapping: 0.768000 ms MarkObjects: 10.657100 ms  DeleteObjects: 0.185900 ms)

Unloading 2 Unused Serialized files (Serialized files now loaded: 0)
UnloadTime: 0.662000 ms
Loaded scene 'Assets/Scenes/MovementLab.unity'
	Deserialize:            17.905 ms
	Integration:            312.558 ms
	Integration of assets:  0.287 ms
	Thread Wait Time:       0.058 ms
	Total Operation Time:   330.809 ms
Unloading 39 unused Assets / (6.3 KB). Loaded Objects now: 8915.
Memory consumption went from 224.8 MB to 224.8 MB.
Total: 11.471700 ms (FindLiveObjects: 0.432100 ms CreateObjectMapping: 0.188000 ms MarkObjects: 10.761000 ms  DeleteObjects: 0.089600 ms)

Unloading 2 Unused Serialized files (Serialized files now loaded: 0)
UnloadTime: 0.696600 ms
Loaded scene 'Assets/Scenes/MovementLab.unity'
	Deserialize:            16.563 ms
	Integration:            327.164 ms
	Integration of assets:  0.307 ms
	Thread Wait Time:       0.047 ms
	Total Operation Time:   344.082 ms
Unloading 39 unused Assets / (6.0 KB). Loaded Objects now: 8915.
Memory consumption went from 224.8 MB to 224.8 MB.
Total: 12.579300 ms (FindLiveObjects: 0.446300 ms CreateObjectMapping: 0.222600 ms MarkObjects: 11.722200 ms  DeleteObjects: 0.185800 ms)

Unloading 2 Unused Serialized files (Serialized files now loaded: 0)
UnloadTime: 1.512700 ms
Loaded scene 'Assets/Scenes/MovementLab.unity'
	Deserialize:            10.523 ms
	Integration:            325.712 ms
	Integration of assets:  0.472 ms
	Thread Wait Time:       2.965 ms
	Total Operation Time:   339.673 ms
Unloading 39 unused Assets / (5.7 KB). Loaded Objects now: 8915.
Memory consumption went from 224.8 MB to 224.8 MB.
Total: 13.231200 ms (FindLiveObjects: 0.449900 ms CreateObjectMapping: 0.194300 ms MarkObjects: 12.500000 ms  DeleteObjects: 0.085300 ms)

Unloading 2 Unused Serialized files (Serialized files now loaded: 0)
UnloadTime: 0.819600 ms
Loaded scene 'Assets/Scenes/MovementLab.unity'
	Deserialize:            16.864 ms
	Integration:            312.458 ms
	Integration of assets:  0.308 ms
	Thread Wait Time:       -0.001 ms
	Total Operation Time:   329.630 ms
Unloading 39 unused Assets / (5.7 KB). Loaded Objects now: 8915.
Memory consumption went from 224.8 MB to 224.8 MB.
Total: 10.556200 ms (FindLiveObjects: 0.442500 ms CreateObjectMapping: 0.205700 ms MarkObjects: 9.816500 ms  DeleteObjects: 0.090200 ms)

Unloading 2 Unused Serialized files (Serialized files now loaded: 0)
UnloadTime: 0.701000 ms
Loaded scene 'Assets/Scenes/MovementLab.unity'
	Deserialize:            18.384 ms
	Integration:            316.262 ms
	Integration of assets:  0.271 ms
	Thread Wait Time:       0.054 ms
	Total Operation Time:   334.972 ms
Unloading 39 unused Assets / (5.7 KB). Loaded Objects now: 8915.
Memory consumption went from 224.8 MB to 224.8 MB.
Total: 19.387900 ms (FindLiveObjects: 0.868100 ms CreateObjectMapping: 1.080300 ms MarkObjects: 17.245900 ms  DeleteObjects: 0.191500 ms)

Unloading 2 Unused Serialized files (Serialized files now loaded: 0)
UnloadTime: 0.664000 ms
Loaded scene 'Assets/Scenes/MovementLab.unity'
	Deserialize:            9.801 ms
	Integration:            336.152 ms
	Integration of assets:  0.161 ms
	Thread Wait Time:       5.116 ms
	Total Operation Time:   351.230 ms
Unloading 39 unused Assets / (5.7 KB). Loaded Objects now: 8915.
Memory consumption went from 224.8 MB to 224.8 MB.
Total: 10.172100 ms (FindLiveObjects: 0.567400 ms CreateObjectMapping: 0.195900 ms MarkObjects: 9.312400 ms  DeleteObjects: 0.094300 ms)

Unloading 2 Unused Serialized files (Serialized files now loaded: 0)
UnloadTime: 0.629900 ms
Loaded scene 'Assets/Scenes/MovementLab.unity'
	Deserialize:            12.669 ms
	Integration:            307.184 ms
	Integration of assets:  0.155 ms
	Thread Wait Time:       2.951 ms
	Total Operation Time:   322.958 ms
Unloading 39 unused Assets / (5.7 KB). Loaded Objects now: 8915.
Memory consumption went from 224.8 MB to 224.8 MB.
Total: 10.168600 ms (FindLiveObjects: 0.444000 ms CreateObjectMapping: 0.194900 ms MarkObjects: 9.437500 ms  DeleteObjects: 0.091300 ms)

Unloading 2 Unused Serialized files (Serialized files now loaded: 0)
UnloadTime: 0.643400 ms
Loaded scene 'Assets/Scenes/MovementLab.unity'
	Deserialize:            14.632 ms
	Integration:            321.118 ms
	Integration of assets:  0.144 ms
	Thread Wait Time:       0.592 ms
	Total Operation Time:   336.485 ms
Unloading 39 unused Assets / (5.7 KB). Loaded Objects now: 8914.
Memory consumption went from 224.3 MB to 224.3 MB.
Total: 12.505900 ms (FindLiveObjects: 0.786500 ms CreateObjectMapping: 0.920200 ms MarkObjects: 10.706600 ms  DeleteObjects: 0.090800 ms)

Unloading 2 Unused Serialized files (Serialized files now loaded: 0)
UnloadTime: 0.621600 ms
Loaded scene 'Assets/Scenes/MovementLab.unity'
	Deserialize:            19.267 ms
	Integration:            330.910 ms
	Integration of assets:  0.393 ms
	Thread Wait Time:       0.056 ms
	Total Operation Time:   350.626 ms
Unloading 39 unused Assets / (5.7 KB). Loaded Objects now: 8914.
Memory consumption went from 224.3 MB to 224.3 MB.
Total: 12.184000 ms (FindLiveObjects: 0.428800 ms CreateObjectMapping: 0.191800 ms MarkObjects: 11.254200 ms  DeleteObjects: 0.306300 ms)

Unloading 2 Unused Serialized files (Serialized files now loaded: 0)
UnloadTime: 0.737900 ms
Loaded scene 'Assets/Scenes/MovementLab.unity'
	Deserialize:            13.432 ms
	Integration:            323.063 ms
	Integration of assets:  0.308 ms
	Thread Wait Time:       2.523 ms
	Total Operation Time:   339.327 ms
Unloading 39 unused Assets / (5.7 KB). Loaded Objects now: 8936.
Memory consumption went from 224.7 MB to 224.7 MB.
Total: 13.316900 ms (FindLiveObjects: 0.517100 ms CreateObjectMapping: 0.242800 ms MarkObjects: 12.467800 ms  DeleteObjects: 0.087400 ms)

Unloading 2 Unused Serialized files (Serialized files now loaded: 0)
UnloadTime: 0.667900 ms
Loaded scene 'Assets/Scenes/MovementLab.unity'
	Deserialize:            8.531 ms
	Integration:            354.973 ms
	Integration of assets:  0.177 ms
	Thread Wait Time:       3.098 ms
	Total Operation Time:   366.779 ms
Unloading 39 unused Assets / (5.7 KB). Loaded Objects now: 8934.
Memory consumption went from 224.7 MB to 224.7 MB.
Total: 12.924800 ms (FindLiveObjects: 0.612000 ms CreateObjectMapping: 0.206500 ms MarkObjects: 11.903200 ms  DeleteObjects: 0.201200 ms)

Unloading 2 Unused Serialized files (Serialized files now loaded: 0)
UnloadTime: 0.726300 ms
Loaded scene 'Assets/Scenes/MovementLab.unity'
	Deserialize:            17.707 ms
	Integration:            328.717 ms
	Integration of assets:  0.338 ms
	Thread Wait Time:       0.028 ms
	Total Operation Time:   346.791 ms
Unloading 39 unused Assets / (5.7 KB). Loaded Objects now: 8934.
Memory consumption went from 224.7 MB to 224.7 MB.
Total: 10.650700 ms (FindLiveObjects: 0.443200 ms CreateObjectMapping: 0.188400 ms MarkObjects: 9.802100 ms  DeleteObjects: 0.215200 ms)

Saving results to: C:/Users/pedro/AppData/LocalLow/DefaultCompany/rustline\TestResults.xml
Saving results to: C:\Projetos\Github\rustline\TestResults-play-full-rerun.xml
Unloading 1 Unused Serialized files (Serialized files now loaded: 0)
Loaded scene 'Temp/__Backupscenes/0.backup'
	Deserialize:            0.784 ms
	Integration:            277.342 ms
	Integration of assets:  0.004 ms
	Thread Wait Time:       0.042 ms
	Total Operation Time:   278.173 ms
Unloading 613 unused Assets / (8.0 MB). Loaded Objects now: 7958.
Memory consumption went from 222.2 MB to 214.2 MB.
Total: 16.126900 ms (FindLiveObjects: 1.420500 ms CreateObjectMapping: 0.850100 ms MarkObjects: 11.478700 ms  DeleteObjects: 2.374700 ms)

[Licensing::Client] Successfully resolved entitlement details
Start importing Assets/InputSystem_Actions.inputactions using Guid(2bcd2660ca9b64942af0de543d8d7100) (ScriptedImporter) -> (Import Result ID: 'af5f5f99e9f6fa7e60b5d1b4713285e7') in 0.0386779 seconds [static and dynamic dependencies]. Details - ImportResultOutputID=2d28ec2e7f1b6645d07bcb973de8898e DependenciesID=d99e0b6f14d90199a6ead731d07ff0c8 StaticDependenciesID=cf04696b4fd62d8edaf3e095d2625c99 
Asset Pipeline Refresh (id=fd0aa1104ebd8ab4284028b3c07f6bb8): Total: 0.181 seconds - Initiated by StopAssetImportingV2(NoUpdateAssetOptions)
Executing IPostBuildCleanup for: Unity.PerformanceTesting.Editor.TestRunBuilder.
UnityEngine.Debug:ExtractStackTraceNoAlloc (byte*,int,string)
UnityEngine.StackTraceUtility:ExtractStackTrace ()
UnityEngine.DebugLogHandler:Internal_Log (UnityEngine.LogType,UnityEngine.LogOption,string,UnityEngine.Object)
UnityEngine.DebugLogHandler:LogFormat (UnityEngine.LogType,UnityEngine.Object,string,object[])
UnityEngine.Logger:Log (UnityEngine.LogType,object)
UnityEngine.Debug:Log (object)
UnityEditor.TestTools.TestRunner.TestRun.Tasks.BuildActionTaskBase`1/<ExecuteMethods>d__8<UnityEngine.TestTools.IPostBuildCleanup>:MoveNext () (at ./Library/PackageCache/com.unity.test-framework@629486125cfc/UnityEditor.TestRunner/TestRun/Tasks/BuildActionTaskBase.cs:48)
UnityEditor.TestTools.TestRunner.TestRun.Tasks.BuildActionTaskBase`1/<Execute>d__7<UnityEngine.TestTools.IPostBuildCleanup>:MoveNext () (at ./Library/PackageCache/com.unity.test-framework@629486125cfc/UnityEditor.TestRunner/TestRun/Tasks/BuildActionTaskBase.cs:34)
UnityEditor.TestTools.TestRunner.TestRun.TestJobRunner:ExecuteStep () (at ./Library/PackageCache/com.unity.test-framework@629486125cfc/UnityEditor.TestRunner/TestRun/TestJobRunner.cs:173)
UnityEditor.TestTools.TestRunner.TestRun.TestJobRunner:ExecuteCallback () (at ./Library/PackageCache/com.unity.test-framework@629486125cfc/UnityEditor.TestRunner/TestRun/TestJobRunner.cs:108)
UnityEditor.EditorApplication:Internal_CallUpdateFunctions ()

(Filename: ./Library/PackageCache/com.unity.test-framework@629486125cfc/UnityEditor.TestRunner/TestRun/Tasks/BuildActionTaskBase.cs Line: 48)

Asset Pipeline Refresh (id=ef7d3a4e160ac6346bd4722a260e6587): Total: 0.024 seconds - Initiated by RefreshV2(NoUpdateAssetOptions)
Unloading 0 Unused Serialized files (Serialized files now loaded: 0)
Unloading 11 unused Assets / (229 B). Loaded Objects now: 7960.
Memory consumption went from 209.8 MB to 209.8 MB.
Total: 15.453400 ms (FindLiveObjects: 0.476800 ms CreateObjectMapping: 0.463500 ms MarkObjects: 14.441100 ms  DeleteObjects: 0.069300 ms)

Refreshing native plugins compatible for Editor in 2.09 ms, found 4 plugins.
Asset Pipeline Refresh (id=5fc1c767c231be945bc3cd78614093e8): Total: 0.090 seconds - Initiated by StopAssetImportingV2(NoUpdateAssetOptions)
DisplayProgressbar: Undo
Test run completed. Exiting with code 2 (Failed). One or more tests failed.
UnityEngine.Debug:ExtractStackTraceNoAlloc (byte*,int,string)
UnityEngine.StackTraceUtility:ExtractStackTrace ()
UnityEngine.DebugLogHandler:Internal_Log (UnityEngine.LogType,UnityEngine.LogOption,string,UnityEngine.Object)
UnityEngine.DebugLogHandler:LogFormat (UnityEngine.LogType,UnityEngine.Object,string,object[])
UnityEngine.Logger:Log (UnityEngine.LogType,object)
UnityEngine.Debug:Log (object)
UnityEditor.TestTools.TestRunner.CommandLineTest.Executer:ExitApplication (UnityEditor.TestTools.TestRunner.CommandLineTest.Executer/ReturnCodes,string) (at ./Library/PackageCache/com.unity.test-framework@629486125cfc/UnityEditor.TestRunner/CommandLineTest/Executer.cs:81)
UnityEditor.TestTools.TestRunner.CommandLineTest.Executer:ExitIfRunIsCompleted () (at ./Library/PackageCache/com.unity.test-framework@629486125cfc/UnityEditor.TestRunner/CommandLineTest/Executer.cs:74)
UnityEditor.EditorApplication:Internal_CallUpdateFunctions ()

(Filename: ./Library/PackageCache/com.unity.test-framework@629486125cfc/UnityEditor.TestRunner/CommandLineTest/Executer.cs Line: 81)

Killing ADB server in 0,1070144 seconds.
Start importing ProjectSettings/ProjectSettings.asset using Guid(00000000000000004000000000000000) (LibraryAssetImporter) -> (Import Result ID: '2ea6a66ad79925f4cf032bc47c4dbbbf') in 0.0064304 seconds [static dependencies only]. Details - ImportResultOutputID=d3ca6db29495033f6ec6c171ea098da8 DependenciesID=7b5c03a2a78cf02f8b5f6802ebc2e3d9 StaticDependenciesID=232debac4b0978b6f90dfd30c2b6d877 
Start importing ProjectSettings/EditorBuildSettings.asset using Guid(0000000000000000b000000000000000) (LibraryAssetImporter) -> (Import Result ID: 'cd1ce71548b9ee633da218268b740ec7') in 0.0040186 seconds [static dependencies only]. Details - ImportResultOutputID=d777934f36c664454d62eda103573334 DependenciesID=447f903d95fc560fbfc007d6bd9b0689 StaticDependenciesID=6786a4a19d2fa6f0ed46c23aa2249e01 
Refreshing native plugins compatible for Editor in 2.28 ms, found 4 plugins.
Asset Pipeline Refresh (id=263c0c2de7f4811418af1b8d83e1c399): Total: 0.048 seconds - Initiated by StopAssetImportingV2(NoUpdateAssetOptions)
[Physics::Module] Cleanup current backend.
[Physics::Module] Id: 0xf2b8ea05
Input System module state changed to: ShutdownInProgress.
Input Polling Thread exited.
Input System module state changed to: Shutdown.
[Licensing::IpcConnector] LicenseClient-pedro-6000.4.0-notifications channel disconnected successfully.
[Licensing::IpcConnector] LicenseClient-pedro-6000.4.0 channel disconnected successfully.
AcceleratorClientConnectionCallback - disconnected - :0
Cleanup mono
CodeReloadManager destroyed
Checking for leaked weakptr:
  Found no leaked weakptrs.
[Package Manager] Server process was shutdown
##utp:{"type":"MemoryLeaks","version":2,"phase":"Immediate","time":1788983808693,"processId":51732,"allocatedMemory":16472934,"memoryLabels":[{"Default":202282},{"Permanent":15268},{"NewDelete":66259},{"Thread":4230384},{"Manager":819661},{"VertexData":392},{"Geometry":816},{"Texture":24},{"Shader":850207},{"Material":24},{"GfxDevice":55601},{"Animation":392},{"Audio":2632},{"FreeType":8},{"FontEngine":736},{"Physics":2090},{"Physics2D":16},{"Serialization":568},{"Input":9880},{"JobScheduler":33024},{"TextLib":216},{"Mono":32},{"MonoCode":64},{"ScriptingNativeRuntime":155052},{"BaseObject":1620752},{"Resource":1184},{"Renderer":3000},{"Transform":4685},{"File":18634},{"WebCam":616},{"Culling":32},{"Terrain":11394},{"Wind":24},{"STL":40},{"String":13648},{"StaticString":6718},{"Utility":2672774},{"Curl":2498},{"PoolAlloc":2264},{"AI":80},{"TypeTree":26725},{"ScriptManager":448},{"RuntimeInitializeOnLoadManager":64},{"SpriteAtlas":120},{"GI":7792},{"Director":8320},{"CloudService":432},{"WebRequest":848},{"VR":48050},{"SceneManager":504},{"Video":208},{"LazyScriptCache":32},{"Camera":17},{"Secure":2113},{"SerializationCache":1576},{"APIUpdating":10320},{"Subsystems":336},{"VirtualTexturing":57888},{"StaticSafetyDebugInfo":278528},{"Analytics":336},{"Hierarchy":608},{"CoreStats":13032},{"Identifiers":12960},{"Gui":128},{"EditorUtility":123530},{"VersionControl":4},{"Undo":931},{"AssetDatabase":5019343},{"EditorGi":328},{"UnityConnect":37777},{"Upm":1904},{"AssetCompliance":64},{"DrivenProperties":72},{"LocalIPC":211},{"ProfilerEditor":9746},{"CoreBusinessMetrics":2588},{"Windowing":456},{"Licensing":664},{"AssetReference":32},{"IPCStream":32}]}
